EVA2_11_EMPRESA

MySQL Shell 8.0.38

Copyright (c) 2016, 2024, Oracle and/or its affiliates.
Oracle is a registered trademark of Oracle Corporation and/or its affiliates.
Other names may be trademarks of their respective owners.

Type '\help' or '\?' for help; '\quit' to exit.
 MySQL  JS > \sql
Switching to SQL mode... Commands end with ;
 MySQL  SQL > \connect --mc root@localhost
Creating a Classic session to 'root@localhost'
Fetching global names for auto-completion... Press ^C to stop.
Your MySQL connection id is 10
Server version: 8.0.39 MySQL Community Server - GPL
No default schema selected; type \use <schema> to set one.
 MySQL  localhost:3306 ssl  SQL > use empresa;
Default schema set to `empresa`.
Fetching global names, object names from `empresa` for auto-completion... Press ^C to stop.
 MySQL  localhost:3306 ssl  empresa  SQL > drop database empresa;
Query OK, 9 rows affected (0.3884 sec)
 MySQL  localhost:3306 ssl  empresa  SQL > CREATE TABLE countries (
                                        -> COUNTRY_ID varchar(2) NOT NULL,
                                        -> COUNTRY_NAME varchar(40) DEFAULT NULL,
                                        -> REGION_ID decimal(10,0) DEFAULT NULL,
                                        -> PRIMARY KEY (COUNTRY_ID),
                                        -> KEY COUNTR_REG_FK (REGION_ID));
ERROR: 1046 (3D000): No database selected
 MySQL  localhost:3306 ssl  empresa  SQL > create database empresa;
Query OK, 1 row affected (0.0183 sec)
 MySQL  localhost:3306 ssl  empresa  SQL > CREATE TABLE countries (
                                        -> COUNTRY_ID varchar(2) NOT NULL,
                                        -> COUNTRY_NAME varchar(40) DEFAULT NULL,
                                        -> REGION_ID decimal(10,0) DEFAULT NULL,
                                        -> PRIMARY KEY (COUNTRY_ID),
                                        -> KEY COUNTR_REG_FK (REGION_ID));
ERROR: 1046 (3D000): No database selected
 MySQL  localhost:3306 ssl  empresa  SQL > use empresa;
Default schema set to `empresa`.
Fetching global names, object names from `empresa` for auto-completion... Press ^C to stop.
 MySQL  localhost:3306 ssl  empresa  SQL > CREATE TABLE countries (
                                        -> COUNTRY_ID varchar(2) NOT NULL,
                                        -> COUNTRY_NAME varchar(40) DEFAULT NULL,
                                        -> REGION_ID decimal(10,0) DEFAULT NULL,
                                        -> PRIMARY KEY (COUNTRY_ID),
                                        -> KEY COUNTR_REG_FK (REGION_ID));
Query OK, 0 rows affected (0.0503 sec)
 MySQL  localhost:3306 ssl  empresa  SQL > INSERT INTO countries
                                        -> VALUES ('AR','Argentina',2),
                                        -> ('AU','Australia',3),
                                        -> ('BE','Belgium',1),
                                        -> ('BR','Brazil',2),
                                        -> ('CA','Canada',2),
                                        -> ('CH','Switzerland',1),
                                        -> ('CN','China',3),
                                        -> ('DE','Germany',1),
                                        -> ('DK','Denmark',1),
                                        -> ('EG','Egypt',4),
                                        -> ('FR','France',1),
                                        -> ('HK','HongKong',3),
                                        -> ('IL','Israel',4),
                                        -> ('IN','India',3),
                                        -> ('IT','Italy',1),
                                        -> ('JP','Japan',3),
                                        -> ('KW','Kuwait',4),
                                        -> ('MX','Mexico',2),
                                        -> ('NG','Nigeria',4),
                                        -> ('NL','Netherlands',1),
                                        -> ('SG','Singapore',3),
                                        -> ('UK','United Kingdom',1),
                                        -> ('US','United States of America',2),
                                        -> ('ZM','Zambia',4),
                                        -> ('ZW','Zimbabwe',4);
Query OK, 25 rows affected (0.0104 sec)

Records: 25  Duplicates: 0  Warnings: 0
 MySQL  localhost:3306 ssl  empresa  SQL >
 MySQL  localhost:3306 ssl  empresa  SQL > CREATE TABLE departments (
                                        -> DEPARTMENT_ID decimal(4,0) NOT NULL DEFAULT '0',
                                        -> DEPARTMENT_NAME varchar(30) NOT NULL,
                                        -> MANAGER_ID decimal(6,0) DEFAULT NULL,
                                        -> LOCATION_ID decimal(4,0) DEFAULT NULL,
                                        -> PRIMARY KEY (DEPARTMENT_ID),
                                        -> KEY DEPT_MGR_FK (MANAGER_ID),
                                        -> KEY DEPT_LOCATION_IX (LOCATION_ID));
Query OK, 0 rows affected (0.0295 sec)
 MySQL  localhost:3306 ssl  empresa  SQL >
 MySQL  localhost:3306 ssl  empresa  SQL > INSERT INTO departments
                                        -> VALUES (10,'Administration',200,1700),
                                        -> (20,'Marketing',201,1800),
                                        -> (30,'Purchasing',114,1700),
                                        -> (40,'Human Resources',203,2400),
                                        -> (50,'Shipping',121,1500),
                                        -> (60,'IT',103,1400),
                                        -> (70,'Public Relations',204,2700),

                                        -> (80,'Sales',145,2500),
                                        -> (90,'Executive',100,1700),
                                        -> (100,'Finance',108,1700),
                                        -> (110,'Accounting',205,1700),
                                        -> (120,'Treasury',0,1700),
                                        -> (130,'Corporate Tax',0,1700),
                                        -> (140,'Control And Credit',0,1700),
                                        -> (150,'Shareholder Services',0,1700),
                                        -> (160,'Benefits',0,1700),
                                        -> (170,'Manufacturing',0,1700),
                                        -> (180,'Construction',0,1700),
                                        -> (190,'Contracting',0,1700),
                                        -> (200,'Operations',0,1700),
                                        -> (210,'IT Support',0,1700),
                                        -> (220,'NOC',0,1700),
                                        -> (230,'IT Helpdesk',0,1700),
                                        -> (240,'Government Sales',0,1700),
                                        -> (250,'Retail Sales',0,1700),
                                        -> (260,'Recruiting',0,1700),
                                        -> (270,'Payroll',0,1700);
Query OK, 27 rows affected (0.0126 sec)

Records: 27  Duplicates: 0  Warnings: 0
 MySQL  localhost:3306 ssl  empresa  SQL > CREATE TABLE employees (
                                        -> EMPLOYEE_ID decimal(6,0) NOT NULL DEFAULT '0',
                                        -> FIRST_NAME varchar(20) DEFAULT NULL,
                                        -> LAST_NAME varchar(25) NOT NULL,
                                        -> EMAIL varchar(25) NOT NULL,
                                        -> PHONE_NUMBER varchar(20) DEFAULT NULL,
                                        -> HIRE_DATE date NOT NULL,
                                        -> JOB_ID varchar(10) NOT NULL,
                                        -> SALARY decimal(8,2) DEFAULT NULL,

                                        -> COMMISSION_PCT decimal(2,2) DEFAULT NULL,
                                        -> MANAGER_ID decimal(6,0) DEFAULT NULL,
                                        -> DEPARTMENT_ID decimal(4,0) DEFAULT NULL,
                                        -> PRIMARY KEY (EMPLOYEE_ID),
                                        -> UNIQUE KEY EMP_EMAIL_UK (EMAIL),
                                        -> KEY EMP_DEPARTMENT_IX (DEPARTMENT_ID),
                                        -> KEY EMP_JOB_IX (JOB_ID),
                                        -> KEY EMP_MANAGER_IX (MANAGER_ID),
                                        -> KEY EMP_NAME_IX (LAST_NAME,FIRST_NAME));
Query OK, 0 rows affected (0.0764 sec)
 MySQL  localhost:3306 ssl  empresa  SQL >
 MySQL  localhost:3306 ssl  empresa  SQL > INSERT INTO employees
                                        -> VALUES (100,'Steven','King','SKING','515.123.4567','1987-06-17','AD_PRES',24000.00,0.00,0,90),
                                        -> (101,'Neena','Kochhar','NKOCHHAR','515.123.4568','1987-06-18','AD_VP',17000.00,0.00,100,90),
                                        -> (102,'Lex','De Haan','LDEHAAN','515.123.4569','1987-06-19','AD_VP',17000.00,0.00,100,90),
                                        -> (103,'Alexander','Hunold','AHUNOLD','590.423.4567','1987-06-20','IT_PROG',9000.00,0.00,102,60),
                                        -> (104,'Bruce','Ernst','BERNST','590.423.4568','1987-06-21','IT_PROG',6000.00,0.00,103,60),
                                        -> (105,'David','Austin','DAUSTIN','590.423.4569','1987-06-22','IT_PROG',4800.00,0.00,103,60),
                                        -> (106,'Valli','Pataballa','VPATABAL','590.423.4560','1987-06-23','IT_PROG',4800.00,0.00,103,60),
                                        -> (107,'Diana','Lorentz','DLORENTZ','590.423.5567','1987-06-24','IT_PROG',4200.00,0.00,103,60),
                                        -> (108,'Nancy','Greenberg','NGREENBE','515.124.4569','1987-06-25','FI_MGR',12000.00,0.00,101,100),
                                        -> (109,'Daniel','Faviet','DFAVIET','515.124.4169','1987-06-26','FI_ACCOUNT',9000.00,0.00,108,100),
                                        -> (110,'John','Chen','JCHEN','515.124.4269','1987-06-27','FI_ACCOUNT',8200.00,0.00,108,100),
                                        -> (111,'Ismael','Sciarra','ISCIARRA','515.124.4369','1987-06-28','FI_ACCOUNT',7700.00,0.00,108,100),
                                        -> (112,'Jose Manuel','Urman','JMURMAN','515.124.4469','1987-06-29','FI_ACCOUNT',7800.00,0.00,108,100),
                                        -> (113,'Luis','Popp','LPOPP','515.124.4567','1987-06-30','FI_ACCOUNT',6900.00,0.00,108,100),
                                        -> (114,'Den','Raphaely','DRAPHEAL','515.127.4561','1987-07-01','PU_MAN',11000.00,0.00,100,30),
                                        -> (115,'Alexander','Khoo','AKHOO','515.127.4562','1987-07-02','PU_CLERK',3100.00,0.00,114,30),
                                        -> (116,'Shelli','Baida','SBAIDA','515.127.4563','1987-07-03','PU_CLERK',2900.00,0.00,114,30),
                                        -> (117,'Sigal','Tobias','STOBIAS','515.127.4564','1987-07-04','PU_CLERK',2800.00,0.00,114,30),
                                        -> (118,'Guy','Himuro','GHIMURO','515.127.4565','1987-07-05','PU_CLERK',2600.00,0.00,114,30),
                                        -> (119,'Karen','Colmenares','KCOLMENA','515.127.4566','1987-07-06','PU_CLERK',2500.00,0.00,114,30),
                                        -> (120,'Matthew','Weiss','MWEISS','650.123.1234','1987-07-07','ST_MAN',8000.00,0.00,100,50),
                                        -> (121,'Adam','Fripp','AFRIPP','650.123.2234','1987-07-08','ST_MAN',8200.00,0.00,100,50),
                                        -> (122,'Payam','Kaufling','PKAUFLIN','650.123.3234','1987-07-09','ST_MAN',7900.00,0.00,100,50),
                                        -> (123,'Shanta','Vollman','SVOLLMAN','650.123.4234','1987-07-10','ST_MAN',6500.00,0.00,100,50),
                                        -> (124,'Kevin','Mourgos','KMOURGOS','650.123.5234','1987-07-11','ST_MAN',5800.00,0.00,100,50),
                                        -> (125,'Julia','Nayer','JNAYER','650.124.1214','1987-07-12','ST_CLERK',3200.00,0.00,120,50),
                                        -> (126,'Irene','Mikkilineni','IMIKKILI','650.124.1224','1987-07-13','ST_CLERK',2700.00,0.00,120,50),
                                        -> (127,'James','Landry','JLANDRY','650.124.1334','1987-07-14','ST_CLERK',2400.00,0.00,120,50),
                                        -> (128,'Steven','Markle','SMARKLE','650.124.1434','1987-07-15','ST_CLERK',2200.00,0.00,120,50),
                                        -> (129,'Laura','Bissot','LBISSOT','650.124.5234','1987-07-16','ST_CLERK',3300.00,0.00,121,50),
                                        -> (130,'Mozhe','Atkinson','MATKINSO','650.124.6234','1987-07-17','ST_CLERK',2800.00,0.00,121,50),
                                        -> (131,'James','Marlow','JAMRLOW','650.124.7234','1987-07-18','ST_CLERK',2500.00,0.00,121,50),
                                        -> (132,'TJ','Olson','TJOLSON','650.124.8234','1987-07-19','ST_CLERK',2100.00,0.00,121,50),
                                        -> (133,'Jason','Mallin','JMALLIN','650.127.1934','1987-07-20','ST_CLERK',3300.00,0.00,122,50),
                                        -> (134,'Michael','Rogers','MROGERS','650.127.1834','1987-07-21','ST_CLERK',2900.00,0.00,122,50),
                                        -> (135,'Ki','Gee','KGEE','650.127.1734','1987-07-22','ST_CLERK',2400.00,0.00,122,50),
                                        -> (136,'Hazel','Philtanker','HPHILTAN','650.127.1634','1987-07-23','ST_CLERK',2200.00,0.00,122,50),
                                        -> (137,'Renske','Ladwig','RLADWIG','650.121.1234','1987-07-24','ST_CLERK',3600.00,0.00,123,50),
                                        -> (138,'Stephen','Stiles','SSTILES','650.121.2034','1987-07-25','ST_CLERK',3200.00,0.00,123,50),
                                        -> (139,'John','Seo','JSEO','650.121.2019','1987-07-26','ST_CLERK',2700.00,0.00,123,50),
                                        -> (140,'Joshua','Patel','JPATEL','650.121.1834','1987-07-27','ST_CLERK',2500.00,0.00,123,50),
                                        -> (141,'Trenna','Rajs','TRAJS','650.121.8009','1987-07-28','ST_CLERK',3500.00,0.00,124,50),
                                        -> (142,'Curtis','Davies','CDAVIES','650.121.2994','1987-07-29','ST_CLERK',3100.00,0.00,124,50),
                                        -> (143,'Randall','Matos','RMATOS','650.121.2874','1987-07-30','ST_CLERK',2600.00,0.00,124,50),
                                        -> (144,'Peter','Vargas','PVARGAS','650.121.2004','1987-07-31','ST_CLERK',2500.00,0.00,124,50),
                                        -> (145,'John','Russell','JRUSSEL','011.44.1344.429268','1987-08-01','SA_MAN',14000.00,0.40,100,80),
                                        -> (146,'Karen','Partners','KPARTNER','011.44.1344.467268','1987-08-02','SA_MAN',13500.00,0.30,100,80),
                                        -> (147,'Alberto','Errazuriz','AERRAZUR','011.44.1344.429278','1987-08-03','SA_MAN',12000.00,0.30,100,80),
                                        -> (148,'Gerald','Cambrault','GCAMBRAU','011.44.1344.619268','1987-08-04','SA_MAN',11000.00,0.30,100,80),
                                        -> (149,'Eleni','Zlotkey','EZLOTKEY','011.44.1344.429018','1987-08-05','SA_MAN',10500.00,0.20,100,80),
                                        -> (150,'Peter','Tucker','PTUCKER','011.44.1344.129268','1987-08-06','SA_REP',10000.00,0.30,145,80),
                                        -> (151,'David','Bernstein','DBERNSTE','011.44.1344.345268','1987-08-07','SA_REP',9500.00,0.25,145,80),
                                        -> (152,'Peter','Hall','PHALL','011.44.1344.478968','1987-08-08','SA_REP',9000.00,0.25,145,80),
                                        -> (153,'Christopher','Olsen','COLSEN','011.44.1344.498718','1987-08-09','SA_REP',8000.00,0.20,145,80),
                                        -> (154,'Nanette','Cambrault','NCAMBRAU','011.44.1344.987668','1987-08-10','SA_REP',7500.00,0.20,145,80),
                                        -> (155,'Oliver','Tuvault','OTUVAULT','011.44.1344.486508','1987-08-11','SA_REP',7000.00,0.15,145,80),
                                        -> (156,'Janette','King','JKING','011.44.1345.429268','1987-08-12','SA_REP',10000.00,0.35,146,80),
                                        -> (157,'Patrick','Sully','PSULLY','011.44.1345.929268','1987-08-13','SA_REP',9500.00,0.35,146,80),
                                        -> (158,'Allan','McEwen','AMCEWEN','011.44.1345.829268','1987-08-14','SA_REP',9000.00,0.35,146,80),
                                        -> (159,'Lindsey','Smith','LSMITH','011.44.1345.729268','1987-08-15','SA_REP',8000.00,0.30,146,80),
                                        -> (160,'Louise','Doran','LDORAN','011.44.1345.629268','1987-08-16','SA_REP',7500.00,0.30,146,80),
                                        -> (161,'Sarath','Sewall','SSEWALL','011.44.1345.529268','1987-08-17','SA_REP',7000.00,0.25,146,80),
                                        -> (162,'Clara','Vishney','CVISHNEY','011.44.1346.129268','1987-08-18','SA_REP',10500.00,0.25,147,80),
                                        -> (163,'Danielle','Greene','DGREENE','011.44.1346.229268','1987-08-19','SA_REP',9500.00,0.15,147,80),
                                        -> (164,'Mattea','Marvins','MMARVINS','011.44.1346.329268','1987-08-20','SA_REP',7200.00,0.10,147,80),
                                        -> (165,'David','Lee','DLEE','011.44.1346.529268','1987-08-21','SA_REP',6800.00,0.10,147,80),
                                        -> (166,'Sundar','Ande','SANDE','011.44.1346.629268','1987-08-22','SA_REP',6400.00,0.10,147,80),
                                        -> (167,'Amit','Banda','ABANDA','011.44.1346.729268','1987-08-23','SA_REP',6200.00,0.10,147,80),
                                        -> (168,'Lisa','Ozer','LOZER','011.44.1343.929268','1987-08-24','SA_REP',11500.00,0.25,148,80),
                                        -> (169,'Harrison','Bloom','HBLOOM','011.44.1343.829268','1987-08-25','SA_REP',10000.00,0.20,148,80),
                                        -> (170,'Tayler','Fox','TFOX','011.44.1343.729268','1987-08-26','SA_REP',9600.00,0.20,148,80),
                                        -> (171,'William','Smith','WSMITH','011.44.1343.629268','1987-08-27','SA_REP',7400.00,0.15,148,80),
                                        -> (172,'Elizabeth','Bates','EBATES','011.44.1343.529268','1987-08-28','SA_REP',7300.00,0.15,148,80),
                                        -> (173,'Sundita','Kumar','SKUMAR','011.44.1343.329268','1987-08-29','SA_REP',6100.00,0.10,148,80),
                                        -> (174,'Ellen','Abel','EABEL','011.44.1644.429267','1987-08-30','SA_REP',11000.00,0.30,149,80),
                                        -> (175,'Alyssa','Hutton','AHUTTON','011.44.1644.429266','1987-08-31','SA_REP',8800.00,0.25,149,80),
                                        -> (176,'Jonathon','Taylor','JTAYLOR','011.44.1644.429265','1987-09-01','SA_REP',8600.00,0.20,149,80),
                                        -> (177,'Jack','Livingston','JLIVINGS','011.44.1644.429264','1987-09-02','SA_REP',8400.00,0.20,149,80),
                                        -> (178,'Kimberely','Grant','KGRANT','011.44.1644.429263','1987-09-03','SA_REP',7000.00,0.15,149,0),
                                        -> (179,'Charles','Johnson','CJOHNSON','011.44.1644.429262','1987-09-04','SA_REP',6200.00,0.10,149,80),
                                        -> (180,'Winston','Taylor','WTAYLOR','650.507.9876','1987-09-05','SH_CLERK',3200.00,0.00,120,50),
                                        -> (181,'Jean','Fleaur','JFLEAUR','650.507.9877','1987-09-06','SH_CLERK',3100.00,0.00,120,50),
                                        -> (182,'Martha','Sullivan','MSULLIVA','650.507.9878','1987-09-07','SH_CLERK',2500.00,0.00,120,50),
                                        -> (183,'Girard','Geoni','GGEONI','650.507.9879','1987-09-08','SH_CLERK',2800.00,0.00,120,50),
                                        -> (184,'Nandita','Sarchand','NSARCHAN','650.509.1876','1987-09-09','SH_CLERK',4200.00,0.00,121,50),
                                        -> (185,'Alexis','Bull','ABULL','650.509.2876','1987-09-10','SH_CLERK',4100.00,0.00,121,50),
                                        -> (186,'Julia','Dellinger','JDELLING','650.509.3876','1987-09-11','SH_CLERK',3400.00,0.00,121,50),
                                        -> (187,'Anthony','Cabrio','ACABRIO','650.509.4876','1987-09-12','SH_CLERK',3000.00,0.00,121,50),
                                        -> (188,'Kelly','Chung','KCHUNG','650.505.1876','1987-09-13','SH_CLERK',3800.00,0.00,122,50),
                                        -> (189,'Jennifer','Dilly','JDILLY','650.505.2876','1987-09-14','SH_CLERK',3600.00,0.00,122,50),
                                        -> (190,'Timothy','Gates','TGATES','650.505.3876','1987-09-15','SH_CLERK',2900.00,0.00,122,50),
                                        -> (191,'Randall','Perkins','RPERKINS','650.505.4876','1987-09-16','SH_CLERK',2500.00,0.00,122,50),
                                        -> (192,'Sarah','Bell','SBELL','650.501.1876','1987-09-17','SH_CLERK',4000.00,0.00,123,50),
                                        -> (193,'Britney','Everett','BEVERETT','650.501.2876','1987-09-18','SH_CLERK',3900.00,0.00,123,50),
                                        -> (194,'Samuel','McCain','SMCCAIN','650.501.3876','1987-09-19','SH_CLERK',3200.00,0.00,123,50),
                                        -> (195,'Vance','Jones','VJONES','650.501.4876','1987-09-20','SH_CLERK',2800.00,0.00,123,50),
                                        -> (196,'Alana','Walsh','AWALSH','650.507.9811','1987-09-21','SH_CLERK',3100.00,0.00,124,50),
                                        -> (197,'Kevin','Feeney','KFEENEY','650.507.9822','1987-09-22','SH_CLERK',3000.00,0.00,124,50),
                                        -> (198,'Donald','OConnell','DOCONNEL','650.507.9833','1987-09-23','SH_CLERK',2600.00,0.00,124,50),
                                        -> (199,'Douglas','Grant','DGRANT','650.507.9844','1987-09-24','SH_CLERK',2600.00,0.00,124,50),
                                        -> (200,'Jennifer','Whalen','JWHALEN','515.123.4444','1987-09-25','AD_ASST',4400.00,0.00,101,10),
                                        -> (201,'Michael','Hartstein','MHARTSTE','515.123.5555','1987-09-26','MK_MAN',13000.00,0.00,100,20),
                                        -> (202,'Pat','Fay','PFAY','603.123.6666','1987-09-27','MK_REP',6000.00,0.00,201,20),
                                        -> (203,'Susan','Mavris','SMAVRIS','515.123.7777','1987-09-28','HR_REP',6500.00,0.00,101,40),
                                        -> (204,'Hermann','Baer','HBAER','515.123.8888','1987-09-29','PR_REP',10000.00,0.00,101,70),
                                        -> (205,'Shelley','Higgins','SHIGGINS','515.123.8080','1987-09-30','AC_MGR',12000.00,0.00,101,110),
                                        -> (206,'William','Gietz','WGIETZ','515.123.8181','1987-10-01','AC_ACCOUNT',8300.00,0.00,205,110);
Query OK, 107 rows affected (0.0213 sec)

Records: 107  Duplicates: 0  Warnings: 0
 MySQL  localhost:3306 ssl  empresa  SQL > CREATE TABLE job_history (
                                        -> EMPLOYEE_ID decimal(6,0) NOT NULL,
                                        -> START_DATE date NOT NULL,
                                        -> END_DATE date NOT NULL,
                                        -> JOB_ID varchar(10) NOT NULL,
                                        -> DEPARTMENT_ID decimal(4,0) DEFAULT NULL,
                                        -> PRIMARY KEY (EMPLOYEE_ID,START_DATE),
                                        -> KEY JHIST_DEPARTMENT_IX (DEPARTMENT_ID),
                                        -> KEY JHIST_EMPLOYEE_IX (EMPLOYEE_ID),
                                        -> KEY JHIST_JOB_IX (JOB_ID));
Query OK, 0 rows affected (0.0436 sec)
 MySQL  localhost:3306 ssl  empresa  SQL >
 MySQL  localhost:3306 ssl  empresa  SQL > INSERT INTO job_history
                                        -> VALUES (102,'1993-01-13','1998-07-24','IT_PROG',60),
                                        -> (101,'1989-09-21','1993-10-27','AC_ACCOUNT',110),
                                        -> (101,'1993-10-28','1997-03-15','AC_MGR',110),
                                        -> (201,'1996-02-17','1999-12-19','MK_REP',20),
                                        -> (114,'1998-03-24','1999-12-31','ST_CLERK',50),
                                        -> (122,'1999-01-01','1999-12-31','ST_CLERK',50),
                                        -> (200,'1987-09-17','1993-06-17','AD_ASST',90),
                                        -> (176,'1998-03-24','1998-12-31','SA_REP',80),
                                        -> (176,'1999-01-01','1999-12-31','SA_MAN',80),
                                        -> (200,'1994-07-01','1998-12-31','AC_ACCOUNT',90);
Query OK, 10 rows affected (0.0243 sec)

Records: 10  Duplicates: 0  Warnings: 0
 MySQL  localhost:3306 ssl  empresa  SQL > CREATE TABLE jobs (
                                        -> JOB_ID varchar(10) NOT NULL DEFAULT '',
                                        -> JOB_TITLE varchar(35) NOT NULL,
                                        -> MIN_SALARY decimal(6,0) DEFAULT NULL,
                                        -> MAX_SALARY decimal(6,0) DEFAULT NULL,
                                        -> PRIMARY KEY (JOB_ID));
Query OK, 0 rows affected (0.0290 sec)
 MySQL  localhost:3306 ssl  empresa  SQL >
 MySQL  localhost:3306 ssl  empresa  SQL > INSERT INTO jobs VALUES ('AD_PRES','President',20000,40000),
                                        -> ('AD_VP','Administration Vice President',15000,30000),
                                        -> ('AD_ASST','Administration Assistant',3000,6000),
                                        -> ('FI_MGR','Finance Manager',8200,16000),
                                        -> ('FI_ACCOUNT','Accountant',4200,9000),
                                        -> ('AC_MGR','Accounting Manager',8200,16000),
                                        -> ('AC_ACCOUNT','Public Accountant',4200,9000),
                                        -> ('SA_MAN','Sales Manager',10000,20000),
                                        -> ('SA_REP','Sales Representative',6000,12000),
                                        -> ('PU_MAN','Purchasing Manager',8000,15000),
                                        -> ('PU_CLERK','Purchasing Clerk',2500,5500),
                                        -> ('ST_MAN','Stock Manager',5500,8500),
                                        -> ('ST_CLERK','Stock Clerk',2000,5000),
                                        -> ('SH_CLERK','Shipping Clerk',2500,5500),
                                        -> ('IT_PROG','Programmer',4000,10000),
                                        -> ('MK_MAN','Marketing Manager',9000,15000),
                                        -> ('MK_REP','Marketing Representative',4000,9000),
                                        -> ('HR_REP','Human Resources Representative',4000,9000),
                                        -> ('PR_REP','Public Relations Representative',4500,10500);
Query OK, 19 rows affected (0.0114 sec)

Records: 19  Duplicates: 0  Warnings: 0
 MySQL  localhost:3306 ssl  empresa  SQL > CREATE TABLE locations (
                                        -> LOCATION_ID decimal(4,0) NOT NULL DEFAULT '0',
                                        -> STREET_ADDRESS varchar(40) DEFAULT NULL,
                                        -> POSTAL_CODE varchar(12) DEFAULT NULL,
                                        -> CITY varchar(30) NOT NULL,
                                        -> STATE_PROVINCE varchar(25) DEFAULT NULL,
                                        -> COUNTRY_ID varchar(2) DEFAULT NULL,
                                        -> PRIMARY KEY (LOCATION_ID),
                                        -> KEY LOC_CITY_IX (CITY),
                                        -> KEY LOC_COUNTRY_IX (COUNTRY_ID),
                                        -> KEY LOC_STATE_PROVINCE_IX (STATE_PROVINCE));
Query OK, 0 rows affected (0.0522 sec)
 MySQL  localhost:3306 ssl  empresa  SQL >
 MySQL  localhost:3306 ssl  empresa  SQL > INSERT INTO locations
                                        -> VALUES (1000,'1297 Via Cola di Rie','989','Roma','','IT'),
                                        -> (1100,'93091 Calle della Testa','10934','Venice','','IT'),
                                        -> (1200,'2017 Shinjuku-ku','1689','Tokyo','Tokyo Prefecture','JP'),
                                        -> (1300,'9450 Kamiya-cho','6823','Hiroshima','','JP'),
                                        -> (1400,'2014 Jabberwocky Rd','26192','Southlake','Texas','US'),
                                        -> (1500,'2011 Interiors Blvd','99236','South San Francisco','California','US'),
                                        -> (1600,'2007 Zagora St','50090','South Brunswick','New Jersey','US'),
                                        -> (1700,'2004 Charade Rd','98199','Seattle','Washington','US'),
                                        -> (1800,'147 Spadina Ave','M5V 2L7','Toronto','Ontario','CA'),
                                        -> (1900,'6092 Boxwood St','YSW 9T2','Whitehorse','Yukon','CA'),
                                        -> (2000,'40-5-12 Laogianggen','190518','Beijing','','CN'),
                                        -> (2100,'1298 Vileparle (E)','490231','Bombay','Maharashtra','IN'),
                                        -> (2200,'12-98 Victoria Street','2901','Sydney','New South Wales','AU'),
                                        -> (2300,'198 Clementi North','540198','Singapore','','SG'),
                                        -> (2400,'8204 Arthur St','','London','','UK'),
                                        -> (2500,'\"Magdalen Centre',' The Oxford ','OX9 9ZB','Oxford','Ox'),
                                        -> (2600,'9702 Chester Road','9629850293','Stretford','Manchester','UK'),
                                        -> (2700,'Schwanthalerstr. 7031','80925','Munich','Bavaria','DE'),
                                        -> (2800,'Rua Frei Caneca 1360','01307-002','Sao Paulo','Sao Paulo','BR'),
                                        -> (2900,'20 Rue des Corps-Saints','1730','Geneva','Geneve','CH'),
                                        -> (3000,'Murtenstrasse 921','3095','Bern','BE','CH'),
                                        -> (3100,'Pieter Breughelstraat 837','3029SK','Utrecht','Utrecht','NL'),
                                        -> (3200,'Mariano Escobedo 9991','11932','Mexico City','\"Distrito Federal','\"');
Query OK, 23 rows affected (0.0110 sec)

Records: 23  Duplicates: 0  Warnings: 0
 MySQL  localhost:3306 ssl  empresa  SQL >
 MySQL  localhost:3306 ssl  empresa  SQL > CREATE TABLE regions (
                                        -> REGION_ID decimal(5,0) NOT NULL,
                                        -> REGION_NAME varchar(25) DEFAULT NULL,
                                        -> PRIMARY KEY (REGION_ID),
                                        -> UNIQUE KEY sss (REGION_NAME));
Query OK, 0 rows affected (0.0397 sec)
 MySQL  localhost:3306 ssl  empresa  SQL >
 MySQL  localhost:3306 ssl  empresa  SQL > INSERT INTO regions
                                        -> VALUES (1,'Europe'),(2,'Americas'),(3,'Asia'),(4,'Middle East and Africa');
Query OK, 4 rows affected (0.0070 sec)

Records: 4  Duplicates: 0  Warnings: 0
 MySQL  localhost:3306 ssl  empresa  SQL > show tables;
+-------------------+
| Tables_in_empresa |
+-------------------+
| countries         |
| departments       |
| employees         |
| job_history       |
| jobs              |
| locations         |
| regions           |
+-------------------+

----
MySQL Shell 8.0.38

Copyright (c) 2016, 2024, Oracle and/or its affiliates.
Oracle is a registered trademark of Oracle Corporation and/or its affiliates.
Other names may be trademarks of their respective owners.

Type '\help' or '\?' for help; '\quit' to exit.
 MySQL  JS > \sql
Switching to SQL mode... Commands end with ;
 MySQL  SQL > \connect --mc root@localhost
Creating a Classic session to 'root@localhost'
Fetching global names for auto-completion... Press ^C to stop.
Your MySQL connection id is 8
Server version: 8.0.39 MySQL Community Server - GPL
No default schema selected; type \use <schema> to set one.
 MySQL  localhost:3306 ssl  SQL > show databases;
+--------------------+
| Database           |
+--------------------+
| employees          |
| empresa            |
| information_schema |
| mysql              |
| performance_schema |
| sakila             |
| sys                |
| tbd_e1             |
| tbd_e2             |
| world_x            |
+--------------------+
10 rows in set (0.0044 sec)
 MySQL  localhost:3306 ssl  SQL > use empresa;
Default schema set to `empresa`.
Fetching global names, object names from `empresa` for auto-completion... Press ^C to stop.
 MySQL  localhost:3306 ssl  empresa  SQL > show tables;
+-------------------+
| Tables_in_empresa |
+-------------------+
| countries         |
| departments       |
| employees         |
| job_history       |
| jobs              |
| locations         |
| regions           |
+-------------------+
7 rows in set (0.0012 sec)
 MySQL  localhost:3306 ssl  empresa  SQL > select count(*) from contries;
ERROR: 1146 (42S02): Table 'empresa.contries' doesn't exist
 MySQL  localhost:3306 ssl  empresa  SQL > select count(*) from countries;
+----------+
| count(*) |
+----------+
|       25 |
+----------+
1 row in set (0.0060 sec)
 MySQL  localhost:3306 ssl  empresa  SQL > select * from countries;
+------------+--------------------------+-----------+
| COUNTRY_ID | COUNTRY_NAME             | REGION_ID |
+------------+--------------------------+-----------+
| AR         | Argentina                |         2 |
| AU         | Australia                |         3 |
| BE         | Belgium                  |         1 |
| BR         | Brazil                   |         2 |
| CA         | Canada                   |         2 |
| CH         | Switzerland              |         1 |
| CN         | China                    |         3 |
| DE         | Germany                  |         1 |
| DK         | Denmark                  |         1 |
| EG         | Egypt                    |         4 |
| FR         | France                   |         1 |
| HK         | HongKong                 |         3 |
| IL         | Israel                   |         4 |
| IN         | India                    |         3 |
| IT         | Italy                    |         1 |
| JP         | Japan                    |         3 |
| KW         | Kuwait                   |         4 |
| MX         | Mexico                   |         2 |
| NG         | Nigeria                  |         4 |
| NL         | Netherlands              |         1 |
| SG         | Singapore                |         3 |
| UK         | United Kingdom           |         1 |
| US         | United States of America |         2 |
| ZM         | Zambia                   |         4 |
| ZW         | Zimbabwe                 |         4 |
+------------+--------------------------+-----------+
25 rows in set (0.0007 sec)
 MySQL  localhost:3306 ssl  empresa  SQL > select count(*) from departments;
+----------+
| count(*) |
+----------+
|       27 |
+----------+
1 row in set (0.0021 sec)
 MySQL  localhost:3306 ssl  empresa  SQL > select * from departments;
+---------------+----------------------+------------+-------------+
| DEPARTMENT_ID | DEPARTMENT_NAME      | MANAGER_ID | LOCATION_ID |
+---------------+----------------------+------------+-------------+
|            10 | Administration       |        200 |        1700 |
|            20 | Marketing            |        201 |        1800 |
|            30 | Purchasing           |        114 |        1700 |
|            40 | Human Resources      |        203 |        2400 |
|            50 | Shipping             |        121 |        1500 |
|            60 | IT                   |        103 |        1400 |
|            70 | Public Relations     |        204 |        2700 |
|            80 | Sales                |        145 |        2500 |
|            90 | Executive            |        100 |        1700 |
|           100 | Finance              |        108 |        1700 |
|           110 | Accounting           |        205 |        1700 |
|           120 | Treasury             |          0 |        1700 |
|           130 | Corporate Tax        |          0 |        1700 |
|           140 | Control And Credit   |          0 |        1700 |
|           150 | Shareholder Services |          0 |        1700 |
|           160 | Benefits             |          0 |        1700 |
|           170 | Manufacturing        |          0 |        1700 |
|           180 | Construction         |          0 |        1700 |
|           190 | Contracting          |          0 |        1700 |
|           200 | Operations           |          0 |        1700 |
|           210 | IT Support           |          0 |        1700 |
|           220 | NOC                  |          0 |        1700 |
|           230 | IT Helpdesk          |          0 |        1700 |
|           240 | Government Sales     |          0 |        1700 |
|           250 | Retail Sales         |          0 |        1700 |
|           260 | Recruiting           |          0 |        1700 |
|           270 | Payroll              |          0 |        1700 |
+---------------+----------------------+------------+-------------+
27 rows in set (0.0006 sec)
 MySQL  localhost:3306 ssl  empresa  SQL > SELECT * employees;
ERROR: 1064 (42000): You have an error in your SQL syntax; check the manual that corresponds to your MySQL server version for the right syntax to use near 'employees' at line 1
 MySQL  localhost:3306 ssl  empresa  SQL > SELECT * FROM employees;
+-------------+-------------+-------------+----------+--------------------+------------+------------+----------+----------------+------------+---------------+
| EMPLOYEE_ID | FIRST_NAME  | LAST_NAME   | EMAIL    | PHONE_NUMBER       | HIRE_DATE  | JOB_ID     | SALARY   | COMMISSION_PCT | MANAGER_ID | DEPARTMENT_ID |
+-------------+-------------+-------------+----------+--------------------+------------+------------+----------+----------------+------------+---------------+
|         100 | Steven      | King        | SKING    | 515.123.4567       | 1987-06-17 | AD_PRES    | 24000.00 |           0.00 |          0 |            90 |
|         101 | Neena       | Kochhar     | NKOCHHAR | 515.123.4568       | 1987-06-18 | AD_VP      | 17000.00 |           0.00 |        100 |            90 |
|         102 | Lex         | De Haan     | LDEHAAN  | 515.123.4569       | 1987-06-19 | AD_VP      | 17000.00 |           0.00 |        100 |            90 |
|         103 | Alexander   | Hunold      | AHUNOLD  | 590.423.4567       | 1987-06-20 | IT_PROG    |  9000.00 |           0.00 |        102 |            60 |
|         104 | Bruce       | Ernst       | BERNST   | 590.423.4568       | 1987-06-21 | IT_PROG    |  6000.00 |           0.00 |        103 |            60 |
|         105 | David       | Austin      | DAUSTIN  | 590.423.4569       | 1987-06-22 | IT_PROG    |  4800.00 |           0.00 |        103 |            60 |
|         106 | Valli       | Pataballa   | VPATABAL | 590.423.4560       | 1987-06-23 | IT_PROG    |  4800.00 |           0.00 |        103 |            60 |
|         107 | Diana       | Lorentz     | DLORENTZ | 590.423.5567       | 1987-06-24 | IT_PROG    |  4200.00 |           0.00 |        103 |            60 |
|         108 | Nancy       | Greenberg   | NGREENBE | 515.124.4569       | 1987-06-25 | FI_MGR     | 12000.00 |           0.00 |        101 |           100 |
|         109 | Daniel      | Faviet      | DFAVIET  | 515.124.4169       | 1987-06-26 | FI_ACCOUNT |  9000.00 |           0.00 |        108 |           100 |
|         110 | John        | Chen        | JCHEN    | 515.124.4269       | 1987-06-27 | FI_ACCOUNT |  8200.00 |           0.00 |        108 |           100 |
|         111 | Ismael      | Sciarra     | ISCIARRA | 515.124.4369       | 1987-06-28 | FI_ACCOUNT |  7700.00 |           0.00 |        108 |           100 |
|         112 | Jose Manuel | Urman       | JMURMAN  | 515.124.4469       | 1987-06-29 | FI_ACCOUNT |  7800.00 |           0.00 |        108 |           100 |
|         113 | Luis        | Popp        | LPOPP    | 515.124.4567       | 1987-06-30 | FI_ACCOUNT |  6900.00 |           0.00 |        108 |           100 |
|         114 | Den         | Raphaely    | DRAPHEAL | 515.127.4561       | 1987-07-01 | PU_MAN     | 11000.00 |           0.00 |        100 |            30 |
|         115 | Alexander   | Khoo        | AKHOO    | 515.127.4562       | 1987-07-02 | PU_CLERK   |  3100.00 |           0.00 |        114 |            30 |
|         116 | Shelli      | Baida       | SBAIDA   | 515.127.4563       | 1987-07-03 | PU_CLERK   |  2900.00 |           0.00 |        114 |            30 |
|         117 | Sigal       | Tobias      | STOBIAS  | 515.127.4564       | 1987-07-04 | PU_CLERK   |  2800.00 |           0.00 |        114 |            30 |
|         118 | Guy         | Himuro      | GHIMURO  | 515.127.4565       | 1987-07-05 | PU_CLERK   |  2600.00 |           0.00 |        114 |            30 |
|         119 | Karen       | Colmenares  | KCOLMENA | 515.127.4566       | 1987-07-06 | PU_CLERK   |  2500.00 |           0.00 |        114 |            30 |
|         120 | Matthew     | Weiss       | MWEISS   | 650.123.1234       | 1987-07-07 | ST_MAN     |  8000.00 |           0.00 |        100 |            50 |
|         121 | Adam        | Fripp       | AFRIPP   | 650.123.2234       | 1987-07-08 | ST_MAN     |  8200.00 |           0.00 |        100 |            50 |
|         122 | Payam       | Kaufling    | PKAUFLIN | 650.123.3234       | 1987-07-09 | ST_MAN     |  7900.00 |           0.00 |        100 |            50 |
|         123 | Shanta      | Vollman     | SVOLLMAN | 650.123.4234       | 1987-07-10 | ST_MAN     |  6500.00 |           0.00 |        100 |            50 |
|         124 | Kevin       | Mourgos     | KMOURGOS | 650.123.5234       | 1987-07-11 | ST_MAN     |  5800.00 |           0.00 |        100 |            50 |
|         125 | Julia       | Nayer       | JNAYER   | 650.124.1214       | 1987-07-12 | ST_CLERK   |  3200.00 |           0.00 |        120 |            50 |
|         126 | Irene       | Mikkilineni | IMIKKILI | 650.124.1224       | 1987-07-13 | ST_CLERK   |  2700.00 |           0.00 |        120 |            50 |
|         127 | James       | Landry      | JLANDRY  | 650.124.1334       | 1987-07-14 | ST_CLERK   |  2400.00 |           0.00 |        120 |            50 |
|         128 | Steven      | Markle      | SMARKLE  | 650.124.1434       | 1987-07-15 | ST_CLERK   |  2200.00 |           0.00 |        120 |            50 |
|         129 | Laura       | Bissot      | LBISSOT  | 650.124.5234       | 1987-07-16 | ST_CLERK   |  3300.00 |           0.00 |        121 |            50 |
|         130 | Mozhe       | Atkinson    | MATKINSO | 650.124.6234       | 1987-07-17 | ST_CLERK   |  2800.00 |           0.00 |        121 |            50 |
|         131 | James       | Marlow      | JAMRLOW  | 650.124.7234       | 1987-07-18 | ST_CLERK   |  2500.00 |           0.00 |        121 |            50 |
|         132 | TJ          | Olson       | TJOLSON  | 650.124.8234       | 1987-07-19 | ST_CLERK   |  2100.00 |           0.00 |        121 |            50 |
|         133 | Jason       | Mallin      | JMALLIN  | 650.127.1934       | 1987-07-20 | ST_CLERK   |  3300.00 |           0.00 |        122 |            50 |
|         134 | Michael     | Rogers      | MROGERS  | 650.127.1834       | 1987-07-21 | ST_CLERK   |  2900.00 |           0.00 |        122 |            50 |
|         135 | Ki          | Gee         | KGEE     | 650.127.1734       | 1987-07-22 | ST_CLERK   |  2400.00 |           0.00 |        122 |            50 |
|         136 | Hazel       | Philtanker  | HPHILTAN | 650.127.1634       | 1987-07-23 | ST_CLERK   |  2200.00 |           0.00 |        122 |            50 |
|         137 | Renske      | Ladwig      | RLADWIG  | 650.121.1234       | 1987-07-24 | ST_CLERK   |  3600.00 |           0.00 |        123 |            50 |
|         138 | Stephen     | Stiles      | SSTILES  | 650.121.2034       | 1987-07-25 | ST_CLERK   |  3200.00 |           0.00 |        123 |            50 |
|         139 | John        | Seo         | JSEO     | 650.121.2019       | 1987-07-26 | ST_CLERK   |  2700.00 |           0.00 |        123 |            50 |
|         140 | Joshua      | Patel       | JPATEL   | 650.121.1834       | 1987-07-27 | ST_CLERK   |  2500.00 |           0.00 |        123 |            50 |
|         141 | Trenna      | Rajs        | TRAJS    | 650.121.8009       | 1987-07-28 | ST_CLERK   |  3500.00 |           0.00 |        124 |            50 |
|         142 | Curtis      | Davies      | CDAVIES  | 650.121.2994       | 1987-07-29 | ST_CLERK   |  3100.00 |           0.00 |        124 |            50 |
|         143 | Randall     | Matos       | RMATOS   | 650.121.2874       | 1987-07-30 | ST_CLERK   |  2600.00 |           0.00 |        124 |            50 |
|         144 | Peter       | Vargas      | PVARGAS  | 650.121.2004       | 1987-07-31 | ST_CLERK   |  2500.00 |           0.00 |        124 |            50 |
|         145 | John        | Russell     | JRUSSEL  | 011.44.1344.429268 | 1987-08-01 | SA_MAN     | 14000.00 |           0.40 |        100 |            80 |
|         146 | Karen       | Partners    | KPARTNER | 011.44.1344.467268 | 1987-08-02 | SA_MAN     | 13500.00 |           0.30 |        100 |            80 |
|         147 | Alberto     | Errazuriz   | AERRAZUR | 011.44.1344.429278 | 1987-08-03 | SA_MAN     | 12000.00 |           0.30 |        100 |            80 |
|         148 | Gerald      | Cambrault   | GCAMBRAU | 011.44.1344.619268 | 1987-08-04 | SA_MAN     | 11000.00 |           0.30 |        100 |            80 |
|         149 | Eleni       | Zlotkey     | EZLOTKEY | 011.44.1344.429018 | 1987-08-05 | SA_MAN     | 10500.00 |           0.20 |        100 |            80 |
|         150 | Peter       | Tucker      | PTUCKER  | 011.44.1344.129268 | 1987-08-06 | SA_REP     | 10000.00 |           0.30 |        145 |            80 |
|         151 | David       | Bernstein   | DBERNSTE | 011.44.1344.345268 | 1987-08-07 | SA_REP     |  9500.00 |           0.25 |        145 |            80 |
|         152 | Peter       | Hall        | PHALL    | 011.44.1344.478968 | 1987-08-08 | SA_REP     |  9000.00 |           0.25 |        145 |            80 |
|         153 | Christopher | Olsen       | COLSEN   | 011.44.1344.498718 | 1987-08-09 | SA_REP     |  8000.00 |           0.20 |        145 |            80 |
|         154 | Nanette     | Cambrault   | NCAMBRAU | 011.44.1344.987668 | 1987-08-10 | SA_REP     |  7500.00 |           0.20 |        145 |            80 |
|         155 | Oliver      | Tuvault     | OTUVAULT | 011.44.1344.486508 | 1987-08-11 | SA_REP     |  7000.00 |           0.15 |        145 |            80 |
|         156 | Janette     | King        | JKING    | 011.44.1345.429268 | 1987-08-12 | SA_REP     | 10000.00 |           0.35 |        146 |            80 |
|         157 | Patrick     | Sully       | PSULLY   | 011.44.1345.929268 | 1987-08-13 | SA_REP     |  9500.00 |           0.35 |        146 |            80 |
|         158 | Allan       | McEwen      | AMCEWEN  | 011.44.1345.829268 | 1987-08-14 | SA_REP     |  9000.00 |           0.35 |        146 |            80 |
|         159 | Lindsey     | Smith       | LSMITH   | 011.44.1345.729268 | 1987-08-15 | SA_REP     |  8000.00 |           0.30 |        146 |            80 |
|         160 | Louise      | Doran       | LDORAN   | 011.44.1345.629268 | 1987-08-16 | SA_REP     |  7500.00 |           0.30 |        146 |            80 |
|         161 | Sarath      | Sewall      | SSEWALL  | 011.44.1345.529268 | 1987-08-17 | SA_REP     |  7000.00 |           0.25 |        146 |            80 |
|         162 | Clara       | Vishney     | CVISHNEY | 011.44.1346.129268 | 1987-08-18 | SA_REP     | 10500.00 |           0.25 |        147 |            80 |
|         163 | Danielle    | Greene      | DGREENE  | 011.44.1346.229268 | 1987-08-19 | SA_REP     |  9500.00 |           0.15 |        147 |            80 |
|         164 | Mattea      | Marvins     | MMARVINS | 011.44.1346.329268 | 1987-08-20 | SA_REP     |  7200.00 |           0.10 |        147 |            80 |
|         165 | David       | Lee         | DLEE     | 011.44.1346.529268 | 1987-08-21 | SA_REP     |  6800.00 |           0.10 |        147 |            80 |
|         166 | Sundar      | Ande        | SANDE    | 011.44.1346.629268 | 1987-08-22 | SA_REP     |  6400.00 |           0.10 |        147 |            80 |
|         167 | Amit        | Banda       | ABANDA   | 011.44.1346.729268 | 1987-08-23 | SA_REP     |  6200.00 |           0.10 |        147 |            80 |
|         168 | Lisa        | Ozer        | LOZER    | 011.44.1343.929268 | 1987-08-24 | SA_REP     | 11500.00 |           0.25 |        148 |            80 |
|         169 | Harrison    | Bloom       | HBLOOM   | 011.44.1343.829268 | 1987-08-25 | SA_REP     | 10000.00 |           0.20 |        148 |            80 |
|         170 | Tayler      | Fox         | TFOX     | 011.44.1343.729268 | 1987-08-26 | SA_REP     |  9600.00 |           0.20 |        148 |            80 |
|         171 | William     | Smith       | WSMITH   | 011.44.1343.629268 | 1987-08-27 | SA_REP     |  7400.00 |           0.15 |        148 |            80 |
|         172 | Elizabeth   | Bates       | EBATES   | 011.44.1343.529268 | 1987-08-28 | SA_REP     |  7300.00 |           0.15 |        148 |            80 |
|         173 | Sundita     | Kumar       | SKUMAR   | 011.44.1343.329268 | 1987-08-29 | SA_REP     |  6100.00 |           0.10 |        148 |            80 |
|         174 | Ellen       | Abel        | EABEL    | 011.44.1644.429267 | 1987-08-30 | SA_REP     | 11000.00 |           0.30 |        149 |            80 |
|         175 | Alyssa      | Hutton      | AHUTTON  | 011.44.1644.429266 | 1987-08-31 | SA_REP     |  8800.00 |           0.25 |        149 |            80 |
|         176 | Jonathon    | Taylor      | JTAYLOR  | 011.44.1644.429265 | 1987-09-01 | SA_REP     |  8600.00 |           0.20 |        149 |            80 |
|         177 | Jack        | Livingston  | JLIVINGS | 011.44.1644.429264 | 1987-09-02 | SA_REP     |  8400.00 |           0.20 |        149 |            80 |
|         178 | Kimberely   | Grant       | KGRANT   | 011.44.1644.429263 | 1987-09-03 | SA_REP     |  7000.00 |           0.15 |        149 |             0 |
|         179 | Charles     | Johnson     | CJOHNSON | 011.44.1644.429262 | 1987-09-04 | SA_REP     |  6200.00 |           0.10 |        149 |            80 |
|         180 | Winston     | Taylor      | WTAYLOR  | 650.507.9876       | 1987-09-05 | SH_CLERK   |  3200.00 |           0.00 |        120 |            50 |
|         181 | Jean        | Fleaur      | JFLEAUR  | 650.507.9877       | 1987-09-06 | SH_CLERK   |  3100.00 |           0.00 |        120 |            50 |
|         182 | Martha      | Sullivan    | MSULLIVA | 650.507.9878       | 1987-09-07 | SH_CLERK   |  2500.00 |           0.00 |        120 |            50 |
|         183 | Girard      | Geoni       | GGEONI   | 650.507.9879       | 1987-09-08 | SH_CLERK   |  2800.00 |           0.00 |        120 |            50 |
|         184 | Nandita     | Sarchand    | NSARCHAN | 650.509.1876       | 1987-09-09 | SH_CLERK   |  4200.00 |           0.00 |        121 |            50 |
|         185 | Alexis      | Bull        | ABULL    | 650.509.2876       | 1987-09-10 | SH_CLERK   |  4100.00 |           0.00 |        121 |            50 |
|         186 | Julia       | Dellinger   | JDELLING | 650.509.3876       | 1987-09-11 | SH_CLERK   |  3400.00 |           0.00 |        121 |            50 |
|         187 | Anthony     | Cabrio      | ACABRIO  | 650.509.4876       | 1987-09-12 | SH_CLERK   |  3000.00 |           0.00 |        121 |            50 |
|         188 | Kelly       | Chung       | KCHUNG   | 650.505.1876       | 1987-09-13 | SH_CLERK   |  3800.00 |           0.00 |        122 |            50 |
|         189 | Jennifer    | Dilly       | JDILLY   | 650.505.2876       | 1987-09-14 | SH_CLERK   |  3600.00 |           0.00 |        122 |            50 |
|         190 | Timothy     | Gates       | TGATES   | 650.505.3876       | 1987-09-15 | SH_CLERK   |  2900.00 |           0.00 |        122 |            50 |
|         191 | Randall     | Perkins     | RPERKINS | 650.505.4876       | 1987-09-16 | SH_CLERK   |  2500.00 |           0.00 |        122 |            50 |
|         192 | Sarah       | Bell        | SBELL    | 650.501.1876       | 1987-09-17 | SH_CLERK   |  4000.00 |           0.00 |        123 |            50 |
|         193 | Britney     | Everett     | BEVERETT | 650.501.2876       | 1987-09-18 | SH_CLERK   |  3900.00 |           0.00 |        123 |            50 |
|         194 | Samuel      | McCain      | SMCCAIN  | 650.501.3876       | 1987-09-19 | SH_CLERK   |  3200.00 |           0.00 |        123 |            50 |
|         195 | Vance       | Jones       | VJONES   | 650.501.4876       | 1987-09-20 | SH_CLERK   |  2800.00 |           0.00 |        123 |            50 |
|         196 | Alana       | Walsh       | AWALSH   | 650.507.9811       | 1987-09-21 | SH_CLERK   |  3100.00 |           0.00 |        124 |            50 |
|         197 | Kevin       | Feeney      | KFEENEY  | 650.507.9822       | 1987-09-22 | SH_CLERK   |  3000.00 |           0.00 |        124 |            50 |
|         198 | Donald      | OConnell    | DOCONNEL | 650.507.9833       | 1987-09-23 | SH_CLERK   |  2600.00 |           0.00 |        124 |            50 |
|         199 | Douglas     | Grant       | DGRANT   | 650.507.9844       | 1987-09-24 | SH_CLERK   |  2600.00 |           0.00 |        124 |            50 |
|         200 | Jennifer    | Whalen      | JWHALEN  | 515.123.4444       | 1987-09-25 | AD_ASST    |  4400.00 |           0.00 |        101 |            10 |
|         201 | Michael     | Hartstein   | MHARTSTE | 515.123.5555       | 1987-09-26 | MK_MAN     | 13000.00 |           0.00 |        100 |            20 |
|         202 | Pat         | Fay         | PFAY     | 603.123.6666       | 1987-09-27 | MK_REP     |  6000.00 |           0.00 |        201 |            20 |
|         203 | Susan       | Mavris      | SMAVRIS  | 515.123.7777       | 1987-09-28 | HR_REP     |  6500.00 |           0.00 |        101 |            40 |
|         204 | Hermann     | Baer        | HBAER    | 515.123.8888       | 1987-09-29 | PR_REP     | 10000.00 |           0.00 |        101 |            70 |
|         205 | Shelley     | Higgins     | SHIGGINS | 515.123.8080       | 1987-09-30 | AC_MGR     | 12000.00 |           0.00 |        101 |           110 |
|         206 | William     | Gietz       | WGIETZ   | 515.123.8181       | 1987-10-01 | AC_ACCOUNT |  8300.00 |           0.00 |        205 |           110 |
+-------------+-------------+-------------+----------+--------------------+------------+------------+----------+----------------+------------+---------------+
107 rows in set (0.0045 sec)
 MySQL  localhost:3306 ssl  empresa  SQL > SELECT * FROM job_history;
+-------------+------------+------------+------------+---------------+
| EMPLOYEE_ID | START_DATE | END_DATE   | JOB_ID     | DEPARTMENT_ID |
+-------------+------------+------------+------------+---------------+
|         101 | 1989-09-21 | 1993-10-27 | AC_ACCOUNT |           110 |
|         101 | 1993-10-28 | 1997-03-15 | AC_MGR     |           110 |
|         102 | 1993-01-13 | 1998-07-24 | IT_PROG    |            60 |
|         114 | 1998-03-24 | 1999-12-31 | ST_CLERK   |            50 |
|         122 | 1999-01-01 | 1999-12-31 | ST_CLERK   |            50 |
|         176 | 1998-03-24 | 1998-12-31 | SA_REP     |            80 |
|         176 | 1999-01-01 | 1999-12-31 | SA_MAN     |            80 |
|         200 | 1987-09-17 | 1993-06-17 | AD_ASST    |            90 |
|         200 | 1994-07-01 | 1998-12-31 | AC_ACCOUNT |            90 |
|         201 | 1996-02-17 | 1999-12-19 | MK_REP     |            20 |
+-------------+------------+------------+------------+---------------+
10 rows in set (0.0016 sec)
 MySQL  localhost:3306 ssl  empresa  SQL > SELECT * FROM locations;
+-------------+---------------------------+--------------+---------------------+-------------------+------------+
| LOCATION_ID | STREET_ADDRESS            | POSTAL_CODE  | CITY                | STATE_PROVINCE    | COUNTRY_ID |
+-------------+---------------------------+--------------+---------------------+-------------------+------------+
|        1000 | 1297 Via Cola di Rie      | 989          | Roma                |                   | IT         |
|        1100 | 93091 Calle della Testa   | 10934        | Venice              |                   | IT         |
|        1200 | 2017 Shinjuku-ku          | 1689         | Tokyo               | Tokyo Prefecture  | JP         |
|        1300 | 9450 Kamiya-cho           | 6823         | Hiroshima           |                   | JP         |
|        1400 | 2014 Jabberwocky Rd       | 26192        | Southlake           | Texas             | US         |
|        1500 | 2011 Interiors Blvd       | 99236        | South San Francisco | California        | US         |
|        1600 | 2007 Zagora St            | 50090        | South Brunswick     | New Jersey        | US         |
|        1700 | 2004 Charade Rd           | 98199        | Seattle             | Washington        | US         |
|        1800 | 147 Spadina Ave           | M5V 2L7      | Toronto             | Ontario           | CA         |
|        1900 | 6092 Boxwood St           | YSW 9T2      | Whitehorse          | Yukon             | CA         |
|        2000 | 40-5-12 Laogianggen       | 190518       | Beijing             |                   | CN         |
|        2100 | 1298 Vileparle (E)        | 490231       | Bombay              | Maharashtra       | IN         |
|        2200 | 12-98 Victoria Street     | 2901         | Sydney              | New South Wales   | AU         |
|        2300 | 198 Clementi North        | 540198       | Singapore           |                   | SG         |
|        2400 | 8204 Arthur St            |              | London              |                   | UK         |
|        2500 | "Magdalen Centre          |  The Oxford  | OX9 9ZB             | Oxford            | Ox         |
|        2600 | 9702 Chester Road         | 9629850293   | Stretford           | Manchester        | UK         |
|        2700 | Schwanthalerstr. 7031     | 80925        | Munich              | Bavaria           | DE         |
|        2800 | Rua Frei Caneca 1360      | 01307-002    | Sao Paulo           | Sao Paulo         | BR         |
|        2900 | 20 Rue des Corps-Saints   | 1730         | Geneva              | Geneve            | CH         |
|        3000 | Murtenstrasse 921         | 3095         | Bern                | BE                | CH         |
|        3100 | Pieter Breughelstraat 837 | 3029SK       | Utrecht             | Utrecht           | NL         |
|        3200 | Mariano Escobedo 9991     | 11932        | Mexico City         | "Distrito Federal | "          |
+-------------+---------------------------+--------------+---------------------+-------------------+------------+
23 rows in set (0.0019 sec)
 MySQL  localhost:3306 ssl  empresa  SQL > SELECT * FROM regions;
+-----------+------------------------+
| REGION_ID | REGION_NAME            |
+-----------+------------------------+
|         2 | Americas               |
|         3 | Asia                   |
|         1 | Europe                 |
|         4 | Middle East and Africa |
+-----------+------------------------+
4 rows in set (0.0017 sec)
 MySQL  localhost:3306 ssl  empresa  SQL > SELECT a.first_name, a.last_name, b.department_name
                                        -> FROM employees a
                                        -> INNER JOIN departments b
                                        -> ON a.department_id = b.department_id;
+-------------+-------------+------------------+
| first_name  | last_name   | department_name  |
+-------------+-------------+------------------+
| Jennifer    | Whalen      | Administration   |
| Michael     | Hartstein   | Marketing        |
| Pat         | Fay         | Marketing        |
| Den         | Raphaely    | Purchasing       |
| Alexander   | Khoo        | Purchasing       |
| Shelli      | Baida       | Purchasing       |
| Sigal       | Tobias      | Purchasing       |
| Guy         | Himuro      | Purchasing       |
| Karen       | Colmenares  | Purchasing       |
| Susan       | Mavris      | Human Resources  |
| Matthew     | Weiss       | Shipping         |
| Adam        | Fripp       | Shipping         |
| Payam       | Kaufling    | Shipping         |
| Shanta      | Vollman     | Shipping         |
| Kevin       | Mourgos     | Shipping         |
| Julia       | Nayer       | Shipping         |
| Irene       | Mikkilineni | Shipping         |
| James       | Landry      | Shipping         |
| Steven      | Markle      | Shipping         |
| Laura       | Bissot      | Shipping         |
| Mozhe       | Atkinson    | Shipping         |
| James       | Marlow      | Shipping         |
| TJ          | Olson       | Shipping         |
| Jason       | Mallin      | Shipping         |
| Michael     | Rogers      | Shipping         |
| Ki          | Gee         | Shipping         |
| Hazel       | Philtanker  | Shipping         |
| Renske      | Ladwig      | Shipping         |
| Stephen     | Stiles      | Shipping         |
| John        | Seo         | Shipping         |
| Joshua      | Patel       | Shipping         |
| Trenna      | Rajs        | Shipping         |
| Curtis      | Davies      | Shipping         |
| Randall     | Matos       | Shipping         |
| Peter       | Vargas      | Shipping         |
| Winston     | Taylor      | Shipping         |
| Jean        | Fleaur      | Shipping         |
| Martha      | Sullivan    | Shipping         |
| Girard      | Geoni       | Shipping         |
| Nandita     | Sarchand    | Shipping         |
| Alexis      | Bull        | Shipping         |
| Julia       | Dellinger   | Shipping         |
| Anthony     | Cabrio      | Shipping         |
| Kelly       | Chung       | Shipping         |
| Jennifer    | Dilly       | Shipping         |
| Timothy     | Gates       | Shipping         |
| Randall     | Perkins     | Shipping         |
| Sarah       | Bell        | Shipping         |
| Britney     | Everett     | Shipping         |
| Samuel      | McCain      | Shipping         |
| Vance       | Jones       | Shipping         |
| Alana       | Walsh       | Shipping         |
| Kevin       | Feeney      | Shipping         |
| Donald      | OConnell    | Shipping         |
| Douglas     | Grant       | Shipping         |
| Alexander   | Hunold      | IT               |
| Bruce       | Ernst       | IT               |
| David       | Austin      | IT               |
| Valli       | Pataballa   | IT               |
| Diana       | Lorentz     | IT               |
| Hermann     | Baer        | Public Relations |
| John        | Russell     | Sales            |
| Karen       | Partners    | Sales            |
| Alberto     | Errazuriz   | Sales            |
| Gerald      | Cambrault   | Sales            |
| Eleni       | Zlotkey     | Sales            |
| Peter       | Tucker      | Sales            |
| David       | Bernstein   | Sales            |
| Peter       | Hall        | Sales            |
| Christopher | Olsen       | Sales            |
| Nanette     | Cambrault   | Sales            |
| Oliver      | Tuvault     | Sales            |
| Janette     | King        | Sales            |
| Patrick     | Sully       | Sales            |
| Allan       | McEwen      | Sales            |
| Lindsey     | Smith       | Sales            |
| Louise      | Doran       | Sales            |
| Sarath      | Sewall      | Sales            |
| Clara       | Vishney     | Sales            |
| Danielle    | Greene      | Sales            |
| Mattea      | Marvins     | Sales            |
| David       | Lee         | Sales            |
| Sundar      | Ande        | Sales            |
| Amit        | Banda       | Sales            |
| Lisa        | Ozer        | Sales            |
| Harrison    | Bloom       | Sales            |
| Tayler      | Fox         | Sales            |
| William     | Smith       | Sales            |
| Elizabeth   | Bates       | Sales            |
| Sundita     | Kumar       | Sales            |
| Ellen       | Abel        | Sales            |
| Alyssa      | Hutton      | Sales            |
| Jonathon    | Taylor      | Sales            |
| Jack        | Livingston  | Sales            |
| Charles     | Johnson     | Sales            |
| Steven      | King        | Executive        |
| Neena       | Kochhar     | Executive        |
| Lex         | De Haan     | Executive        |
| Nancy       | Greenberg   | Finance          |
| Daniel      | Faviet      | Finance          |
| John        | Chen        | Finance          |
| Ismael      | Sciarra     | Finance          |
| Jose Manuel | Urman       | Finance          |
| Luis        | Popp        | Finance          |
| Shelley     | Higgins     | Accounting       |
| William     | Gietz       | Accounting       |
+-------------+-------------+------------------+
106 rows in set (0.0015 sec)
 MySQL  localhost:3306 ssl  empresa  SQL > SELECT a.department_name, b.first_name AS manager_first_name, b.last_name AS manager_last_name
                                        -> FROM departments a
                                        -> JOIN employees b
                                        -> ^C
 MySQL  localhost:3306 ssl  empresa  SQL > SELECT a.department_name, b.first_name AS manager_first_name, b.last_name AS manager_last_name
                                        -> FROM departments a
                                        -> LEFT JOIN employees b
                                        -> ON a.manager_id = b.employee_id;
+----------------------+--------------------+-------------------+
| department_name      | manager_first_name | manager_last_name |
+----------------------+--------------------+-------------------+
| Administration       | Jennifer           | Whalen            |
| Marketing            | Michael            | Hartstein         |
| Purchasing           | Den                | Raphaely          |
| Human Resources      | Susan              | Mavris            |
| Shipping             | Adam               | Fripp             |
| IT                   | Alexander          | Hunold            |
| Public Relations     | Hermann            | Baer              |
| Sales                | John               | Russell           |
| Executive            | Steven             | King              |
| Finance              | Nancy              | Greenberg         |
| Accounting           | Shelley            | Higgins           |
| Treasury             | NULL               | NULL              |
| Corporate Tax        | NULL               | NULL              |
| Control And Credit   | NULL               | NULL              |
| Shareholder Services | NULL               | NULL              |
| Benefits             | NULL               | NULL              |
| Manufacturing        | NULL               | NULL              |
| Construction         | NULL               | NULL              |
| Contracting          | NULL               | NULL              |
| Operations           | NULL               | NULL              |
| IT Support           | NULL               | NULL              |
| NOC                  | NULL               | NULL              |
| IT Helpdesk          | NULL               | NULL              |
| Government Sales     | NULL               | NULL              |
| Retail Sales         | NULL               | NULL              |
| Recruiting           | NULL               | NULL              |
| Payroll              | NULL               | NULL              |
+----------------------+--------------------+-------------------+
27 rows in set (0.0012 sec)
 MySQL  localhost:3306 ssl  empresa  SQL > SELECT a.first_name AS manager_first_name, a.last_name AS manager_last_name, b.department_name
                                        -> FROM employees a
                                        -> INNER JOIN departments b
                                        -> ON a.employee_id = b.manager_id;
+--------------------+-------------------+------------------+
| manager_first_name | manager_last_name | department_name  |
+--------------------+-------------------+------------------+
| Jennifer           | Whalen            | Administration   |
| Michael            | Hartstein         | Marketing        |
| Den                | Raphaely          | Purchasing       |
| Susan              | Mavris            | Human Resources  |
| Adam               | Fripp             | Shipping         |
| Alexander          | Hunold            | IT               |
| Hermann            | Baer              | Public Relations |
| John               | Russell           | Sales            |
| Steven             | King              | Executive        |
| Nancy              | Greenberg         | Finance          |
| Shelley            | Higgins           | Accounting       |
+--------------------+-------------------+------------------+
11 rows in set (0.0010 sec)
 MySQL  localhost:3306 ssl  empresa  SQL > SELECT * FROM jobs;
+------------+---------------------------------+------------+------------+
| JOB_ID     | JOB_TITLE                       | MIN_SALARY | MAX_SALARY |
+------------+---------------------------------+------------+------------+
| AC_ACCOUNT | Public Accountant               |       4200 |       9000 |
| AC_MGR     | Accounting Manager              |       8200 |      16000 |
| AD_ASST    | Administration Assistant        |       3000 |       6000 |
| AD_PRES    | President                       |      20000 |      40000 |
| AD_VP      | Administration Vice President   |      15000 |      30000 |
| FI_ACCOUNT | Accountant                      |       4200 |       9000 |
| FI_MGR     | Finance Manager                 |       8200 |      16000 |
| HR_REP     | Human Resources Representative  |       4000 |       9000 |
| IT_PROG    | Programmer                      |       4000 |      10000 |
| MK_MAN     | Marketing Manager               |       9000 |      15000 |
| MK_REP     | Marketing Representative        |       4000 |       9000 |
| PR_REP     | Public Relations Representative |       4500 |      10500 |
| PU_CLERK   | Purchasing Clerk                |       2500 |       5500 |
| PU_MAN     | Purchasing Manager              |       8000 |      15000 |
| SA_MAN     | Sales Manager                   |      10000 |      20000 |
| SA_REP     | Sales Representative            |       6000 |      12000 |
| SH_CLERK   | Shipping Clerk                  |       2500 |       5500 |
| ST_CLERK   | Stock Clerk                     |       2000 |       5000 |
| ST_MAN     | Stock Manager                   |       5500 |       8500 |
+------------+---------------------------------+------------+------------+
19 rows in set (0.0030 sec)
 MySQL  localhost:3306 ssl  empresa  SQL > SELECT a.first_name, a.last_name, b.job_title, c.department_name, d.start_date, d.end_date
                                        -> FROM employees a
                                        -> INNER JOIN job_history b
                                        -> ON a.employee_id^C
 MySQL  localhost:3306 ssl  empresa  SQL > SELECT a.first_name, a.last_name, b._title, c.department_name, d.start_date, d.end_date
                                        -> FROM employees a
                                        -> LEFT JOIN job_history b
                                        -> ON a.employee_id = b.employee_id;
ERROR: 1054 (42S22): Unknown column 'b._title' in 'field list'
 MySQL  localhost:3306 ssl  empresa  SQL > SELECT a.first_name, a.last_name, b.job_title, c.department_name, d.start_date, d.end_date FROM employees a LEFT JOIN job_history d ON a.employee_id = d.employee_id
                                        -> LEFT JOIN jobs b
                                        -> ON d.job_id = b.job_id
                                        -> LEFT JOIN departmets c
                                        -> ON d.department_id = c.department_c;
ERROR: 1146 (42S02): Table 'empresa.departmets' doesn't exist
 MySQL  localhost:3306 ssl  empresa  SQL > SELECT a.first_name, a.last_name, b.job_title, c.department_name, d.start_date, d.end_date FROM employees a LEFT JOIN job_history d ON a.employee_id = d.employee_id LEFT JOIN jobs b ON d.job_id = b.job_id LEFT JOIN departments c ON d.department_id = c.department_c;
ERROR: 1054 (42S22): Unknown column 'c.department_c' in 'on clause'
 MySQL  localhost:3306 ssl  empresa  SQL > SELECT a.first_name, a.last_name, b.job_title, c.department_name, d.start_date, d.end_date FROM employees a LEFT JOIN job_history d ON a.employee_id = d.employee_id LEFT JOIN jobs b ON d.job_id = b.job_id LEFT JOIN departments c ON d.department_id = c.department_id;
+-------------+-------------+--------------------------+-----------------+------------+------------+
| first_name  | last_name   | job_title                | department_name | start_date | end_date   |
+-------------+-------------+--------------------------+-----------------+------------+------------+
| Ellen       | Abel        | NULL                     | NULL            | NULL       | NULL       |
| Sundar      | Ande        | NULL                     | NULL            | NULL       | NULL       |
| Mozhe       | Atkinson    | NULL                     | NULL            | NULL       | NULL       |
| David       | Austin      | NULL                     | NULL            | NULL       | NULL       |
| Hermann     | Baer        | NULL                     | NULL            | NULL       | NULL       |
| Shelli      | Baida       | NULL                     | NULL            | NULL       | NULL       |
| Amit        | Banda       | NULL                     | NULL            | NULL       | NULL       |
| Elizabeth   | Bates       | NULL                     | NULL            | NULL       | NULL       |
| Sarah       | Bell        | NULL                     | NULL            | NULL       | NULL       |
| David       | Bernstein   | NULL                     | NULL            | NULL       | NULL       |
| Laura       | Bissot      | NULL                     | NULL            | NULL       | NULL       |
| Harrison    | Bloom       | NULL                     | NULL            | NULL       | NULL       |
| Alexis      | Bull        | NULL                     | NULL            | NULL       | NULL       |
| Anthony     | Cabrio      | NULL                     | NULL            | NULL       | NULL       |
| Gerald      | Cambrault   | NULL                     | NULL            | NULL       | NULL       |
| Nanette     | Cambrault   | NULL                     | NULL            | NULL       | NULL       |
| John        | Chen        | NULL                     | NULL            | NULL       | NULL       |
| Kelly       | Chung       | NULL                     | NULL            | NULL       | NULL       |
| Karen       | Colmenares  | NULL                     | NULL            | NULL       | NULL       |
| Curtis      | Davies      | NULL                     | NULL            | NULL       | NULL       |
| Lex         | De Haan     | Programmer               | IT              | 1993-01-13 | 1998-07-24 |
| Julia       | Dellinger   | NULL                     | NULL            | NULL       | NULL       |
| Jennifer    | Dilly       | NULL                     | NULL            | NULL       | NULL       |
| Louise      | Doran       | NULL                     | NULL            | NULL       | NULL       |
| Bruce       | Ernst       | NULL                     | NULL            | NULL       | NULL       |
| Alberto     | Errazuriz   | NULL                     | NULL            | NULL       | NULL       |
| Britney     | Everett     | NULL                     | NULL            | NULL       | NULL       |
| Daniel      | Faviet      | NULL                     | NULL            | NULL       | NULL       |
| Pat         | Fay         | NULL                     | NULL            | NULL       | NULL       |
| Kevin       | Feeney      | NULL                     | NULL            | NULL       | NULL       |
| Jean        | Fleaur      | NULL                     | NULL            | NULL       | NULL       |
| Tayler      | Fox         | NULL                     | NULL            | NULL       | NULL       |
| Adam        | Fripp       | NULL                     | NULL            | NULL       | NULL       |
| Timothy     | Gates       | NULL                     | NULL            | NULL       | NULL       |
| Ki          | Gee         | NULL                     | NULL            | NULL       | NULL       |
| Girard      | Geoni       | NULL                     | NULL            | NULL       | NULL       |
| William     | Gietz       | NULL                     | NULL            | NULL       | NULL       |
| Douglas     | Grant       | NULL                     | NULL            | NULL       | NULL       |
| Kimberely   | Grant       | NULL                     | NULL            | NULL       | NULL       |
| Nancy       | Greenberg   | NULL                     | NULL            | NULL       | NULL       |
| Danielle    | Greene      | NULL                     | NULL            | NULL       | NULL       |
| Peter       | Hall        | NULL                     | NULL            | NULL       | NULL       |
| Michael     | Hartstein   | Marketing Representative | Marketing       | 1996-02-17 | 1999-12-19 |
| Shelley     | Higgins     | NULL                     | NULL            | NULL       | NULL       |
| Guy         | Himuro      | NULL                     | NULL            | NULL       | NULL       |
| Alexander   | Hunold      | NULL                     | NULL            | NULL       | NULL       |
| Alyssa      | Hutton      | NULL                     | NULL            | NULL       | NULL       |
| Charles     | Johnson     | NULL                     | NULL            | NULL       | NULL       |
| Vance       | Jones       | NULL                     | NULL            | NULL       | NULL       |
| Payam       | Kaufling    | Stock Clerk              | Shipping        | 1999-01-01 | 1999-12-31 |
| Alexander   | Khoo        | NULL                     | NULL            | NULL       | NULL       |
| Janette     | King        | NULL                     | NULL            | NULL       | NULL       |
| Steven      | King        | NULL                     | NULL            | NULL       | NULL       |
| Neena       | Kochhar     | Public Accountant        | Accounting      | 1989-09-21 | 1993-10-27 |
| Neena       | Kochhar     | Accounting Manager       | Accounting      | 1993-10-28 | 1997-03-15 |
| Sundita     | Kumar       | NULL                     | NULL            | NULL       | NULL       |
| Renske      | Ladwig      | NULL                     | NULL            | NULL       | NULL       |
| James       | Landry      | NULL                     | NULL            | NULL       | NULL       |
| David       | Lee         | NULL                     | NULL            | NULL       | NULL       |
| Jack        | Livingston  | NULL                     | NULL            | NULL       | NULL       |
| Diana       | Lorentz     | NULL                     | NULL            | NULL       | NULL       |
| Jason       | Mallin      | NULL                     | NULL            | NULL       | NULL       |
| Steven      | Markle      | NULL                     | NULL            | NULL       | NULL       |
| James       | Marlow      | NULL                     | NULL            | NULL       | NULL       |
| Mattea      | Marvins     | NULL                     | NULL            | NULL       | NULL       |
| Randall     | Matos       | NULL                     | NULL            | NULL       | NULL       |
| Susan       | Mavris      | NULL                     | NULL            | NULL       | NULL       |
| Samuel      | McCain      | NULL                     | NULL            | NULL       | NULL       |
| Allan       | McEwen      | NULL                     | NULL            | NULL       | NULL       |
| Irene       | Mikkilineni | NULL                     | NULL            | NULL       | NULL       |
| Kevin       | Mourgos     | NULL                     | NULL            | NULL       | NULL       |
| Julia       | Nayer       | NULL                     | NULL            | NULL       | NULL       |
| Donald      | OConnell    | NULL                     | NULL            | NULL       | NULL       |
| Christopher | Olsen       | NULL                     | NULL            | NULL       | NULL       |
| TJ          | Olson       | NULL                     | NULL            | NULL       | NULL       |
| Lisa        | Ozer        | NULL                     | NULL            | NULL       | NULL       |
| Karen       | Partners    | NULL                     | NULL            | NULL       | NULL       |
| Valli       | Pataballa   | NULL                     | NULL            | NULL       | NULL       |
| Joshua      | Patel       | NULL                     | NULL            | NULL       | NULL       |
| Randall     | Perkins     | NULL                     | NULL            | NULL       | NULL       |
| Hazel       | Philtanker  | NULL                     | NULL            | NULL       | NULL       |
| Luis        | Popp        | NULL                     | NULL            | NULL       | NULL       |
| Trenna      | Rajs        | NULL                     | NULL            | NULL       | NULL       |
| Den         | Raphaely    | Stock Clerk              | Shipping        | 1998-03-24 | 1999-12-31 |
| Michael     | Rogers      | NULL                     | NULL            | NULL       | NULL       |
| John        | Russell     | NULL                     | NULL            | NULL       | NULL       |
| Nandita     | Sarchand    | NULL                     | NULL            | NULL       | NULL       |
| Ismael      | Sciarra     | NULL                     | NULL            | NULL       | NULL       |
| John        | Seo         | NULL                     | NULL            | NULL       | NULL       |
| Sarath      | Sewall      | NULL                     | NULL            | NULL       | NULL       |
| Lindsey     | Smith       | NULL                     | NULL            | NULL       | NULL       |
| William     | Smith       | NULL                     | NULL            | NULL       | NULL       |
| Stephen     | Stiles      | NULL                     | NULL            | NULL       | NULL       |
| Martha      | Sullivan    | NULL                     | NULL            | NULL       | NULL       |
| Patrick     | Sully       | NULL                     | NULL            | NULL       | NULL       |
| Jonathon    | Taylor      | Sales Representative     | Sales           | 1998-03-24 | 1998-12-31 |
| Jonathon    | Taylor      | Sales Manager            | Sales           | 1999-01-01 | 1999-12-31 |
| Winston     | Taylor      | NULL                     | NULL            | NULL       | NULL       |
| Sigal       | Tobias      | NULL                     | NULL            | NULL       | NULL       |
| Peter       | Tucker      | NULL                     | NULL            | NULL       | NULL       |
| Oliver      | Tuvault     | NULL                     | NULL            | NULL       | NULL       |
| Jose Manuel | Urman       | NULL                     | NULL            | NULL       | NULL       |
| Peter       | Vargas      | NULL                     | NULL            | NULL       | NULL       |
| Clara       | Vishney     | NULL                     | NULL            | NULL       | NULL       |
| Shanta      | Vollman     | NULL                     | NULL            | NULL       | NULL       |
| Alana       | Walsh       | NULL                     | NULL            | NULL       | NULL       |
| Matthew     | Weiss       | NULL                     | NULL            | NULL       | NULL       |
| Jennifer    | Whalen      | Administration Assistant | Executive       | 1987-09-17 | 1993-06-17 |
| Jennifer    | Whalen      | Public Accountant        | Executive       | 1994-07-01 | 1998-12-31 |
| Eleni       | Zlotkey     | NULL                     | NULL            | NULL       | NULL       |
+-------------+-------------+--------------------------+-----------------+------------+------------+
110 rows in set (0.0012 sec)
 MySQL  localhost:3306 ssl  empresa  SQL > SELECT a.first_name, a.last_name, b.job_title, c.department_name, d.start_date, d.end_date FROM employees a JOIN job_history d ON a.employee_id = d.employee_id JOIN jobs b ON d.job_id = b.job_id JOIN departments c ON d.department_id = c.department_id;
+------------+-----------+--------------------------+-----------------+------------+------------+
| first_name | last_name | job_title                | department_name | start_date | end_date   |
+------------+-----------+--------------------------+-----------------+------------+------------+
| Neena      | Kochhar   | Public Accountant        | Accounting      | 1989-09-21 | 1993-10-27 |
| Neena      | Kochhar   | Accounting Manager       | Accounting      | 1993-10-28 | 1997-03-15 |
| Lex        | De Haan   | Programmer               | IT              | 1993-01-13 | 1998-07-24 |
| Den        | Raphaely  | Stock Clerk              | Shipping        | 1998-03-24 | 1999-12-31 |
| Payam      | Kaufling  | Stock Clerk              | Shipping        | 1999-01-01 | 1999-12-31 |
| Jonathon   | Taylor    | Sales Representative     | Sales           | 1998-03-24 | 1998-12-31 |
| Jonathon   | Taylor    | Sales Manager            | Sales           | 1999-01-01 | 1999-12-31 |
| Jennifer   | Whalen    | Administration Assistant | Executive       | 1987-09-17 | 1993-06-17 |
| Jennifer   | Whalen    | Public Accountant        | Executive       | 1994-07-01 | 1998-12-31 |
| Michael    | Hartstein | Marketing Representative | Marketing       | 1996-02-17 | 1999-12-19 |
+------------+-----------+--------------------------+-----------------+------------+------------+
10 rows in set (0.0011 sec)
 MySQL  localhost:3306 ssl  empresa  SQL > SELECT a.department_name, b.street_address, b.city, c.country_name AS country, d.region_name AS region
                                        -> FROM department a
                                        -> JOIN locations b
                                        -> ON a.location_id = b.location_id
                                        -> LEFT JOIN countries c
                                        -> ON b.country_id = c.country_id
                                        -> JOIN region d
                                        -> ON c.region_id = d.region_id;
ERROR: 1146 (42S02): Table 'empresa.department' doesn't exist
 MySQL  localhost:3306 ssl  empresa  SQL > SELECT a.department_name, b.street_address, b.city, c.country_name AS country, d.region_name AS region FROM departments a JOIN locations b  ON a.location_id = b.location_id LEFT JOIN countries c ON b.country_id = c.country_id JOIN region d ON c.region_id = d.region_id;
ERROR: 1146 (42S02): Table 'empresa.region' doesn't exist
 MySQL  localhost:3306 ssl  empresa  SQL > SELECT a.department_name, b.street_address, b.city, c.country_name AS country, d.region_name AS region FROM departments a JOIN locations b  ON a.location_id = b.location_id LEFT JOIN countries c ON b.country_id = c.country_id JOIN regions d ON c.region_id = d.region_id;
+----------------------+-----------------------+---------------------+--------------------------+----------+
| department_name      | street_address        | city                | country                  | region   |
+----------------------+-----------------------+---------------------+--------------------------+----------+
| Administration       | 2004 Charade Rd       | Seattle             | United States of America | Americas |
| Marketing            | 147 Spadina Ave       | Toronto             | Canada                   | Americas |
| Purchasing           | 2004 Charade Rd       | Seattle             | United States of America | Americas |
| Human Resources      | 8204 Arthur St        | London              | United Kingdom           | Europe   |
| Shipping             | 2011 Interiors Blvd   | South San Francisco | United States of America | Americas |
| IT                   | 2014 Jabberwocky Rd   | Southlake           | United States of America | Americas |
| Public Relations     | Schwanthalerstr. 7031 | Munich              | Germany                  | Europe   |
| Executive            | 2004 Charade Rd       | Seattle             | United States of America | Americas |
| Finance              | 2004 Charade Rd       | Seattle             | United States of America | Americas |
| Accounting           | 2004 Charade Rd       | Seattle             | United States of America | Americas |
| Treasury             | 2004 Charade Rd       | Seattle             | United States of America | Americas |
| Corporate Tax        | 2004 Charade Rd       | Seattle             | United States of America | Americas |
| Control And Credit   | 2004 Charade Rd       | Seattle             | United States of America | Americas |
| Shareholder Services | 2004 Charade Rd       | Seattle             | United States of America | Americas |
| Benefits             | 2004 Charade Rd       | Seattle             | United States of America | Americas |
| Manufacturing        | 2004 Charade Rd       | Seattle             | United States of America | Americas |
| Construction         | 2004 Charade Rd       | Seattle             | United States of America | Americas |
| Contracting          | 2004 Charade Rd       | Seattle             | United States of America | Americas |
| Operations           | 2004 Charade Rd       | Seattle             | United States of America | Americas |
| IT Support           | 2004 Charade Rd       | Seattle             | United States of America | Americas |
| NOC                  | 2004 Charade Rd       | Seattle             | United States of America | Americas |
| IT Helpdesk          | 2004 Charade Rd       | Seattle             | United States of America | Americas |
| Government Sales     | 2004 Charade Rd       | Seattle             | United States of America | Americas |
| Retail Sales         | 2004 Charade Rd       | Seattle             | United States of America | Americas |
| Recruiting           | 2004 Charade Rd       | Seattle             | United States of America | Americas |
| Payroll              | 2004 Charade Rd       | Seattle             | United States of America | Americas |
+----------------------+-----------------------+---------------------+--------------------------+----------+
26 rows in set (0.0009 sec)
 MySQL  localhost:3306 ssl  empresa  SQL > SELECT a.department_name, b.street_address, b.city, c.country_name AS country, d.region_name AS region FROM departments a JOIN locations b  ON a.location_id = b.location_id JOIN countries c ON b.country_id = c.country_id JOIN regions d ON c.region_id = d.region_id;
+----------------------+-----------------------+---------------------+--------------------------+----------+
| department_name      | street_address        | city                | country                  | region   |
+----------------------+-----------------------+---------------------+--------------------------+----------+
| Administration       | 2004 Charade Rd       | Seattle             | United States of America | Americas |
| Marketing            | 147 Spadina Ave       | Toronto             | Canada                   | Americas |
| Purchasing           | 2004 Charade Rd       | Seattle             | United States of America | Americas |
| Human Resources      | 8204 Arthur St        | London              | United Kingdom           | Europe   |
| Shipping             | 2011 Interiors Blvd   | South San Francisco | United States of America | Americas |
| IT                   | 2014 Jabberwocky Rd   | Southlake           | United States of America | Americas |
| Public Relations     | Schwanthalerstr. 7031 | Munich              | Germany                  | Europe   |
| Executive            | 2004 Charade Rd       | Seattle             | United States of America | Americas |
| Finance              | 2004 Charade Rd       | Seattle             | United States of America | Americas |
| Accounting           | 2004 Charade Rd       | Seattle             | United States of America | Americas |
| Treasury             | 2004 Charade Rd       | Seattle             | United States of America | Americas |
| Corporate Tax        | 2004 Charade Rd       | Seattle             | United States of America | Americas |
| Control And Credit   | 2004 Charade Rd       | Seattle             | United States of America | Americas |
| Shareholder Services | 2004 Charade Rd       | Seattle             | United States of America | Americas |
| Benefits             | 2004 Charade Rd       | Seattle             | United States of America | Americas |
| Manufacturing        | 2004 Charade Rd       | Seattle             | United States of America | Americas |
| Construction         | 2004 Charade Rd       | Seattle             | United States of America | Americas |
| Contracting          | 2004 Charade Rd       | Seattle             | United States of America | Americas |
| Operations           | 2004 Charade Rd       | Seattle             | United States of America | Americas |
| IT Support           | 2004 Charade Rd       | Seattle             | United States of America | Americas |
| NOC                  | 2004 Charade Rd       | Seattle             | United States of America | Americas |
| IT Helpdesk          | 2004 Charade Rd       | Seattle             | United States of America | Americas |
| Government Sales     | 2004 Charade Rd       | Seattle             | United States of America | Americas |
| Retail Sales         | 2004 Charade Rd       | Seattle             | United States of America | Americas |
| Recruiting           | 2004 Charade Rd       | Seattle             | United States of America | Americas |
| Payroll              | 2004 Charade Rd       | Seattle             | United States of America | Americas |
+----------------------+-----------------------+---------------------+--------------------------+----------+
26 rows in set (0.0009 sec)
 MySQL  localhost:3306 ssl  empresa  SQL > SELECT * FROM employees LIMIT 5;
+-------------+------------+-----------+----------+--------------+------------+---------+----------+----------------+------------+---------------+
| EMPLOYEE_ID | FIRST_NAME | LAST_NAME | EMAIL    | PHONE_NUMBER | HIRE_DATE  | JOB_ID  | SALARY   | COMMISSION_PCT | MANAGER_ID | DEPARTMENT_ID |
+-------------+------------+-----------+----------+--------------+------------+---------+----------+----------------+------------+---------------+
|         100 | Steven     | King      | SKING    | 515.123.4567 | 1987-06-17 | AD_PRES | 24000.00 |           0.00 |          0 |            90 |
|         101 | Neena      | Kochhar   | NKOCHHAR | 515.123.4568 | 1987-06-18 | AD_VP   | 17000.00 |           0.00 |        100 |            90 |
|         102 | Lex        | De Haan   | LDEHAAN  | 515.123.4569 | 1987-06-19 | AD_VP   | 17000.00 |           0.00 |        100 |            90 |
|         103 | Alexander  | Hunold    | AHUNOLD  | 590.423.4567 | 1987-06-20 | IT_PROG |  9000.00 |           0.00 |        102 |            60 |
|         104 | Bruce      | Ernst     | BERNST   | 590.423.4568 | 1987-06-21 | IT_PROG |  6000.00 |           0.00 |        103 |            60 |
+-------------+------------+-----------+----------+--------------+------------+---------+----------+----------------+------------+---------------+
5 rows in set (0.0032 sec)
 MySQL  localhost:3306 ssl  empresa  SQL > SELECT a.first_name AS manager_first_name, a.last_name AS manager_last_name, b.first_name AS employee_first_name, b.last_name AS employee_last_name
                                        -> FROM employees a
                                        -> INNER JOIN employees b
                                        -> ON
                                        -> a.manager_id = b.employee_id;
+--------------------+-------------------+---------------------+--------------------+
| manager_first_name | manager_last_name | employee_first_name | employee_last_name |
+--------------------+-------------------+---------------------+--------------------+
| Neena              | Kochhar           | Steven              | King               |
| Lex                | De Haan           | Steven              | King               |
| Alexander          | Hunold            | Lex                 | De Haan            |
| Bruce              | Ernst             | Alexander           | Hunold             |
| David              | Austin            | Alexander           | Hunold             |
| Valli              | Pataballa         | Alexander           | Hunold             |
| Diana              | Lorentz           | Alexander           | Hunold             |
| Nancy              | Greenberg         | Neena               | Kochhar            |
| Daniel             | Faviet            | Nancy               | Greenberg          |
| John               | Chen              | Nancy               | Greenberg          |
| Ismael             | Sciarra           | Nancy               | Greenberg          |
| Jose Manuel        | Urman             | Nancy               | Greenberg          |
| Luis               | Popp              | Nancy               | Greenberg          |
| Den                | Raphaely          | Steven              | King               |
| Alexander          | Khoo              | Den                 | Raphaely           |
| Shelli             | Baida             | Den                 | Raphaely           |
| Sigal              | Tobias            | Den                 | Raphaely           |
| Guy                | Himuro            | Den                 | Raphaely           |
| Karen              | Colmenares        | Den                 | Raphaely           |
| Matthew            | Weiss             | Steven              | King               |
| Adam               | Fripp             | Steven              | King               |
| Payam              | Kaufling          | Steven              | King               |
| Shanta             | Vollman           | Steven              | King               |
| Kevin              | Mourgos           | Steven              | King               |
| Julia              | Nayer             | Matthew             | Weiss              |
| Irene              | Mikkilineni       | Matthew             | Weiss              |
| James              | Landry            | Matthew             | Weiss              |
| Steven             | Markle            | Matthew             | Weiss              |
| Laura              | Bissot            | Adam                | Fripp              |
| Mozhe              | Atkinson          | Adam                | Fripp              |
| James              | Marlow            | Adam                | Fripp              |
| TJ                 | Olson             | Adam                | Fripp              |
| Jason              | Mallin            | Payam               | Kaufling           |
| Michael            | Rogers            | Payam               | Kaufling           |
| Ki                 | Gee               | Payam               | Kaufling           |
| Hazel              | Philtanker        | Payam               | Kaufling           |
| Renske             | Ladwig            | Shanta              | Vollman            |
| Stephen            | Stiles            | Shanta              | Vollman            |
| John               | Seo               | Shanta              | Vollman            |
| Joshua             | Patel             | Shanta              | Vollman            |
| Trenna             | Rajs              | Kevin               | Mourgos            |
| Curtis             | Davies            | Kevin               | Mourgos            |
| Randall            | Matos             | Kevin               | Mourgos            |
| Peter              | Vargas            | Kevin               | Mourgos            |
| John               | Russell           | Steven              | King               |
| Karen              | Partners          | Steven              | King               |
| Alberto            | Errazuriz         | Steven              | King               |
| Gerald             | Cambrault         | Steven              | King               |
| Eleni              | Zlotkey           | Steven              | King               |
| Peter              | Tucker            | John                | Russell            |
| David              | Bernstein         | John                | Russell            |
| Peter              | Hall              | John                | Russell            |
| Christopher        | Olsen             | John                | Russell            |
| Nanette            | Cambrault         | John                | Russell            |
| Oliver             | Tuvault           | John                | Russell            |
| Janette            | King              | Karen               | Partners           |
| Patrick            | Sully             | Karen               | Partners           |
| Allan              | McEwen            | Karen               | Partners           |
| Lindsey            | Smith             | Karen               | Partners           |
| Louise             | Doran             | Karen               | Partners           |
| Sarath             | Sewall            | Karen               | Partners           |
| Clara              | Vishney           | Alberto             | Errazuriz          |
| Danielle           | Greene            | Alberto             | Errazuriz          |
| Mattea             | Marvins           | Alberto             | Errazuriz          |
| David              | Lee               | Alberto             | Errazuriz          |
| Sundar             | Ande              | Alberto             | Errazuriz          |
| Amit               | Banda             | Alberto             | Errazuriz          |
| Lisa               | Ozer              | Gerald              | Cambrault          |
| Harrison           | Bloom             | Gerald              | Cambrault          |
| Tayler             | Fox               | Gerald              | Cambrault          |
| William            | Smith             | Gerald              | Cambrault          |
| Elizabeth          | Bates             | Gerald              | Cambrault          |
| Sundita            | Kumar             | Gerald              | Cambrault          |
| Ellen              | Abel              | Eleni               | Zlotkey            |
| Alyssa             | Hutton            | Eleni               | Zlotkey            |
| Jonathon           | Taylor            | Eleni               | Zlotkey            |
| Jack               | Livingston        | Eleni               | Zlotkey            |
| Kimberely          | Grant             | Eleni               | Zlotkey            |
| Charles            | Johnson           | Eleni               | Zlotkey            |
| Winston            | Taylor            | Matthew             | Weiss              |
| Jean               | Fleaur            | Matthew             | Weiss              |
| Martha             | Sullivan          | Matthew             | Weiss              |
| Girard             | Geoni             | Matthew             | Weiss              |
| Nandita            | Sarchand          | Adam                | Fripp              |
| Alexis             | Bull              | Adam                | Fripp              |
| Julia              | Dellinger         | Adam                | Fripp              |
| Anthony            | Cabrio            | Adam                | Fripp              |
| Kelly              | Chung             | Payam               | Kaufling           |
| Jennifer           | Dilly             | Payam               | Kaufling           |
| Timothy            | Gates             | Payam               | Kaufling           |
| Randall            | Perkins           | Payam               | Kaufling           |
| Sarah              | Bell              | Shanta              | Vollman            |
| Britney            | Everett           | Shanta              | Vollman            |
| Samuel             | McCain            | Shanta              | Vollman            |
| Vance              | Jones             | Shanta              | Vollman            |
| Alana              | Walsh             | Kevin               | Mourgos            |
| Kevin              | Feeney            | Kevin               | Mourgos            |
| Donald             | OConnell          | Kevin               | Mourgos            |
| Douglas            | Grant             | Kevin               | Mourgos            |
| Jennifer           | Whalen            | Neena               | Kochhar            |
| Michael            | Hartstein         | Steven              | King               |
| Pat                | Fay               | Michael             | Hartstein          |
| Susan              | Mavris            | Neena               | Kochhar            |
| Hermann            | Baer              | Neena               | Kochhar            |
| Shelley            | Higgins           | Neena               | Kochhar            |
| William            | Gietz             | Shelley             | Higgins            |
+--------------------+-------------------+---------------------+--------------------+
106 rows in set (0.0013 sec)
 MySQL  localhost:3306 ssl  empresa  SQL > SELECT a.first_name AS manager_first_name, a.last_name AS manager_last_name, b.first_name AS employee_first_name, b.last_name AS employee_last_name  FROM employees a LEFT JOIN departments c ON a.manager_id = b.manager_id
                                        -> JOIN employees b
                                        -> ON c.department_id = b.department_id;
ERROR: 1054 (42S22): Unknown column 'b.manager_id' in 'on clause'
 MySQL  localhost:3306 ssl  empresa  SQL > SELECT a.first_name AS manager_first_name, a.last_name AS manager_last_name, b.first_name AS employee_first_name, b.last_name AS employee_last_name  FROM employees a LEFT JOIN departments c ON a.manager_id = c.manager_id JOIN employees b  ON c.department_id = b.department_id;
+--------------------+-------------------+---------------------+--------------------+
| manager_first_name | manager_last_name | employee_first_name | employee_last_name |
+--------------------+-------------------+---------------------+--------------------+
| Neena              | Kochhar           | Steven              | King               |
| Lex                | De Haan           | Steven              | King               |
| Den                | Raphaely          | Steven              | King               |
| Matthew            | Weiss             | Steven              | King               |
| Adam               | Fripp             | Steven              | King               |
| Payam              | Kaufling          | Steven              | King               |
| Shanta             | Vollman           | Steven              | King               |
| Kevin              | Mourgos           | Steven              | King               |
| John               | Russell           | Steven              | King               |
| Karen              | Partners          | Steven              | King               |
| Alberto            | Errazuriz         | Steven              | King               |
| Gerald             | Cambrault         | Steven              | King               |
| Eleni              | Zlotkey           | Steven              | King               |
| Michael            | Hartstein         | Steven              | King               |
| Neena              | Kochhar           | Neena               | Kochhar            |
| Lex                | De Haan           | Neena               | Kochhar            |
| Den                | Raphaely          | Neena               | Kochhar            |
| Matthew            | Weiss             | Neena               | Kochhar            |
| Adam               | Fripp             | Neena               | Kochhar            |
| Payam              | Kaufling          | Neena               | Kochhar            |
| Shanta             | Vollman           | Neena               | Kochhar            |
| Kevin              | Mourgos           | Neena               | Kochhar            |
| John               | Russell           | Neena               | Kochhar            |
| Karen              | Partners          | Neena               | Kochhar            |
| Alberto            | Errazuriz         | Neena               | Kochhar            |
| Gerald             | Cambrault         | Neena               | Kochhar            |
| Eleni              | Zlotkey           | Neena               | Kochhar            |
| Michael            | Hartstein         | Neena               | Kochhar            |
| Neena              | Kochhar           | Lex                 | De Haan            |
| Lex                | De Haan           | Lex                 | De Haan            |
| Den                | Raphaely          | Lex                 | De Haan            |
| Matthew            | Weiss             | Lex                 | De Haan            |
| Adam               | Fripp             | Lex                 | De Haan            |
| Payam              | Kaufling          | Lex                 | De Haan            |
| Shanta             | Vollman           | Lex                 | De Haan            |
| Kevin              | Mourgos           | Lex                 | De Haan            |
| John               | Russell           | Lex                 | De Haan            |
| Karen              | Partners          | Lex                 | De Haan            |
| Alberto            | Errazuriz         | Lex                 | De Haan            |
| Gerald             | Cambrault         | Lex                 | De Haan            |
| Eleni              | Zlotkey           | Lex                 | De Haan            |
| Michael            | Hartstein         | Lex                 | De Haan            |
| Bruce              | Ernst             | Alexander           | Hunold             |
| David              | Austin            | Alexander           | Hunold             |
| Valli              | Pataballa         | Alexander           | Hunold             |
| Diana              | Lorentz           | Alexander           | Hunold             |
| Bruce              | Ernst             | Bruce               | Ernst              |
| David              | Austin            | Bruce               | Ernst              |
| Valli              | Pataballa         | Bruce               | Ernst              |
| Diana              | Lorentz           | Bruce               | Ernst              |
| Bruce              | Ernst             | David               | Austin             |
| David              | Austin            | David               | Austin             |
| Valli              | Pataballa         | David               | Austin             |
| Diana              | Lorentz           | David               | Austin             |
| Bruce              | Ernst             | Valli               | Pataballa          |
| David              | Austin            | Valli               | Pataballa          |
| Valli              | Pataballa         | Valli               | Pataballa          |
| Diana              | Lorentz           | Valli               | Pataballa          |
| Bruce              | Ernst             | Diana               | Lorentz            |
| David              | Austin            | Diana               | Lorentz            |
| Valli              | Pataballa         | Diana               | Lorentz            |
| Diana              | Lorentz           | Diana               | Lorentz            |
| Daniel             | Faviet            | Nancy               | Greenberg          |
| John               | Chen              | Nancy               | Greenberg          |
| Ismael             | Sciarra           | Nancy               | Greenberg          |
| Jose Manuel        | Urman             | Nancy               | Greenberg          |
| Luis               | Popp              | Nancy               | Greenberg          |
| Daniel             | Faviet            | Daniel              | Faviet             |
| John               | Chen              | Daniel              | Faviet             |
| Ismael             | Sciarra           | Daniel              | Faviet             |
| Jose Manuel        | Urman             | Daniel              | Faviet             |
| Luis               | Popp              | Daniel              | Faviet             |
| Daniel             | Faviet            | John                | Chen               |
| John               | Chen              | John                | Chen               |
| Ismael             | Sciarra           | John                | Chen               |
| Jose Manuel        | Urman             | John                | Chen               |
| Luis               | Popp              | John                | Chen               |
| Daniel             | Faviet            | Ismael              | Sciarra            |
| John               | Chen              | Ismael              | Sciarra            |
| Ismael             | Sciarra           | Ismael              | Sciarra            |
| Jose Manuel        | Urman             | Ismael              | Sciarra            |
| Luis               | Popp              | Ismael              | Sciarra            |
| Daniel             | Faviet            | Jose Manuel         | Urman              |
| John               | Chen              | Jose Manuel         | Urman              |
| Ismael             | Sciarra           | Jose Manuel         | Urman              |
| Jose Manuel        | Urman             | Jose Manuel         | Urman              |
| Luis               | Popp              | Jose Manuel         | Urman              |
| Daniel             | Faviet            | Luis                | Popp               |
| John               | Chen              | Luis                | Popp               |
| Ismael             | Sciarra           | Luis                | Popp               |
| Jose Manuel        | Urman             | Luis                | Popp               |
| Luis               | Popp              | Luis                | Popp               |
| Alexander          | Khoo              | Den                 | Raphaely           |
| Shelli             | Baida             | Den                 | Raphaely           |
| Sigal              | Tobias            | Den                 | Raphaely           |
| Guy                | Himuro            | Den                 | Raphaely           |
| Karen              | Colmenares        | Den                 | Raphaely           |
| Alexander          | Khoo              | Alexander           | Khoo               |
| Shelli             | Baida             | Alexander           | Khoo               |
| Sigal              | Tobias            | Alexander           | Khoo               |
| Guy                | Himuro            | Alexander           | Khoo               |
| Karen              | Colmenares        | Alexander           | Khoo               |
| Alexander          | Khoo              | Shelli              | Baida              |
| Shelli             | Baida             | Shelli              | Baida              |
| Sigal              | Tobias            | Shelli              | Baida              |
| Guy                | Himuro            | Shelli              | Baida              |
| Karen              | Colmenares        | Shelli              | Baida              |
| Alexander          | Khoo              | Sigal               | Tobias             |
| Shelli             | Baida             | Sigal               | Tobias             |
| Sigal              | Tobias            | Sigal               | Tobias             |
| Guy                | Himuro            | Sigal               | Tobias             |
| Karen              | Colmenares        | Sigal               | Tobias             |
| Alexander          | Khoo              | Guy                 | Himuro             |
| Shelli             | Baida             | Guy                 | Himuro             |
| Sigal              | Tobias            | Guy                 | Himuro             |
| Guy                | Himuro            | Guy                 | Himuro             |
| Karen              | Colmenares        | Guy                 | Himuro             |
| Alexander          | Khoo              | Karen               | Colmenares         |
| Shelli             | Baida             | Karen               | Colmenares         |
| Sigal              | Tobias            | Karen               | Colmenares         |
| Guy                | Himuro            | Karen               | Colmenares         |
| Karen              | Colmenares        | Karen               | Colmenares         |
| Laura              | Bissot            | Matthew             | Weiss              |
| Mozhe              | Atkinson          | Matthew             | Weiss              |
| James              | Marlow            | Matthew             | Weiss              |
| TJ                 | Olson             | Matthew             | Weiss              |
| Nandita            | Sarchand          | Matthew             | Weiss              |
| Alexis             | Bull              | Matthew             | Weiss              |
| Julia              | Dellinger         | Matthew             | Weiss              |
| Anthony            | Cabrio            | Matthew             | Weiss              |
| Laura              | Bissot            | Adam                | Fripp              |
| Mozhe              | Atkinson          | Adam                | Fripp              |
| James              | Marlow            | Adam                | Fripp              |
| TJ                 | Olson             | Adam                | Fripp              |
| Nandita            | Sarchand          | Adam                | Fripp              |
| Alexis             | Bull              | Adam                | Fripp              |
| Julia              | Dellinger         | Adam                | Fripp              |
| Anthony            | Cabrio            | Adam                | Fripp              |
| Laura              | Bissot            | Payam               | Kaufling           |
| Mozhe              | Atkinson          | Payam               | Kaufling           |
| James              | Marlow            | Payam               | Kaufling           |
| TJ                 | Olson             | Payam               | Kaufling           |
| Nandita            | Sarchand          | Payam               | Kaufling           |
| Alexis             | Bull              | Payam               | Kaufling           |
| Julia              | Dellinger         | Payam               | Kaufling           |
| Anthony            | Cabrio            | Payam               | Kaufling           |
| Laura              | Bissot            | Shanta              | Vollman            |
| Mozhe              | Atkinson          | Shanta              | Vollman            |
| James              | Marlow            | Shanta              | Vollman            |
| TJ                 | Olson             | Shanta              | Vollman            |
| Nandita            | Sarchand          | Shanta              | Vollman            |
| Alexis             | Bull              | Shanta              | Vollman            |
| Julia              | Dellinger         | Shanta              | Vollman            |
| Anthony            | Cabrio            | Shanta              | Vollman            |
| Laura              | Bissot            | Kevin               | Mourgos            |
| Mozhe              | Atkinson          | Kevin               | Mourgos            |
| James              | Marlow            | Kevin               | Mourgos            |
| TJ                 | Olson             | Kevin               | Mourgos            |
| Nandita            | Sarchand          | Kevin               | Mourgos            |
| Alexis             | Bull              | Kevin               | Mourgos            |
| Julia              | Dellinger         | Kevin               | Mourgos            |
| Anthony            | Cabrio            | Kevin               | Mourgos            |
| Laura              | Bissot            | Julia               | Nayer              |
| Mozhe              | Atkinson          | Julia               | Nayer              |
| James              | Marlow            | Julia               | Nayer              |
| TJ                 | Olson             | Julia               | Nayer              |
| Nandita            | Sarchand          | Julia               | Nayer              |
| Alexis             | Bull              | Julia               | Nayer              |
| Julia              | Dellinger         | Julia               | Nayer              |
| Anthony            | Cabrio            | Julia               | Nayer              |
| Laura              | Bissot            | Irene               | Mikkilineni        |
| Mozhe              | Atkinson          | Irene               | Mikkilineni        |
| James              | Marlow            | Irene               | Mikkilineni        |
| TJ                 | Olson             | Irene               | Mikkilineni        |
| Nandita            | Sarchand          | Irene               | Mikkilineni        |
| Alexis             | Bull              | Irene               | Mikkilineni        |
| Julia              | Dellinger         | Irene               | Mikkilineni        |
| Anthony            | Cabrio            | Irene               | Mikkilineni        |
| Laura              | Bissot            | James               | Landry             |
| Mozhe              | Atkinson          | James               | Landry             |
| James              | Marlow            | James               | Landry             |
| TJ                 | Olson             | James               | Landry             |
| Nandita            | Sarchand          | James               | Landry             |
| Alexis             | Bull              | James               | Landry             |
| Julia              | Dellinger         | James               | Landry             |
| Anthony            | Cabrio            | James               | Landry             |
| Laura              | Bissot            | Steven              | Markle             |
| Mozhe              | Atkinson          | Steven              | Markle             |
| James              | Marlow            | Steven              | Markle             |
| TJ                 | Olson             | Steven              | Markle             |
| Nandita            | Sarchand          | Steven              | Markle             |
| Alexis             | Bull              | Steven              | Markle             |
| Julia              | Dellinger         | Steven              | Markle             |
| Anthony            | Cabrio            | Steven              | Markle             |
| Laura              | Bissot            | Laura               | Bissot             |
| Mozhe              | Atkinson          | Laura               | Bissot             |
| James              | Marlow            | Laura               | Bissot             |
| TJ                 | Olson             | Laura               | Bissot             |
| Nandita            | Sarchand          | Laura               | Bissot             |
| Alexis             | Bull              | Laura               | Bissot             |
| Julia              | Dellinger         | Laura               | Bissot             |
| Anthony            | Cabrio            | Laura               | Bissot             |
| Laura              | Bissot            | Mozhe               | Atkinson           |
| Mozhe              | Atkinson          | Mozhe               | Atkinson           |
| James              | Marlow            | Mozhe               | Atkinson           |
| TJ                 | Olson             | Mozhe               | Atkinson           |
| Nandita            | Sarchand          | Mozhe               | Atkinson           |
| Alexis             | Bull              | Mozhe               | Atkinson           |
| Julia              | Dellinger         | Mozhe               | Atkinson           |
| Anthony            | Cabrio            | Mozhe               | Atkinson           |
| Laura              | Bissot            | James               | Marlow             |
| Mozhe              | Atkinson          | James               | Marlow             |
| James              | Marlow            | James               | Marlow             |
| TJ                 | Olson             | James               | Marlow             |
| Nandita            | Sarchand          | James               | Marlow             |
| Alexis             | Bull              | James               | Marlow             |
| Julia              | Dellinger         | James               | Marlow             |
| Anthony            | Cabrio            | James               | Marlow             |
| Laura              | Bissot            | TJ                  | Olson              |
| Mozhe              | Atkinson          | TJ                  | Olson              |
| James              | Marlow            | TJ                  | Olson              |
| TJ                 | Olson             | TJ                  | Olson              |
| Nandita            | Sarchand          | TJ                  | Olson              |
| Alexis             | Bull              | TJ                  | Olson              |
| Julia              | Dellinger         | TJ                  | Olson              |
| Anthony            | Cabrio            | TJ                  | Olson              |
| Laura              | Bissot            | Jason               | Mallin             |
| Mozhe              | Atkinson          | Jason               | Mallin             |
| James              | Marlow            | Jason               | Mallin             |
| TJ                 | Olson             | Jason               | Mallin             |
| Nandita            | Sarchand          | Jason               | Mallin             |
| Alexis             | Bull              | Jason               | Mallin             |
| Julia              | Dellinger         | Jason               | Mallin             |
| Anthony            | Cabrio            | Jason               | Mallin             |
| Laura              | Bissot            | Michael             | Rogers             |
| Mozhe              | Atkinson          | Michael             | Rogers             |
| James              | Marlow            | Michael             | Rogers             |
| TJ                 | Olson             | Michael             | Rogers             |
| Nandita            | Sarchand          | Michael             | Rogers             |
| Alexis             | Bull              | Michael             | Rogers             |
| Julia              | Dellinger         | Michael             | Rogers             |
| Anthony            | Cabrio            | Michael             | Rogers             |
| Laura              | Bissot            | Ki                  | Gee                |
| Mozhe              | Atkinson          | Ki                  | Gee                |
| James              | Marlow            | Ki                  | Gee                |
| TJ                 | Olson             | Ki                  | Gee                |
| Nandita            | Sarchand          | Ki                  | Gee                |
| Alexis             | Bull              | Ki                  | Gee                |
| Julia              | Dellinger         | Ki                  | Gee                |
| Anthony            | Cabrio            | Ki                  | Gee                |
| Laura              | Bissot            | Hazel               | Philtanker         |
| Mozhe              | Atkinson          | Hazel               | Philtanker         |
| James              | Marlow            | Hazel               | Philtanker         |
| TJ                 | Olson             | Hazel               | Philtanker         |
| Nandita            | Sarchand          | Hazel               | Philtanker         |
| Alexis             | Bull              | Hazel               | Philtanker         |
| Julia              | Dellinger         | Hazel               | Philtanker         |
| Anthony            | Cabrio            | Hazel               | Philtanker         |
| Laura              | Bissot            | Renske              | Ladwig             |
| Mozhe              | Atkinson          | Renske              | Ladwig             |
| James              | Marlow            | Renske              | Ladwig             |
| TJ                 | Olson             | Renske              | Ladwig             |
| Nandita            | Sarchand          | Renske              | Ladwig             |
| Alexis             | Bull              | Renske              | Ladwig             |
| Julia              | Dellinger         | Renske              | Ladwig             |
| Anthony            | Cabrio            | Renske              | Ladwig             |
| Laura              | Bissot            | Stephen             | Stiles             |
| Mozhe              | Atkinson          | Stephen             | Stiles             |
| James              | Marlow            | Stephen             | Stiles             |
| TJ                 | Olson             | Stephen             | Stiles             |
| Nandita            | Sarchand          | Stephen             | Stiles             |
| Alexis             | Bull              | Stephen             | Stiles             |
| Julia              | Dellinger         | Stephen             | Stiles             |
| Anthony            | Cabrio            | Stephen             | Stiles             |
| Laura              | Bissot            | John                | Seo                |
| Mozhe              | Atkinson          | John                | Seo                |
| James              | Marlow            | John                | Seo                |
| TJ                 | Olson             | John                | Seo                |
| Nandita            | Sarchand          | John                | Seo                |
| Alexis             | Bull              | John                | Seo                |
| Julia              | Dellinger         | John                | Seo                |
| Anthony            | Cabrio            | John                | Seo                |
| Laura              | Bissot            | Joshua              | Patel              |
| Mozhe              | Atkinson          | Joshua              | Patel              |
| James              | Marlow            | Joshua              | Patel              |
| TJ                 | Olson             | Joshua              | Patel              |
| Nandita            | Sarchand          | Joshua              | Patel              |
| Alexis             | Bull              | Joshua              | Patel              |
| Julia              | Dellinger         | Joshua              | Patel              |
| Anthony            | Cabrio            | Joshua              | Patel              |
| Laura              | Bissot            | Trenna              | Rajs               |
| Mozhe              | Atkinson          | Trenna              | Rajs               |
| James              | Marlow            | Trenna              | Rajs               |
| TJ                 | Olson             | Trenna              | Rajs               |
| Nandita            | Sarchand          | Trenna              | Rajs               |
| Alexis             | Bull              | Trenna              | Rajs               |
| Julia              | Dellinger         | Trenna              | Rajs               |
| Anthony            | Cabrio            | Trenna              | Rajs               |
| Laura              | Bissot            | Curtis              | Davies             |
| Mozhe              | Atkinson          | Curtis              | Davies             |
| James              | Marlow            | Curtis              | Davies             |
| TJ                 | Olson             | Curtis              | Davies             |
| Nandita            | Sarchand          | Curtis              | Davies             |
| Alexis             | Bull              | Curtis              | Davies             |
| Julia              | Dellinger         | Curtis              | Davies             |
| Anthony            | Cabrio            | Curtis              | Davies             |
| Laura              | Bissot            | Randall             | Matos              |
| Mozhe              | Atkinson          | Randall             | Matos              |
| James              | Marlow            | Randall             | Matos              |
| TJ                 | Olson             | Randall             | Matos              |
| Nandita            | Sarchand          | Randall             | Matos              |
| Alexis             | Bull              | Randall             | Matos              |
| Julia              | Dellinger         | Randall             | Matos              |
| Anthony            | Cabrio            | Randall             | Matos              |
| Laura              | Bissot            | Peter               | Vargas             |
| Mozhe              | Atkinson          | Peter               | Vargas             |
| James              | Marlow            | Peter               | Vargas             |
| TJ                 | Olson             | Peter               | Vargas             |
| Nandita            | Sarchand          | Peter               | Vargas             |
| Alexis             | Bull              | Peter               | Vargas             |
| Julia              | Dellinger         | Peter               | Vargas             |
| Anthony            | Cabrio            | Peter               | Vargas             |
| Peter              | Tucker            | John                | Russell            |
| David              | Bernstein         | John                | Russell            |
| Peter              | Hall              | John                | Russell            |
| Christopher        | Olsen             | John                | Russell            |
| Nanette            | Cambrault         | John                | Russell            |
| Oliver             | Tuvault           | John                | Russell            |
| Peter              | Tucker            | Karen               | Partners           |
| David              | Bernstein         | Karen               | Partners           |
| Peter              | Hall              | Karen               | Partners           |
| Christopher        | Olsen             | Karen               | Partners           |
| Nanette            | Cambrault         | Karen               | Partners           |
| Oliver             | Tuvault           | Karen               | Partners           |
| Peter              | Tucker            | Alberto             | Errazuriz          |
| David              | Bernstein         | Alberto             | Errazuriz          |
| Peter              | Hall              | Alberto             | Errazuriz          |
| Christopher        | Olsen             | Alberto             | Errazuriz          |
| Nanette            | Cambrault         | Alberto             | Errazuriz          |
| Oliver             | Tuvault           | Alberto             | Errazuriz          |
| Peter              | Tucker            | Gerald              | Cambrault          |
| David              | Bernstein         | Gerald              | Cambrault          |
| Peter              | Hall              | Gerald              | Cambrault          |
| Christopher        | Olsen             | Gerald              | Cambrault          |
| Nanette            | Cambrault         | Gerald              | Cambrault          |
| Oliver             | Tuvault           | Gerald              | Cambrault          |
| Peter              | Tucker            | Eleni               | Zlotkey            |
| David              | Bernstein         | Eleni               | Zlotkey            |
| Peter              | Hall              | Eleni               | Zlotkey            |
| Christopher        | Olsen             | Eleni               | Zlotkey            |
| Nanette            | Cambrault         | Eleni               | Zlotkey            |
| Oliver             | Tuvault           | Eleni               | Zlotkey            |
| Peter              | Tucker            | Peter               | Tucker             |
| David              | Bernstein         | Peter               | Tucker             |
| Peter              | Hall              | Peter               | Tucker             |
| Christopher        | Olsen             | Peter               | Tucker             |
| Nanette            | Cambrault         | Peter               | Tucker             |
| Oliver             | Tuvault           | Peter               | Tucker             |
| Peter              | Tucker            | David               | Bernstein          |
| David              | Bernstein         | David               | Bernstein          |
| Peter              | Hall              | David               | Bernstein          |
| Christopher        | Olsen             | David               | Bernstein          |
| Nanette            | Cambrault         | David               | Bernstein          |
| Oliver             | Tuvault           | David               | Bernstein          |
| Peter              | Tucker            | Peter               | Hall               |
| David              | Bernstein         | Peter               | Hall               |
| Peter              | Hall              | Peter               | Hall               |
| Christopher        | Olsen             | Peter               | Hall               |
| Nanette            | Cambrault         | Peter               | Hall               |
| Oliver             | Tuvault           | Peter               | Hall               |
| Peter              | Tucker            | Christopher         | Olsen              |
| David              | Bernstein         | Christopher         | Olsen              |
| Peter              | Hall              | Christopher         | Olsen              |
| Christopher        | Olsen             | Christopher         | Olsen              |
| Nanette            | Cambrault         | Christopher         | Olsen              |
| Oliver             | Tuvault           | Christopher         | Olsen              |
| Peter              | Tucker            | Nanette             | Cambrault          |
| David              | Bernstein         | Nanette             | Cambrault          |
| Peter              | Hall              | Nanette             | Cambrault          |
| Christopher        | Olsen             | Nanette             | Cambrault          |
| Nanette            | Cambrault         | Nanette             | Cambrault          |
| Oliver             | Tuvault           | Nanette             | Cambrault          |
| Peter              | Tucker            | Oliver              | Tuvault            |
| David              | Bernstein         | Oliver              | Tuvault            |
| Peter              | Hall              | Oliver              | Tuvault            |
| Christopher        | Olsen             | Oliver              | Tuvault            |
| Nanette            | Cambrault         | Oliver              | Tuvault            |
| Oliver             | Tuvault           | Oliver              | Tuvault            |
| Peter              | Tucker            | Janette             | King               |
| David              | Bernstein         | Janette             | King               |
| Peter              | Hall              | Janette             | King               |
| Christopher        | Olsen             | Janette             | King               |
| Nanette            | Cambrault         | Janette             | King               |
| Oliver             | Tuvault           | Janette             | King               |
| Peter              | Tucker            | Patrick             | Sully              |
| David              | Bernstein         | Patrick             | Sully              |
| Peter              | Hall              | Patrick             | Sully              |
| Christopher        | Olsen             | Patrick             | Sully              |
| Nanette            | Cambrault         | Patrick             | Sully              |
| Oliver             | Tuvault           | Patrick             | Sully              |
| Peter              | Tucker            | Allan               | McEwen             |
| David              | Bernstein         | Allan               | McEwen             |
| Peter              | Hall              | Allan               | McEwen             |
| Christopher        | Olsen             | Allan               | McEwen             |
| Nanette            | Cambrault         | Allan               | McEwen             |
| Oliver             | Tuvault           | Allan               | McEwen             |
| Peter              | Tucker            | Lindsey             | Smith              |
| David              | Bernstein         | Lindsey             | Smith              |
| Peter              | Hall              | Lindsey             | Smith              |
| Christopher        | Olsen             | Lindsey             | Smith              |
| Nanette            | Cambrault         | Lindsey             | Smith              |
| Oliver             | Tuvault           | Lindsey             | Smith              |
| Peter              | Tucker            | Louise              | Doran              |
| David              | Bernstein         | Louise              | Doran              |
| Peter              | Hall              | Louise              | Doran              |
| Christopher        | Olsen             | Louise              | Doran              |
| Nanette            | Cambrault         | Louise              | Doran              |
| Oliver             | Tuvault           | Louise              | Doran              |
| Peter              | Tucker            | Sarath              | Sewall             |
| David              | Bernstein         | Sarath              | Sewall             |
| Peter              | Hall              | Sarath              | Sewall             |
| Christopher        | Olsen             | Sarath              | Sewall             |
| Nanette            | Cambrault         | Sarath              | Sewall             |
| Oliver             | Tuvault           | Sarath              | Sewall             |
| Peter              | Tucker            | Clara               | Vishney            |
| David              | Bernstein         | Clara               | Vishney            |
| Peter              | Hall              | Clara               | Vishney            |
| Christopher        | Olsen             | Clara               | Vishney            |
| Nanette            | Cambrault         | Clara               | Vishney            |
| Oliver             | Tuvault           | Clara               | Vishney            |
| Peter              | Tucker            | Danielle            | Greene             |
| David              | Bernstein         | Danielle            | Greene             |
| Peter              | Hall              | Danielle            | Greene             |
| Christopher        | Olsen             | Danielle            | Greene             |
| Nanette            | Cambrault         | Danielle            | Greene             |
| Oliver             | Tuvault           | Danielle            | Greene             |
| Peter              | Tucker            | Mattea              | Marvins            |
| David              | Bernstein         | Mattea              | Marvins            |
| Peter              | Hall              | Mattea              | Marvins            |
| Christopher        | Olsen             | Mattea              | Marvins            |
| Nanette            | Cambrault         | Mattea              | Marvins            |
| Oliver             | Tuvault           | Mattea              | Marvins            |
| Peter              | Tucker            | David               | Lee                |
| David              | Bernstein         | David               | Lee                |
| Peter              | Hall              | David               | Lee                |
| Christopher        | Olsen             | David               | Lee                |
| Nanette            | Cambrault         | David               | Lee                |
| Oliver             | Tuvault           | David               | Lee                |
| Peter              | Tucker            | Sundar              | Ande               |
| David              | Bernstein         | Sundar              | Ande               |
| Peter              | Hall              | Sundar              | Ande               |
| Christopher        | Olsen             | Sundar              | Ande               |
| Nanette            | Cambrault         | Sundar              | Ande               |
| Oliver             | Tuvault           | Sundar              | Ande               |
| Peter              | Tucker            | Amit                | Banda              |
| David              | Bernstein         | Amit                | Banda              |
| Peter              | Hall              | Amit                | Banda              |
| Christopher        | Olsen             | Amit                | Banda              |
| Nanette            | Cambrault         | Amit                | Banda              |
| Oliver             | Tuvault           | Amit                | Banda              |
| Peter              | Tucker            | Lisa                | Ozer               |
| David              | Bernstein         | Lisa                | Ozer               |
| Peter              | Hall              | Lisa                | Ozer               |
| Christopher        | Olsen             | Lisa                | Ozer               |
| Nanette            | Cambrault         | Lisa                | Ozer               |
| Oliver             | Tuvault           | Lisa                | Ozer               |
| Peter              | Tucker            | Harrison            | Bloom              |
| David              | Bernstein         | Harrison            | Bloom              |
| Peter              | Hall              | Harrison            | Bloom              |
| Christopher        | Olsen             | Harrison            | Bloom              |
| Nanette            | Cambrault         | Harrison            | Bloom              |
| Oliver             | Tuvault           | Harrison            | Bloom              |
| Peter              | Tucker            | Tayler              | Fox                |
| David              | Bernstein         | Tayler              | Fox                |
| Peter              | Hall              | Tayler              | Fox                |
| Christopher        | Olsen             | Tayler              | Fox                |
| Nanette            | Cambrault         | Tayler              | Fox                |
| Oliver             | Tuvault           | Tayler              | Fox                |
| Peter              | Tucker            | William             | Smith              |
| David              | Bernstein         | William             | Smith              |
| Peter              | Hall              | William             | Smith              |
| Christopher        | Olsen             | William             | Smith              |
| Nanette            | Cambrault         | William             | Smith              |
| Oliver             | Tuvault           | William             | Smith              |
| Peter              | Tucker            | Elizabeth           | Bates              |
| David              | Bernstein         | Elizabeth           | Bates              |
| Peter              | Hall              | Elizabeth           | Bates              |
| Christopher        | Olsen             | Elizabeth           | Bates              |
| Nanette            | Cambrault         | Elizabeth           | Bates              |
| Oliver             | Tuvault           | Elizabeth           | Bates              |
| Peter              | Tucker            | Sundita             | Kumar              |
| David              | Bernstein         | Sundita             | Kumar              |
| Peter              | Hall              | Sundita             | Kumar              |
| Christopher        | Olsen             | Sundita             | Kumar              |
| Nanette            | Cambrault         | Sundita             | Kumar              |
| Oliver             | Tuvault           | Sundita             | Kumar              |
| Peter              | Tucker            | Ellen               | Abel               |
| David              | Bernstein         | Ellen               | Abel               |
| Peter              | Hall              | Ellen               | Abel               |
| Christopher        | Olsen             | Ellen               | Abel               |
| Nanette            | Cambrault         | Ellen               | Abel               |
| Oliver             | Tuvault           | Ellen               | Abel               |
| Peter              | Tucker            | Alyssa              | Hutton             |
| David              | Bernstein         | Alyssa              | Hutton             |
| Peter              | Hall              | Alyssa              | Hutton             |
| Christopher        | Olsen             | Alyssa              | Hutton             |
| Nanette            | Cambrault         | Alyssa              | Hutton             |
| Oliver             | Tuvault           | Alyssa              | Hutton             |
| Peter              | Tucker            | Jonathon            | Taylor             |
| David              | Bernstein         | Jonathon            | Taylor             |
| Peter              | Hall              | Jonathon            | Taylor             |
| Christopher        | Olsen             | Jonathon            | Taylor             |
| Nanette            | Cambrault         | Jonathon            | Taylor             |
| Oliver             | Tuvault           | Jonathon            | Taylor             |
| Peter              | Tucker            | Jack                | Livingston         |
| David              | Bernstein         | Jack                | Livingston         |
| Peter              | Hall              | Jack                | Livingston         |
| Christopher        | Olsen             | Jack                | Livingston         |
| Nanette            | Cambrault         | Jack                | Livingston         |
| Oliver             | Tuvault           | Jack                | Livingston         |
| Peter              | Tucker            | Charles             | Johnson            |
| David              | Bernstein         | Charles             | Johnson            |
| Peter              | Hall              | Charles             | Johnson            |
| Christopher        | Olsen             | Charles             | Johnson            |
| Nanette            | Cambrault         | Charles             | Johnson            |
| Oliver             | Tuvault           | Charles             | Johnson            |
| Laura              | Bissot            | Winston             | Taylor             |
| Mozhe              | Atkinson          | Winston             | Taylor             |
| James              | Marlow            | Winston             | Taylor             |
| TJ                 | Olson             | Winston             | Taylor             |
| Nandita            | Sarchand          | Winston             | Taylor             |
| Alexis             | Bull              | Winston             | Taylor             |
| Julia              | Dellinger         | Winston             | Taylor             |
| Anthony            | Cabrio            | Winston             | Taylor             |
| Laura              | Bissot            | Jean                | Fleaur             |
| Mozhe              | Atkinson          | Jean                | Fleaur             |
| James              | Marlow            | Jean                | Fleaur             |
| TJ                 | Olson             | Jean                | Fleaur             |
| Nandita            | Sarchand          | Jean                | Fleaur             |
| Alexis             | Bull              | Jean                | Fleaur             |
| Julia              | Dellinger         | Jean                | Fleaur             |
| Anthony            | Cabrio            | Jean                | Fleaur             |
| Laura              | Bissot            | Martha              | Sullivan           |
| Mozhe              | Atkinson          | Martha              | Sullivan           |
| James              | Marlow            | Martha              | Sullivan           |
| TJ                 | Olson             | Martha              | Sullivan           |
| Nandita            | Sarchand          | Martha              | Sullivan           |
| Alexis             | Bull              | Martha              | Sullivan           |
| Julia              | Dellinger         | Martha              | Sullivan           |
| Anthony            | Cabrio            | Martha              | Sullivan           |
| Laura              | Bissot            | Girard              | Geoni              |
| Mozhe              | Atkinson          | Girard              | Geoni              |
| James              | Marlow            | Girard              | Geoni              |
| TJ                 | Olson             | Girard              | Geoni              |
| Nandita            | Sarchand          | Girard              | Geoni              |
| Alexis             | Bull              | Girard              | Geoni              |
| Julia              | Dellinger         | Girard              | Geoni              |
| Anthony            | Cabrio            | Girard              | Geoni              |
| Laura              | Bissot            | Nandita             | Sarchand           |
| Mozhe              | Atkinson          | Nandita             | Sarchand           |
| James              | Marlow            | Nandita             | Sarchand           |
| TJ                 | Olson             | Nandita             | Sarchand           |
| Nandita            | Sarchand          | Nandita             | Sarchand           |
| Alexis             | Bull              | Nandita             | Sarchand           |
| Julia              | Dellinger         | Nandita             | Sarchand           |
| Anthony            | Cabrio            | Nandita             | Sarchand           |
| Laura              | Bissot            | Alexis              | Bull               |
| Mozhe              | Atkinson          | Alexis              | Bull               |
| James              | Marlow            | Alexis              | Bull               |
| TJ                 | Olson             | Alexis              | Bull               |
| Nandita            | Sarchand          | Alexis              | Bull               |
| Alexis             | Bull              | Alexis              | Bull               |
| Julia              | Dellinger         | Alexis              | Bull               |
| Anthony            | Cabrio            | Alexis              | Bull               |
| Laura              | Bissot            | Julia               | Dellinger          |
| Mozhe              | Atkinson          | Julia               | Dellinger          |
| James              | Marlow            | Julia               | Dellinger          |
| TJ                 | Olson             | Julia               | Dellinger          |
| Nandita            | Sarchand          | Julia               | Dellinger          |
| Alexis             | Bull              | Julia               | Dellinger          |
| Julia              | Dellinger         | Julia               | Dellinger          |
| Anthony            | Cabrio            | Julia               | Dellinger          |
| Laura              | Bissot            | Anthony             | Cabrio             |
| Mozhe              | Atkinson          | Anthony             | Cabrio             |
| James              | Marlow            | Anthony             | Cabrio             |
| TJ                 | Olson             | Anthony             | Cabrio             |
| Nandita            | Sarchand          | Anthony             | Cabrio             |
| Alexis             | Bull              | Anthony             | Cabrio             |
| Julia              | Dellinger         | Anthony             | Cabrio             |
| Anthony            | Cabrio            | Anthony             | Cabrio             |
| Laura              | Bissot            | Kelly               | Chung              |
| Mozhe              | Atkinson          | Kelly               | Chung              |
| James              | Marlow            | Kelly               | Chung              |
| TJ                 | Olson             | Kelly               | Chung              |
| Nandita            | Sarchand          | Kelly               | Chung              |
| Alexis             | Bull              | Kelly               | Chung              |
| Julia              | Dellinger         | Kelly               | Chung              |
| Anthony            | Cabrio            | Kelly               | Chung              |
| Laura              | Bissot            | Jennifer            | Dilly              |
| Mozhe              | Atkinson          | Jennifer            | Dilly              |
| James              | Marlow            | Jennifer            | Dilly              |
| TJ                 | Olson             | Jennifer            | Dilly              |
| Nandita            | Sarchand          | Jennifer            | Dilly              |
| Alexis             | Bull              | Jennifer            | Dilly              |
| Julia              | Dellinger         | Jennifer            | Dilly              |
| Anthony            | Cabrio            | Jennifer            | Dilly              |
| Laura              | Bissot            | Timothy             | Gates              |
| Mozhe              | Atkinson          | Timothy             | Gates              |
| James              | Marlow            | Timothy             | Gates              |
| TJ                 | Olson             | Timothy             | Gates              |
| Nandita            | Sarchand          | Timothy             | Gates              |
| Alexis             | Bull              | Timothy             | Gates              |
| Julia              | Dellinger         | Timothy             | Gates              |
| Anthony            | Cabrio            | Timothy             | Gates              |
| Laura              | Bissot            | Randall             | Perkins            |
| Mozhe              | Atkinson          | Randall             | Perkins            |
| James              | Marlow            | Randall             | Perkins            |
| TJ                 | Olson             | Randall             | Perkins            |
| Nandita            | Sarchand          | Randall             | Perkins            |
| Alexis             | Bull              | Randall             | Perkins            |
| Julia              | Dellinger         | Randall             | Perkins            |
| Anthony            | Cabrio            | Randall             | Perkins            |
| Laura              | Bissot            | Sarah               | Bell               |
| Mozhe              | Atkinson          | Sarah               | Bell               |
| James              | Marlow            | Sarah               | Bell               |
| TJ                 | Olson             | Sarah               | Bell               |
| Nandita            | Sarchand          | Sarah               | Bell               |
| Alexis             | Bull              | Sarah               | Bell               |
| Julia              | Dellinger         | Sarah               | Bell               |
| Anthony            | Cabrio            | Sarah               | Bell               |
| Laura              | Bissot            | Britney             | Everett            |
| Mozhe              | Atkinson          | Britney             | Everett            |
| James              | Marlow            | Britney             | Everett            |
| TJ                 | Olson             | Britney             | Everett            |
| Nandita            | Sarchand          | Britney             | Everett            |
| Alexis             | Bull              | Britney             | Everett            |
| Julia              | Dellinger         | Britney             | Everett            |
| Anthony            | Cabrio            | Britney             | Everett            |
| Laura              | Bissot            | Samuel              | McCain             |
| Mozhe              | Atkinson          | Samuel              | McCain             |
| James              | Marlow            | Samuel              | McCain             |
| TJ                 | Olson             | Samuel              | McCain             |
| Nandita            | Sarchand          | Samuel              | McCain             |
| Alexis             | Bull              | Samuel              | McCain             |
| Julia              | Dellinger         | Samuel              | McCain             |
| Anthony            | Cabrio            | Samuel              | McCain             |
| Laura              | Bissot            | Vance               | Jones              |
| Mozhe              | Atkinson          | Vance               | Jones              |
| James              | Marlow            | Vance               | Jones              |
| TJ                 | Olson             | Vance               | Jones              |
| Nandita            | Sarchand          | Vance               | Jones              |
| Alexis             | Bull              | Vance               | Jones              |
| Julia              | Dellinger         | Vance               | Jones              |
| Anthony            | Cabrio            | Vance               | Jones              |
| Laura              | Bissot            | Alana               | Walsh              |
| Mozhe              | Atkinson          | Alana               | Walsh              |
| James              | Marlow            | Alana               | Walsh              |
| TJ                 | Olson             | Alana               | Walsh              |
| Nandita            | Sarchand          | Alana               | Walsh              |
| Alexis             | Bull              | Alana               | Walsh              |
| Julia              | Dellinger         | Alana               | Walsh              |
| Anthony            | Cabrio            | Alana               | Walsh              |
| Laura              | Bissot            | Kevin               | Feeney             |
| Mozhe              | Atkinson          | Kevin               | Feeney             |
| James              | Marlow            | Kevin               | Feeney             |
| TJ                 | Olson             | Kevin               | Feeney             |
| Nandita            | Sarchand          | Kevin               | Feeney             |
| Alexis             | Bull              | Kevin               | Feeney             |
| Julia              | Dellinger         | Kevin               | Feeney             |
| Anthony            | Cabrio            | Kevin               | Feeney             |
| Laura              | Bissot            | Donald              | OConnell           |
| Mozhe              | Atkinson          | Donald              | OConnell           |
| James              | Marlow            | Donald              | OConnell           |
| TJ                 | Olson             | Donald              | OConnell           |
| Nandita            | Sarchand          | Donald              | OConnell           |
| Alexis             | Bull              | Donald              | OConnell           |
| Julia              | Dellinger         | Donald              | OConnell           |
| Anthony            | Cabrio            | Donald              | OConnell           |
| Laura              | Bissot            | Douglas             | Grant              |
| Mozhe              | Atkinson          | Douglas             | Grant              |
| James              | Marlow            | Douglas             | Grant              |
| TJ                 | Olson             | Douglas             | Grant              |
| Nandita            | Sarchand          | Douglas             | Grant              |
| Alexis             | Bull              | Douglas             | Grant              |
| Julia              | Dellinger         | Douglas             | Grant              |
| Anthony            | Cabrio            | Douglas             | Grant              |
| Pat                | Fay               | Michael             | Hartstein          |
| Pat                | Fay               | Pat                 | Fay                |
| William            | Gietz             | Shelley             | Higgins            |
| William            | Gietz             | William             | Gietz              |
+--------------------+-------------------+---------------------+--------------------+
690 rows in set (0.0016 sec)
 MySQL  localhost:3306 ssl  empresa  SQL > SELECT a.first_name AS manager_first_name, a.last_name AS manager_last_name, b.first_name AS employee_first_name, b.last_name AS employee_last_name  FROM employees b INNER JOIN employees a ON a.manager_id = b.employee_id;
+--------------------+-------------------+---------------------+--------------------+
| manager_first_name | manager_last_name | employee_first_name | employee_last_name |
+--------------------+-------------------+---------------------+--------------------+
| Neena              | Kochhar           | Steven              | King               |
| Lex                | De Haan           | Steven              | King               |
| Alexander          | Hunold            | Lex                 | De Haan            |
| Bruce              | Ernst             | Alexander           | Hunold             |
| David              | Austin            | Alexander           | Hunold             |
| Valli              | Pataballa         | Alexander           | Hunold             |
| Diana              | Lorentz           | Alexander           | Hunold             |
| Nancy              | Greenberg         | Neena               | Kochhar            |
| Daniel             | Faviet            | Nancy               | Greenberg          |
| John               | Chen              | Nancy               | Greenberg          |
| Ismael             | Sciarra           | Nancy               | Greenberg          |
| Jose Manuel        | Urman             | Nancy               | Greenberg          |
| Luis               | Popp              | Nancy               | Greenberg          |
| Den                | Raphaely          | Steven              | King               |
| Alexander          | Khoo              | Den                 | Raphaely           |
| Shelli             | Baida             | Den                 | Raphaely           |
| Sigal              | Tobias            | Den                 | Raphaely           |
| Guy                | Himuro            | Den                 | Raphaely           |
| Karen              | Colmenares        | Den                 | Raphaely           |
| Matthew            | Weiss             | Steven              | King               |
| Adam               | Fripp             | Steven              | King               |
| Payam              | Kaufling          | Steven              | King               |
| Shanta             | Vollman           | Steven              | King               |
| Kevin              | Mourgos           | Steven              | King               |
| Julia              | Nayer             | Matthew             | Weiss              |
| Irene              | Mikkilineni       | Matthew             | Weiss              |
| James              | Landry            | Matthew             | Weiss              |
| Steven             | Markle            | Matthew             | Weiss              |
| Laura              | Bissot            | Adam                | Fripp              |
| Mozhe              | Atkinson          | Adam                | Fripp              |
| James              | Marlow            | Adam                | Fripp              |
| TJ                 | Olson             | Adam                | Fripp              |
| Jason              | Mallin            | Payam               | Kaufling           |
| Michael            | Rogers            | Payam               | Kaufling           |
| Ki                 | Gee               | Payam               | Kaufling           |
| Hazel              | Philtanker        | Payam               | Kaufling           |
| Renske             | Ladwig            | Shanta              | Vollman            |
| Stephen            | Stiles            | Shanta              | Vollman            |
| John               | Seo               | Shanta              | Vollman            |
| Joshua             | Patel             | Shanta              | Vollman            |
| Trenna             | Rajs              | Kevin               | Mourgos            |
| Curtis             | Davies            | Kevin               | Mourgos            |
| Randall            | Matos             | Kevin               | Mourgos            |
| Peter              | Vargas            | Kevin               | Mourgos            |
| John               | Russell           | Steven              | King               |
| Karen              | Partners          | Steven              | King               |
| Alberto            | Errazuriz         | Steven              | King               |
| Gerald             | Cambrault         | Steven              | King               |
| Eleni              | Zlotkey           | Steven              | King               |
| Peter              | Tucker            | John                | Russell            |
| David              | Bernstein         | John                | Russell            |
| Peter              | Hall              | John                | Russell            |
| Christopher        | Olsen             | John                | Russell            |
| Nanette            | Cambrault         | John                | Russell            |
| Oliver             | Tuvault           | John                | Russell            |
| Janette            | King              | Karen               | Partners           |
| Patrick            | Sully             | Karen               | Partners           |
| Allan              | McEwen            | Karen               | Partners           |
| Lindsey            | Smith             | Karen               | Partners           |
| Louise             | Doran             | Karen               | Partners           |
| Sarath             | Sewall            | Karen               | Partners           |
| Clara              | Vishney           | Alberto             | Errazuriz          |
| Danielle           | Greene            | Alberto             | Errazuriz          |
| Mattea             | Marvins           | Alberto             | Errazuriz          |
| David              | Lee               | Alberto             | Errazuriz          |
| Sundar             | Ande              | Alberto             | Errazuriz          |
| Amit               | Banda             | Alberto             | Errazuriz          |
| Lisa               | Ozer              | Gerald              | Cambrault          |
| Harrison           | Bloom             | Gerald              | Cambrault          |
| Tayler             | Fox               | Gerald              | Cambrault          |
| William            | Smith             | Gerald              | Cambrault          |
| Elizabeth          | Bates             | Gerald              | Cambrault          |
| Sundita            | Kumar             | Gerald              | Cambrault          |
| Ellen              | Abel              | Eleni               | Zlotkey            |
| Alyssa             | Hutton            | Eleni               | Zlotkey            |
| Jonathon           | Taylor            | Eleni               | Zlotkey            |
| Jack               | Livingston        | Eleni               | Zlotkey            |
| Kimberely          | Grant             | Eleni               | Zlotkey            |
| Charles            | Johnson           | Eleni               | Zlotkey            |
| Winston            | Taylor            | Matthew             | Weiss              |
| Jean               | Fleaur            | Matthew             | Weiss              |
| Martha             | Sullivan          | Matthew             | Weiss              |
| Girard             | Geoni             | Matthew             | Weiss              |
| Nandita            | Sarchand          | Adam                | Fripp              |
| Alexis             | Bull              | Adam                | Fripp              |
| Julia              | Dellinger         | Adam                | Fripp              |
| Anthony            | Cabrio            | Adam                | Fripp              |
| Kelly              | Chung             | Payam               | Kaufling           |
| Jennifer           | Dilly             | Payam               | Kaufling           |
| Timothy            | Gates             | Payam               | Kaufling           |
| Randall            | Perkins           | Payam               | Kaufling           |
| Sarah              | Bell              | Shanta              | Vollman            |
| Britney            | Everett           | Shanta              | Vollman            |
| Samuel             | McCain            | Shanta              | Vollman            |
| Vance              | Jones             | Shanta              | Vollman            |
| Alana              | Walsh             | Kevin               | Mourgos            |
| Kevin              | Feeney            | Kevin               | Mourgos            |
| Donald             | OConnell          | Kevin               | Mourgos            |
| Douglas            | Grant             | Kevin               | Mourgos            |
| Jennifer           | Whalen            | Neena               | Kochhar            |
| Michael            | Hartstein         | Steven              | King               |
| Pat                | Fay               | Michael             | Hartstein          |
| Susan              | Mavris            | Neena               | Kochhar            |
| Hermann            | Baer              | Neena               | Kochhar            |
| Shelley            | Higgins           | Neena               | Kochhar            |
| William            | Gietz             | Shelley             | Higgins            |
+--------------------+-------------------+---------------------+--------------------+
106 rows in set (0.0010 sec)
 MySQL  localhost:3306 ssl  empresa  SQL > SELECT a.first_name AS employee_first_name, a.last_name AS employee_last_name, b.first_name AS manager_first_name, b.last_name AS manager_last_name  FROM employees a INNER JOIN employees b ON a.manager_id = b.employee_id;
+---------------------+--------------------+--------------------+-------------------+
| employee_first_name | employee_last_name | manager_first_name | manager_last_name |
+---------------------+--------------------+--------------------+-------------------+
| Neena               | Kochhar            | Steven             | King              |
| Lex                 | De Haan            | Steven             | King              |
| Alexander           | Hunold             | Lex                | De Haan           |
| Bruce               | Ernst              | Alexander          | Hunold            |
| David               | Austin             | Alexander          | Hunold            |
| Valli               | Pataballa          | Alexander          | Hunold            |
| Diana               | Lorentz            | Alexander          | Hunold            |
| Nancy               | Greenberg          | Neena              | Kochhar           |
| Daniel              | Faviet             | Nancy              | Greenberg         |
| John                | Chen               | Nancy              | Greenberg         |
| Ismael              | Sciarra            | Nancy              | Greenberg         |
| Jose Manuel         | Urman              | Nancy              | Greenberg         |
| Luis                | Popp               | Nancy              | Greenberg         |
| Den                 | Raphaely           | Steven             | King              |
| Alexander           | Khoo               | Den                | Raphaely          |
| Shelli              | Baida              | Den                | Raphaely          |
| Sigal               | Tobias             | Den                | Raphaely          |
| Guy                 | Himuro             | Den                | Raphaely          |
| Karen               | Colmenares         | Den                | Raphaely          |
| Matthew             | Weiss              | Steven             | King              |
| Adam                | Fripp              | Steven             | King              |
| Payam               | Kaufling           | Steven             | King              |
| Shanta              | Vollman            | Steven             | King              |
| Kevin               | Mourgos            | Steven             | King              |
| Julia               | Nayer              | Matthew            | Weiss             |
| Irene               | Mikkilineni        | Matthew            | Weiss             |
| James               | Landry             | Matthew            | Weiss             |
| Steven              | Markle             | Matthew            | Weiss             |
| Laura               | Bissot             | Adam               | Fripp             |
| Mozhe               | Atkinson           | Adam               | Fripp             |
| James               | Marlow             | Adam               | Fripp             |
| TJ                  | Olson              | Adam               | Fripp             |
| Jason               | Mallin             | Payam              | Kaufling          |
| Michael             | Rogers             | Payam              | Kaufling          |
| Ki                  | Gee                | Payam              | Kaufling          |
| Hazel               | Philtanker         | Payam              | Kaufling          |
| Renske              | Ladwig             | Shanta             | Vollman           |
| Stephen             | Stiles             | Shanta             | Vollman           |
| John                | Seo                | Shanta             | Vollman           |
| Joshua              | Patel              | Shanta             | Vollman           |
| Trenna              | Rajs               | Kevin              | Mourgos           |
| Curtis              | Davies             | Kevin              | Mourgos           |
| Randall             | Matos              | Kevin              | Mourgos           |
| Peter               | Vargas             | Kevin              | Mourgos           |
| John                | Russell            | Steven             | King              |
| Karen               | Partners           | Steven             | King              |
| Alberto             | Errazuriz          | Steven             | King              |
| Gerald              | Cambrault          | Steven             | King              |
| Eleni               | Zlotkey            | Steven             | King              |
| Peter               | Tucker             | John               | Russell           |
| David               | Bernstein          | John               | Russell           |
| Peter               | Hall               | John               | Russell           |
| Christopher         | Olsen              | John               | Russell           |
| Nanette             | Cambrault          | John               | Russell           |
| Oliver              | Tuvault            | John               | Russell           |
| Janette             | King               | Karen              | Partners          |
| Patrick             | Sully              | Karen              | Partners          |
| Allan               | McEwen             | Karen              | Partners          |
| Lindsey             | Smith              | Karen              | Partners          |
| Louise              | Doran              | Karen              | Partners          |
| Sarath              | Sewall             | Karen              | Partners          |
| Clara               | Vishney            | Alberto            | Errazuriz         |
| Danielle            | Greene             | Alberto            | Errazuriz         |
| Mattea              | Marvins            | Alberto            | Errazuriz         |
| David               | Lee                | Alberto            | Errazuriz         |
| Sundar              | Ande               | Alberto            | Errazuriz         |
| Amit                | Banda              | Alberto            | Errazuriz         |
| Lisa                | Ozer               | Gerald             | Cambrault         |
| Harrison            | Bloom              | Gerald             | Cambrault         |
| Tayler              | Fox                | Gerald             | Cambrault         |
| William             | Smith              | Gerald             | Cambrault         |
| Elizabeth           | Bates              | Gerald             | Cambrault         |
| Sundita             | Kumar              | Gerald             | Cambrault         |
| Ellen               | Abel               | Eleni              | Zlotkey           |
| Alyssa              | Hutton             | Eleni              | Zlotkey           |
| Jonathon            | Taylor             | Eleni              | Zlotkey           |
| Jack                | Livingston         | Eleni              | Zlotkey           |
| Kimberely           | Grant              | Eleni              | Zlotkey           |
| Charles             | Johnson            | Eleni              | Zlotkey           |
| Winston             | Taylor             | Matthew            | Weiss             |
| Jean                | Fleaur             | Matthew            | Weiss             |
| Martha              | Sullivan           | Matthew            | Weiss             |
| Girard              | Geoni              | Matthew            | Weiss             |
| Nandita             | Sarchand           | Adam               | Fripp             |
| Alexis              | Bull               | Adam               | Fripp             |
| Julia               | Dellinger          | Adam               | Fripp             |
| Anthony             | Cabrio             | Adam               | Fripp             |
| Kelly               | Chung              | Payam              | Kaufling          |
| Jennifer            | Dilly              | Payam              | Kaufling          |
| Timothy             | Gates              | Payam              | Kaufling          |
| Randall             | Perkins            | Payam              | Kaufling          |
| Sarah               | Bell               | Shanta             | Vollman           |
| Britney             | Everett            | Shanta             | Vollman           |
| Samuel              | McCain             | Shanta             | Vollman           |
| Vance               | Jones              | Shanta             | Vollman           |
| Alana               | Walsh              | Kevin              | Mourgos           |
| Kevin               | Feeney             | Kevin              | Mourgos           |
| Donald              | OConnell           | Kevin              | Mourgos           |
| Douglas             | Grant              | Kevin              | Mourgos           |
| Jennifer            | Whalen             | Neena              | Kochhar           |
| Michael             | Hartstein          | Steven             | King              |
| Pat                 | Fay                | Michael            | Hartstein         |
| Susan               | Mavris             | Neena              | Kochhar           |
| Hermann             | Baer               | Neena              | Kochhar           |
| Shelley             | Higgins            | Neena              | Kochhar           |
| William             | Gietz              | Shelley            | Higgins           |
+---------------------+--------------------+--------------------+-------------------+
106 rows in set (0.0012 sec)
 MySQL  localhost:3306 ssl  empresa  SQL > SELECT a.region_name AS region, b.first_name AS employee_first_name, b.last_name AS employee_last_name
                                        -> FROM employees a
                                        -> INNER JOIN departments c
                                        -> ON a.department_id = = c.department_id
                                        -> INNER JOIN
                                        -> location d
                                        -> ON c.location_id = d.location_id
                                        -> INNER JOIN countries e
                                        -> ON d.country_id = e.country_id
                                        -> INNER JOIN regions f
                                        -> ON e.region_name = f.region_name;
ERROR: 1064 (42000): You have an error in your SQL syntax; check the manual that corresponds to your MySQL server version for the right syntax to use near '= c.department_id
INNER JOIN
location d
ON c.location_id = d.location_id
INNER J' at line 4
 MySQL  localhost:3306 ssl  empresa  SQL > SELECT a.region_name AS region, b.first_name AS employee_first_name, b.last_name AS employee_last_name FROM employees a INNER JOIN departments c ON a.department_id = c.department_id INNER JOIN location d ON c.location_id = d.location_id INNER JOIN countries e ON d.country_id = e.country_id INNER JOIN regions f ON e.region_name = f.region_name;
ERROR: 1146 (42S02): Table 'empresa.location' doesn't exist
 MySQL  localhost:3306 ssl  empresa  SQL > SELECT a.region_name AS region, b.first_name AS employee_first_name, b.last_name AS employee_last_name FROM employees a INNER JOIN departments c ON a.department_id = c.department_id INNER JOIN locations d ON c.location_id = d.location_id INNER JOIN countries e ON d.country_id = e.country_id INNER JOIN regions f ON e.region_name = f.region_name;
ERROR: 1054 (42S22): Unknown column 'a.region_name' in 'field list'
 MySQL  localhost:3306 ssl  empresa  SQL > SELECT f.region_name AS region, f.first_name AS employee_first_name, b.last_name AS employee_last_name FROM employees a INNER JOIN departments c ON a.department_id = c.department_id INNER JOIN locations d ON c.location_id = d.location_id INNER JOIN countries e ON d.country_id = e.country_id INNER JOIN regions f ON e.region_name = f.region_name;
ERROR: 1054 (42S22): Unknown column 'f.first_name' in 'field list'
 MySQL  localhost:3306 ssl  empresa  SQL > SELECT f.region_name AS region, a.first_name AS employee_first_name, a.last_name AS employee_last_name FROM employees a INNER JOIN departments c ON a.department_id = c.department_id INNER JOIN locations d ON c.location_id = d.location_id INNER JOIN countries e ON d.country_id = e.country_id INNER JOIN regions f ON e.region_name = f.region_name;
ERROR: 1054 (42S22): Unknown column 'e.region_name' in 'on clause'
 MySQL  localhost:3306 ssl  empresa  SQL > SELECT f.region_name AS region, a.first_name AS employee_first_name, a.last_name AS employee_last_name FROM employees a INNER JOIN departments c ON a.department_id = c.department_id INNER JOIN locations d ON c.location_id = d.location_id INNER JOIN countries e ON d.country_id = e.country_id INNER JOIN regions f ON e.region_name = f.region_name;
ERROR: 1054 (42S22): Unknown column 'e.region_name' in 'on clause'
 MySQL  localhost:3306 ssl  empresa  SQL > SELECT f.region_name AS region, a.first_name AS employee_first_name, a.last_name AS employee_last_name FROM employees a INNER JOIN departments c ON a.department_id = c.department_id INNER JOIN locations d ON c.location_id = d.location_id INNER JOIN countries e ON d.country_id = e.country_id INNER JOIN regions f ON e.region_id = f.region_id;
+----------+---------------------+--------------------+
| region   | employee_first_name | employee_last_name |
+----------+---------------------+--------------------+
| Americas | Alexander           | Hunold             |
| Americas | Bruce               | Ernst              |
| Americas | David               | Austin             |
| Americas | Valli               | Pataballa          |
| Americas | Diana               | Lorentz            |
| Americas | Matthew             | Weiss              |
| Americas | Adam                | Fripp              |
| Americas | Payam               | Kaufling           |
| Americas | Shanta              | Vollman            |
| Americas | Kevin               | Mourgos            |
| Americas | Julia               | Nayer              |
| Americas | Irene               | Mikkilineni        |
| Americas | James               | Landry             |
| Americas | Steven              | Markle             |
| Americas | Laura               | Bissot             |
| Americas | Mozhe               | Atkinson           |
| Americas | James               | Marlow             |
| Americas | TJ                  | Olson              |
| Americas | Jason               | Mallin             |
| Americas | Michael             | Rogers             |
| Americas | Ki                  | Gee                |
| Americas | Hazel               | Philtanker         |
| Americas | Renske              | Ladwig             |
| Americas | Stephen             | Stiles             |
| Americas | John                | Seo                |
| Americas | Joshua              | Patel              |
| Americas | Trenna              | Rajs               |
| Americas | Curtis              | Davies             |
| Americas | Randall             | Matos              |
| Americas | Peter               | Vargas             |
| Americas | Winston             | Taylor             |
| Americas | Jean                | Fleaur             |
| Americas | Martha              | Sullivan           |
| Americas | Girard              | Geoni              |
| Americas | Nandita             | Sarchand           |
| Americas | Alexis              | Bull               |
| Americas | Julia               | Dellinger          |
| Americas | Anthony             | Cabrio             |
| Americas | Kelly               | Chung              |
| Americas | Jennifer            | Dilly              |
| Americas | Timothy             | Gates              |
| Americas | Randall             | Perkins            |
| Americas | Sarah               | Bell               |
| Americas | Britney             | Everett            |
| Americas | Samuel              | McCain             |
| Americas | Vance               | Jones              |
| Americas | Alana               | Walsh              |
| Americas | Kevin               | Feeney             |
| Americas | Donald              | OConnell           |
| Americas | Douglas             | Grant              |
| Americas | Jennifer            | Whalen             |
| Americas | Den                 | Raphaely           |
| Americas | Alexander           | Khoo               |
| Americas | Shelli              | Baida              |
| Americas | Sigal               | Tobias             |
| Americas | Guy                 | Himuro             |
| Americas | Karen               | Colmenares         |
| Americas | Steven              | King               |
| Americas | Neena               | Kochhar            |
| Americas | Lex                 | De Haan            |
| Americas | Nancy               | Greenberg          |
| Americas | Daniel              | Faviet             |
| Americas | John                | Chen               |
| Americas | Ismael              | Sciarra            |
| Americas | Jose Manuel         | Urman              |
| Americas | Luis                | Popp               |
| Americas | Shelley             | Higgins            |
| Americas | William             | Gietz              |
| Americas | Michael             | Hartstein          |
| Americas | Pat                 | Fay                |
| Europe   | Susan               | Mavris             |
| Europe   | Hermann             | Baer               |
+----------+---------------------+--------------------+
72 rows in set (0.0012 sec)
 MySQL  localhost:3306 ssl  empresa  SQL > SELECT d.region_name AS region, a.department_name AS department
                                        -> FROM department a
                                        -> INNER JOIN locations b
                                        -> ON a.location_id = b.location_id
                                        -> INNER JOIN countries c
                                        -> ON b.country_id = c.country_id
                                        -> INNER JOIN regions
                                        -> ON c.region_id = ^C
 MySQL  localhost:3306 ssl  empresa  SQL > SELECT d.region_name AS region, a.department_name AS department
                                        -> FROM department a
                                        -> JOIN locations b ON a.location_id = b.location_id
                                        -> JOIN countries c ON b.country_id = c.country_id
                                        -> JOIN regions d ON c.region_id = d_region_id;
ERROR: 1146 (42S02): Table 'empresa.department' doesn't exist
 MySQL  localhost:3306 ssl  empresa  SQL > SELECT d.region_name AS region, a.department_name AS department FROM departments a JOIN locations b ON a.location_id = b.location_id JOIN countries c ON b.country_id = c.country_id JOIN regions d ON c.region_id = d_region_id;
ERROR: 1054 (42S22): Unknown column 'd_region_id' in 'on clause'
 MySQL  localhost:3306 ssl  empresa  SQL > SELECT d.region_name AS region, a.department_name AS department FROM departments a JOIN locations b ON a.location_id = b.location_id JOIN countries c ON b.country_id = c.country_id JOIN regions d ON c.region_id = d.region_id;
+----------+----------------------+
| region   | department           |
+----------+----------------------+
| Americas | Administration       |
| Americas | Marketing            |
| Americas | Purchasing           |
| Europe   | Human Resources      |
| Americas | Shipping             |
| Americas | IT                   |
| Europe   | Public Relations     |
| Americas | Executive            |
| Americas | Finance              |
| Americas | Accounting           |
| Americas | Treasury             |
| Americas | Corporate Tax        |
| Americas | Control And Credit   |
| Americas | Shareholder Services |
| Americas | Benefits             |
| Americas | Manufacturing        |
| Americas | Construction         |
| Americas | Contracting          |
| Americas | Operations           |
| Americas | IT Support           |
| Americas | NOC                  |
| Americas | IT Helpdesk          |
| Americas | Government Sales     |
| Americas | Retail Sales         |
| Americas | Recruiting           |
| Americas | Payroll              |
+----------+----------------------+
26 rows in set (0.0011 sec)
 MySQL  localhost:3306 ssl  empresa  SQL >