EVA2_8_INNER_JOIN

MySQL Shell 8.0.38

Copyright (c) 2016, 2024, Oracle and/or its affiliates.
Oracle is a registered trademark of Oracle Corporation and/or its affiliates.
Other names may be trademarks of their respective owners.

Type '\help' or '\?' for help; '\quit' to exit.
 MySQL  JS > \sql
Switching to SQL mode... Commands end with ;
 MySQL  SQL > \connect --mc root@localhost
Creating a Classic session to 'root@localhost'
Fetching global names for auto-completion... Press ^C to stop.
Your MySQL connection id is 10
Server version: 8.0.39 MySQL Community Server - GPL
No default schema selected; type \use <schema> to set one.
 MySQL  localhost:3306 ssl  SQL > use sakila
Default schema set to `sakila`.
Fetching global names, object names from `sakila` for auto-completion... Press ^C to stop.
 MySQL  localhost:3306 ssl  sakila  SQL > select a.customer_id, a.first_name,
                                       -> a.last_name, b.amount
                                       -> from customer a
                                       -> inner join payment  b
                                       -> on a.customer_id = b.customer_id
                                       -> limit 50;
+-------------+------------+-----------+--------+
| customer_id | first_name | last_name | amount |
+-------------+------------+-----------+--------+
|           1 | MARY       | SMITH     |   2.99 |
|           1 | MARY       | SMITH     |   0.99 |
|           1 | MARY       | SMITH     |   5.99 |
|           1 | MARY       | SMITH     |   0.99 |
|           1 | MARY       | SMITH     |   9.99 |
|           1 | MARY       | SMITH     |   4.99 |
|           1 | MARY       | SMITH     |   4.99 |
|           1 | MARY       | SMITH     |   0.99 |
|           1 | MARY       | SMITH     |   3.99 |
|           1 | MARY       | SMITH     |   5.99 |
|           1 | MARY       | SMITH     |   5.99 |
|           1 | MARY       | SMITH     |   4.99 |
|           1 | MARY       | SMITH     |   4.99 |
|           1 | MARY       | SMITH     |   7.99 |
|           1 | MARY       | SMITH     |   2.99 |
|           1 | MARY       | SMITH     |   4.99 |
|           1 | MARY       | SMITH     |   4.99 |
|           1 | MARY       | SMITH     |   0.99 |
|           1 | MARY       | SMITH     |   0.99 |
|           1 | MARY       | SMITH     |   2.99 |
|           1 | MARY       | SMITH     |   2.99 |
|           1 | MARY       | SMITH     |   4.99 |
|           1 | MARY       | SMITH     |   3.99 |
|           1 | MARY       | SMITH     |   0.99 |
|           1 | MARY       | SMITH     |   4.99 |
|           1 | MARY       | SMITH     |   0.99 |
|           1 | MARY       | SMITH     |   0.99 |
|           1 | MARY       | SMITH     |   2.99 |
|           1 | MARY       | SMITH     |   0.99 |
|           1 | MARY       | SMITH     |   1.99 |
|           1 | MARY       | SMITH     |   2.99 |
|           1 | MARY       | SMITH     |   5.99 |
|           2 | PATRICIA   | JOHNSON   |   4.99 |
|           2 | PATRICIA   | JOHNSON   |   2.99 |
|           2 | PATRICIA   | JOHNSON   |   2.99 |
|           2 | PATRICIA   | JOHNSON   |   6.99 |
|           2 | PATRICIA   | JOHNSON   |   4.99 |
|           2 | PATRICIA   | JOHNSON   |   5.99 |
|           2 | PATRICIA   | JOHNSON   |   5.99 |
|           2 | PATRICIA   | JOHNSON   |   5.99 |
|           2 | PATRICIA   | JOHNSON   |   2.99 |
|           2 | PATRICIA   | JOHNSON   |   5.99 |
|           2 | PATRICIA   | JOHNSON   |   4.99 |
|           2 | PATRICIA   | JOHNSON   |  10.99 |
|           2 | PATRICIA   | JOHNSON   |   0.99 |
|           2 | PATRICIA   | JOHNSON   |   6.99 |
|           2 | PATRICIA   | JOHNSON   |   6.99 |
|           2 | PATRICIA   | JOHNSON   |   2.99 |
|           2 | PATRICIA   | JOHNSON   |   0.99 |
|           2 | PATRICIA   | JOHNSON   |   0.99 |
+-------------+------------+-----------+--------+
50 rows in set (0.0086 sec)
 MySQL  localhost:3306 ssl  sakila  SQL > select a.customer_id, a.first_name, a.last_name, sum b.amount from customer select a.customer_id, a.first_name, a.last_name, sum b.amount from customer a inner join payment  b on a.customer_id = b.customer_id limit 50;          select a.customer_id, a.first_name, a.last_name, sum b.amount from customer a inner join payment  b on a.customer_id = b.customer_id limit 50;          select a.customer_id, a.first_name, a.last_name, sum b.amount from customer a inner join payment  b on a.customer_id = b.customer_id limit 50;          select a.customer_id, a.first_name, a.last_name, sum b.amount from customer a inner join payment  b on a.customer_id = b.customer_id limit 50;          select a.customer_id, a.first_name, a.last_name, sum b.amount from customer a inner join payment  b on a.customer_id = b.customer_id limit 50;          select a.customer_id, a.first_name, a.last_name, sum b.amount from customer a inner join payment  b on a.customer_id = b.customer_id limit 50;          select a.customer_id, a.first_name, a.last_name, sum b.amount from customer a inner join payment  b on a.customer_id = b.customer_id limit 50;          select a.customer_id, a.first_name, a.last_name, sum b.amount from customer a inner join payment  b on a.customer_id = b.customer_id limit 50;          select a.customer_id, a.first_name, a.last_name, sum b.amount from customer a inner join payment  b on a.customer_id = b.customer_id limit 50;          select a.customer_id, a.first_name, a.last_name, sum b.amount from customer a inner join payment  b on a.customer_id = b.customer_id limit 50;          select a.customer_id, a.first_name, a.last_name, sum b.amount from customer a inner join payment  b on a.customer_id = b.customer_id limit 50;          select a.customer_id, a.first_name, a.last_name, sum b.amount from customer a inner join payment  b on a.customer_id = b.customer_id limit 50;          select a.customer_id, a.first_name, a.last_name, sum b.amount from customer a inner join payment  b on a.customer_id = b.customer_id limit 50;          select a.customer_id, a.first_name, a.last_name, sum b.amount from customer a inner join payment  b on a.customer_id = b.customer_id limit 50;          select a.customer_id, a.first_name, a.last_name, sum b.amount from customer a inner join payment  b on a.customer_id = b.customer_id limit 50;          select a.customer_id, a.first_name, a.last_name, b.amount from customer a in
 MySQL  localhost:3306 ssl  sakila  SQL > select a.customer_id, a.first_name, a.last_name, sum(b.amount) from customer a inner join payment  b on a.customer_id = b.customer_id group by a.customer_id limit 50;
+-------------+------------+-----------+---------------+
| customer_id | first_name | last_name | sum(b.amount) |
+-------------+------------+-----------+---------------+
|           1 | MARY       | SMITH     |        118.68 |
|           2 | PATRICIA   | JOHNSON   |        128.73 |
|           3 | LINDA      | WILLIAMS  |        135.74 |
|           4 | BARBARA    | JONES     |         81.78 |
|           5 | ELIZABETH  | BROWN     |        144.62 |
|           6 | JENNIFER   | DAVIS     |         93.72 |
|           7 | MARIA      | MILLER    |        151.67 |
|           8 | SUSAN      | WILSON    |         92.76 |
|           9 | MARGARET   | MOORE     |         89.77 |
|          10 | DOROTHY    | TAYLOR    |         99.75 |
|          11 | LISA       | ANDERSON  |        106.76 |
|          12 | NANCY      | THOMAS    |        103.72 |
|          13 | KAREN      | JACKSON   |        131.73 |
|          14 | BETTY      | WHITE     |        117.72 |
|          15 | HELEN      | HARRIS    |        134.68 |
|          16 | SANDRA     | MARTIN    |        120.71 |
|          17 | DONNA      | THOMPSON  |         98.79 |
|          18 | CAROL      | GARCIA    |         91.78 |
|          19 | RUTH       | MARTINEZ  |        125.76 |
|          20 | SHARON     | ROBINSON  |        115.70 |
|          21 | MICHELLE   | CLARK     |        155.65 |
|          22 | LAURA      | RODRIGUEZ |        113.78 |
|          23 | SARAH      | LEWIS     |        119.70 |
|          24 | KIMBERLY   | LEE       |         95.75 |
|          25 | DEBORAH    | WALKER    |        115.71 |
|          26 | JESSICA    | HALL      |        152.66 |
|          27 | SHIRLEY    | ALLEN     |        126.69 |
|          28 | CYNTHIA    | YOUNG     |        111.68 |
|          29 | ANGELA     | HERNANDEZ |        140.64 |
|          30 | MELISSA    | KING      |        123.66 |
|          31 | BRENDA     | WRIGHT    |        104.74 |
|          32 | AMY        | LOPEZ     |        127.71 |
|          33 | ANNA       | HILL      |         91.79 |
|          34 | REBECCA    | SCOTT     |         89.76 |
|          35 | VIRGINIA   | GREEN     |        129.68 |
|          36 | KATHLEEN   | ADAMS     |         92.73 |
|          37 | PAMELA     | BAKER     |         95.77 |
|          38 | MARTHA     | GONZALEZ  |        127.66 |
|          39 | DEBRA      | NELSON    |        141.71 |
|          40 | AMANDA     | CARTER    |        110.73 |
|          41 | STEPHANIE  | MITCHELL  |        118.75 |
|          42 | CAROLYN    | PEREZ     |        117.70 |
|          43 | CHRISTINE  | ROBERTS   |         99.76 |
|          44 | MARIE      | TURNER    |        114.74 |
|          45 | JANET      | PHILLIPS  |        127.73 |
|          46 | CATHERINE  | CAMPBELL  |        142.66 |
|          47 | FRANCES    | PARKER    |        108.78 |
|          48 | ANN        | EVANS     |         76.83 |
|          49 | JOYCE      | EDWARDS   |        130.72 |
|          50 | DIANE      | COLLINS   |        169.65 |
+-------------+------------+-----------+---------------+
50 rows in set (0.0107 sec)
 MySQL  localhost:3306 ssl  sakila  SQL > show tables;
+----------------------------+
| Tables_in_sakila           |
+----------------------------+
| actor                      |
| actor_info                 |
| address                    |
| category                   |
| city                       |
| country                    |
| customer                   |
| customer_list              |
| film                       |
| film_actor                 |
| film_category              |
| film_list                  |
| film_text                  |
| inventory                  |
| language                   |
| nicer_but_slower_film_list |
| payment                    |
| rental                     |
| sales_by_film_category     |
| sales_by_store             |
| staff                      |
| staff_list                 |
| store                      |
+----------------------------+
23 rows in set (0.0028 sec)
 MySQL  localhost:3306 ssl  sakila  SQL > select from payment limit 5;
ERROR: 1064 (42000): You have an error in your SQL syntax; check the manual that corresponds to your MySQL server version for the right syntax to use near 'from payment limit 5' at line 1
 MySQL  localhost:3306 ssl  sakila  SQL > select * from payment limit 5;
+------------+-------------+----------+-----------+--------+---------------------+---------------------+
| payment_id | customer_id | staff_id | rental_id | amount | payment_date        | last_update         |
+------------+-------------+----------+-----------+--------+---------------------+---------------------+
|          1 |           1 |        1 |        76 |   2.99 | 2005-05-25 11:30:37 | 2006-02-15 22:12:30 |
|          2 |           1 |        1 |       573 |   0.99 | 2005-05-28 10:35:23 | 2006-02-15 22:12:30 |
|          3 |           1 |        1 |      1185 |   5.99 | 2005-06-15 00:54:12 | 2006-02-15 22:12:30 |
|          4 |           1 |        2 |      1422 |   0.99 | 2005-06-15 18:02:53 | 2006-02-15 22:12:30 |
|          5 |           1 |        2 |      1476 |   9.99 | 2005-06-15 21:08:46 | 2006-02-15 22:12:30 |
+------------+-------------+----------+-----------+--------+---------------------+---------------------+
5 rows in set (0.0010 sec)
 MySQL  localhost:3306 ssl  sakila  SQL > select a.last_name, sum(b.amount) as total_amount from customer a
                                       -> inner join payment b on a.customer_id = b.customer_id
                                       -> group by a.customer_id
                                       -> ordey by total_amount desc limit 1;
ERROR: 1064 (42000): You have an error in
 MySQL  localhost:3306 ssl  sakila  SQL >                       m(b.amount) as total_amount from customer a inner join payment b on a.customer_id = b.custom
 MySQL  localhost:3306 ssl  sakila  SQL > l_amount desc limit 1;m(b.amount) as total_amount from customer a inner join payment b on a.customer_id = b.custom
 MySQL  localhost:3306 ssl  sakila  SQL > l_amount desc limit 1;
 MySQL  localhost:3306 ssl  sakila  SQL >
 MySQL  localhost:3306 ssl  sakila  SQL > select a.last_name, sum(b.amount) as total_amount from customer a inner join payment b on a.customer_id = b.customer_id group by a.customer_id order by total_amount desc limit 1;
+-----------+--------------+
| last_name | total_amount |
+-----------+--------------+
| SEAL      |       221.55 |
+-----------+--------------+
1 row in set (0.0468 sec)
 MySQL  localhost:3306 ssl  sakila  SQL > select a.last_name, sum(b.amount) as total_amount from customer a inner join payment b on a.customer_id = b.customer_id group by a.customer_id order by total_amount asc limit 1;
+-----------+--------------+
| last_name | total_amount |
+-----------+--------------+
| BOWMAN    |        50.85 |
+-----------+--------------+
1 row in set (0.0283 sec)
 MySQL  localhost:3306 ssl  sakila  SQL > select a.first_name, a.last_name, sum(b.amount) as total_amount from customer a inner join payment b on a.customer_id = b.customer_id group by a.customer_id limit 50;
+------------+-----------+--------------+
| first_name | last_name | total_amount |
+------------+-----------+--------------+
| MARY       | SMITH     |       118.68 |
| PATRICIA   | JOHNSON   |       128.73 |
| LINDA      | WILLIAMS  |       135.74 |
| BARBARA    | JONES     |        81.78 |
| ELIZABETH  | BROWN     |       144.62 |
| JENNIFER   | DAVIS     |        93.72 |
| MARIA      | MILLER    |       151.67 |
| SUSAN      | WILSON    |        92.76 |
| MARGARET   | MOORE     |        89.77 |
| DOROTHY    | TAYLOR    |        99.75 |
| LISA       | ANDERSON  |       106.76 |
| NANCY      | THOMAS    |       103.72 |
| KAREN      | JACKSON   |       131.73 |
| BETTY      | WHITE     |       117.72 |
| HELEN      | HARRIS    |       134.68 |
| SANDRA     | MARTIN    |       120.71 |
| DONNA      | THOMPSON  |        98.79 |
| CAROL      | GARCIA    |        91.78 |
| RUTH       | MARTINEZ  |       125.76 |
| SHARON     | ROBINSON  |       115.70 |
| MICHELLE   | CLARK     |       155.65 |
| LAURA      | RODRIGUEZ |       113.78 |
| SARAH      | LEWIS     |       119.70 |
| KIMBERLY   | LEE       |        95.75 |
| DEBORAH    | WALKER    |       115.71 |
| JESSICA    | HALL      |       152.66 |
| SHIRLEY    | ALLEN     |       126.69 |
| CYNTHIA    | YOUNG     |       111.68 |
| ANGELA     | HERNANDEZ |       140.64 |
| MELISSA    | KING      |       123.66 |
| BRENDA     | WRIGHT    |       104.74 |
| AMY        | LOPEZ     |       127.71 |
| ANNA       | HILL      |        91.79 |
| REBECCA    | SCOTT     |        89.76 |
| VIRGINIA   | GREEN     |       129.68 |
| KATHLEEN   | ADAMS     |        92.73 |
| PAMELA     | BAKER     |        95.77 |
| MARTHA     | GONZALEZ  |       127.66 |
| DEBRA      | NELSON    |       141.71 |
| AMANDA     | CARTER    |       110.73 |
| STEPHANIE  | MITCHELL  |       118.75 |
| CAROLYN    | PEREZ     |       117.70 |
| CHRISTINE  | ROBERTS   |        99.76 |
| MARIE      | TURNER    |       114.74 |
| JANET      | PHILLIPS  |       127.73 |
| CATHERINE  | CAMPBELL  |       142.66 |
| FRANCES    | PARKER    |       108.78 |
| ANN        | EVANS     |        76.83 |
| JOYCE      | EDWARDS   |       130.72 |
| DIANE      | COLLINS   |       169.65 |
+------------+-----------+--------------+
50 rows in set (0.0032 sec)
 MySQL  localhost:3306 ssl  sakila  SQL > select a.first_name, a.last_name, sum(b.amount) as total_amount from customer a inner join payment b on a.customer_id = b.customer_id group by a.customer_id order by total_amount asc;
+-------------+--------------+--------------+
| first_name  | last_name    | total_amount |
+-------------+--------------+--------------+
| CAROLINE    | BOWMAN       |        50.85 |
| LEONA       | OBRIEN       |        50.86 |
| BRIAN       | WYMAN        |        52.88 |
| JOHNNY      | TURPIN       |        57.81 |
| ANNIE       | RUSSELL      |        58.82 |
| KATHERINE   | RIVERA       |        58.86 |
| TIFFANY     | JORDAN       |        59.86 |
| ANITA       | MORALES      |        62.85 |
| MATTIE      | HOFFMAN      |        64.78 |
| KIRK        | STCLAIR      |        64.81 |
| LESTER      | KRAUS        |        65.84 |
| ALBERTO     | HENNING      |        66.79 |
| LLOYD       | DOWD         |        66.81 |
| JOANN       | GARDNER      |        66.84 |
| VERA        | MCCOY        |        67.82 |
| JILL        | HAWKINS      |        68.79 |
| PENNY       | NEAL         |        68.82 |
| FLOYD       | GANDY        |        69.83 |
| WAYNE       | TRUONG       |        70.81 |
| IRMA        | PEARSON      |        70.82 |
| SAMANTHA    | DUNCAN       |        71.77 |
| LAUREN      | HUDSON       |        71.80 |
| ANTHONY     | SCHWAB       |        71.80 |
| EDITH       | MCDONALD     |        71.81 |
| EUGENE      | CULPEPPER    |        71.81 |
| TERRY       | GRISSOM      |        72.80 |
| JONATHAN    | SCARBOROUGH  |        72.82 |
| FELIX       | GAFFNEY      |        73.76 |
| JUAN        | FRALEY       |        73.77 |
| JO          | FOWLER       |        73.80 |
| SHEILA      | WELLS        |        73.82 |
| HENRY       | BILLINGSLEY  |        73.82 |
| JEROME      | KENYON       |        73.84 |
| TONY        | CARRANZA     |        74.78 |
| FRANKLIN    | TROUTMAN     |        74.78 |
| JEANETTE    | GREENE       |        74.80 |
| ADRIAN      | CLARY        |        74.81 |
| DWIGHT      | LOMBARDI     |        74.83 |
| MARVIN      | YEE          |        75.79 |
| IDA         | ANDREWS      |        76.77 |
| DARRYL      | ASHCRAFT     |        76.77 |
| PEARL       | GARZA        |        76.78 |
| ANN         | EVANS        |        76.83 |
| IRENE       | PRICE        |        77.77 |
| NELSON      | CHRISTENSON  |        77.80 |
| PAULA       | BRYANT       |        77.82 |
| GREGORY     | MAULDIN      |        78.77 |
| HERBERT     | KRUGER       |        78.80 |
| ANTONIO     | MEEK         |        78.84 |
| RAY         | HOULE        |        79.78 |
| NORMA       | GONZALES     |        79.79 |
| JACOB       | LANCE        |        79.79 |
| LUIS        | YANEZ        |        79.80 |
| ALLAN       | CORNISH      |        79.81 |
| NORMAN      | CURRIER      |        80.74 |
| BOBBIE      | CRAIG        |        80.76 |
| ROLAND      | SOUTH        |        80.77 |
| SAMUEL      | MARLOW       |        80.79 |
| CHRISTINA   | RAMIREZ      |        80.82 |
| EILEEN      | CARR         |        80.82 |
| MELINDA     | FERNANDEZ    |        80.83 |
| CORY        | MEEHAN       |        81.76 |
| BARBARA     | JONES        |        81.78 |
| LYDIA       | BURKE        |        82.76 |
| LANCE       | PEMBERTON    |        82.78 |
| KIM         | CRUZ         |        82.79 |
| WADE        | DELVALLE     |        83.78 |
| ALICIA      | MILLS        |        83.79 |
| ARMANDO     | GRUBER       |        83.79 |
| AUSTIN      | CINTRON      |        83.81 |
| EVA         | RAMOS        |        83.82 |
| JOAN        | COOPER       |        84.77 |
| ROBERTA     | HARPER       |        84.77 |
| RACHEL      | BARNES       |        84.78 |
| CHRIS       | BROTHERS     |        84.78 |
| KENNETH     | GOODEN       |        84.83 |
| ALLEN       | BUTTERFIELD  |        85.79 |
| ALFREDO     | MCADAMS      |        85.80 |
| FELICIA     | SUTTON       |        86.72 |
| LORRAINE    | STEPHENS     |        86.79 |
| VANESSA     | SIMS         |        86.81 |
| LEWIS       | LYMAN        |        86.81 |
| COLLEEN     | BURTON       |        87.76 |
| JON         | WILES        |        87.76 |
| ANNE        | POWELL       |        87.77 |
| BONNIE      | HUGHES       |        87.79 |
| MAUREEN     | LITTLE       |        87.79 |
| JARED       | ELY          |        87.81 |
| KRISTEN     | CHAVEZ       |        87.82 |
| BILLIE      | HORTON       |        88.74 |
| FRED        | WHEAT        |        88.75 |
| CHRISTIAN   | JUNG         |        88.76 |
| BERNARD     | COLBY        |        88.78 |
| TYLER       | WREN         |        88.79 |
| TARA        | RYAN         |        88.80 |
| VERNON      | CHAPA        |        88.82 |
| KEITH       | RICO         |        89.74 |
| JAY         | ROBB         |        89.74 |
| ERNEST      | STEPP        |        89.75 |
| CHAD        | CARBONE      |        89.75 |
| REBECCA     | SCOTT        |        89.76 |
| JACK        | FOUST        |        89.76 |
| MARGARET    | MOORE        |        89.77 |
| LILLIE      | KIM          |        89.77 |
| DONALD      | MAHON        |        89.77 |
| LESLIE      | GORDON       |        89.78 |
| RUBEN       | GEARY        |        89.79 |
| JULIO       | NOLAND       |        89.79 |
| VIVIAN      | RUIZ         |        90.77 |
| JEFFREY     | SPEAR        |        90.77 |
| MATHEW      | BOLIN        |        90.78 |
| HUGH        | WALDROP      |        90.79 |
| WENDY       | HARRISON     |        91.70 |
| LUCY        | WHEELER      |        91.74 |
| JESSIE      | BANKS        |        91.74 |
| RICKY       | SHELBY       |        91.75 |
| DARRELL     | POWER        |        91.75 |
| EMILY       | DIAZ         |        91.76 |
| VICTOR      | BARKLEY      |        91.76 |
| BOB         | PFEIFFER     |        91.76 |
| PHYLLIS     | FOSTER       |        91.77 |
| SEAN        | DOUGLASS     |        91.77 |
| CAROL       | GARCIA       |        91.78 |
| TIMOTHY     | BUNN         |        91.78 |
| ANNA        | HILL         |        91.79 |
| DELORES     | HANSEN       |        91.79 |
| DANNY       | ISOM         |        91.79 |
| WILMA       | RICHARDS     |        91.80 |
| KATHLEEN    | ADAMS        |        92.73 |
| MEGAN       | PALMER       |        92.73 |
| ALLISON     | STANLEY      |        92.73 |
| MELANIE     | ARMSTRONG    |        92.75 |
| SUSAN       | WILSON       |        92.76 |
| RITA        | GRAHAM       |        92.76 |
| YVONNE      | WATKINS      |        92.79 |
| ROBERT      | BAUGHMAN     |        92.79 |
| JENNIFER    | DAVIS        |        93.72 |
| HOWARD      | FORTNER      |        93.74 |
| TAMARA      | NGUYEN       |        93.75 |
| JACKIE      | LYNCH        |        93.75 |
| CHARLOTTE   | HUNTER       |        93.76 |
| GLENN       | PULLEN       |        93.77 |
| ANDREA      | HENDERSON    |        93.78 |
| LORETTA     | CARPENTER    |        93.78 |
| HARVEY      | GUAJARDO     |        93.78 |
| APRIL       | BURNS        |        94.74 |
| SCOTT       | SHELLEY      |        94.75 |
| SUZANNE     | NICHOLS      |        94.76 |
| EMMA        | BOYD         |        94.77 |
| NICOLE      | PETERSON     |        94.78 |
| NELLIE      | GARRETT      |        94.79 |
| LONNIE      | TIRADO       |        94.82 |
| ESTHER      | CRAWFORD     |        95.72 |
| KIMBERLY    | LEE          |        95.75 |
| CONSTANCE   | REID         |        95.75 |
| EDGAR       | RHOADS       |        95.75 |
| PAMELA      | BAKER        |        95.77 |
| NATALIE     | MEYER        |        95.77 |
| TONI        | HOLT         |        95.77 |
| BENJAMIN    | VARNEY       |        95.77 |
| JOEL        | FRANCISCO    |        95.77 |
| ERICA       | MATTHEWS     |        95.78 |
| DERRICK     | BOURQUE      |        95.78 |
| SHANE       | MILLARD      |        95.78 |
| ENRIQUE     | FORSYTHE     |        96.72 |
| IAN         | STILL        |        96.73 |
| CLAYTON     | BARBEE       |        96.74 |
| JUDY        | GRAY         |        96.75 |
| JOSE        | ANDREW       |        96.75 |
| PEGGY       | MYERS        |        96.76 |
| WILLARD     | LUMPKIN      |        96.78 |
| DEREK       | BLAKELY      |        97.72 |
| GENE        | SANBORN      |        97.73 |
| CARMEN      | OWENS        |        97.74 |
| RENEE       | LANE         |        97.74 |
| MELVIN      | ELLINGTON    |        97.74 |
| BEVERLY     | BROOKS       |        97.76 |
| RAFAEL      | ABNEY        |        97.79 |
| DANIEL      | CABRAL       |        97.80 |
| PAULINE     | HENRY        |        98.73 |
| ELMER       | NOE          |        98.74 |
| MILDRED     | BAILEY       |        98.75 |
| GWENDOLYN   | MAY          |        98.75 |
| ANNETTE     | OLSON        |        98.76 |
| STACY       | CUNNINGHAM   |        98.77 |
| AGNES       | BISHOP       |        98.77 |
| FRANCISCO   | SKIDMORE     |        98.78 |
| CODY        | NOLEN        |        98.78 |
| DONNA       | THOMPSON     |        98.79 |
| KAY         | CALDWELL     |        98.80 |
| THERESA     | WATSON       |        99.70 |
| ROSS        | GREY         |        99.73 |
| IVAN        | CROMWELL     |        99.74 |
| DOROTHY     | TAYLOR       |        99.75 |
| FREDDIE     | DUGGAN       |        99.75 |
| CHRISTINE   | ROBERTS      |        99.76 |
| CHESTER     | BENNER       |        99.76 |
| LAURIE      | LAWRENCE     |        99.77 |
| ALBERT      | CROUSE       |        99.77 |
| RANDALL     | NEUMANN      |        99.77 |
| KURT        | EMMONS       |        99.77 |
| KELLY       | TORRES       |        99.78 |
| RICARDO     | MEADOR       |        99.79 |
| OSCAR       | AQUINO       |        99.80 |
| JUDITH      | COX          |       100.67 |
| LAWRENCE    | LAWTON       |       100.69 |
| JANE        | BENNETT      |       100.72 |
| WILLIAM     | SATTERFIELD  |       100.74 |
| DUSTIN      | GILLETTE     |       100.74 |
| RONNIE      | RICKETTS     |       100.75 |
| SHANNON     | FREEMAN      |       100.76 |
| CONNIE      | WALLACE      |       100.77 |
| DORIS       | REED         |       100.78 |
| RAUL        | FORTIER      |       100.80 |
| WILLIE      | HOWELL       |       101.74 |
| ERIKA       | PENA         |       101.74 |
| PHILLIP     | HOLM         |       101.74 |
| JESSE       | SCHILLING    |       101.74 |
| LOUISE      | JENKINS      |       101.75 |
| BERTHA      | FERGUSON     |       101.75 |
| WILLIE      | MARKHAM      |       101.75 |
| ADAM        | GOOCH        |       101.78 |
| COREY       | HAUSER       |       101.78 |
| DWAYNE      | OLVERA       |       101.78 |
| MICHEAL     | FORMAN       |       102.74 |
| ROBIN       | HAYES        |       102.76 |
| NANCY       | THOMAS       |       103.72 |
| JEREMY      | HURTADO      |       103.72 |
| DENISE      | KELLY        |       103.73 |
| JENNY       | CASTRO       |       103.73 |
| MARTIN      | BALES        |       103.73 |
| CARLA       | GUTIERREZ    |       103.74 |
| BETH        | FRANKLIN     |       103.75 |
| GARY        | COY          |       103.75 |
| CLINTON     | BUFORD       |       103.75 |
| PEDRO       | CHESTNUT     |       103.76 |
| BRUCE       | SCHWARZ      |       103.77 |
| RON         | DELUCA       |       103.77 |
| ROSE        | HOWARD       |       103.78 |
| CLARENCE    | GAMEZ        |       104.70 |
| BRENDA      | WRIGHT       |       104.74 |
| MARK        | RINEHART     |       104.74 |
| FRANCIS     | SIKES        |       104.74 |
| LEAH        | CURTIS       |       104.75 |
| RODNEY      | MOELLER      |       104.77 |
| LEO         | EBERT        |       104.77 |
| STELLA      | MORENO       |       104.78 |
| JIMMY       | SCHRADER     |       105.71 |
| DIANA       | ALEXANDER    |       105.73 |
| DANIELLE    | DANIELS      |       105.75 |
| THOMAS      | GRIGSBY      |       105.75 |
| VINCENT     | RALSTON      |       105.75 |
| BRAD        | MCCURDY      |       105.75 |
| FREDERICK   | ISBELL       |       105.79 |
| BOBBY       | BOUDREAU     |       106.65 |
| ERIN        | DUNN         |       106.73 |
| LILLIAN     | GRIFFIN      |       106.75 |
| LISA        | ANDERSON     |       106.76 |
| PETER       | MENARD       |       106.77 |
| CARL        | ARTIS        |       106.77 |
| CARLOS      | COUGHLIN     |       106.77 |
| TOM         | MILNER       |       107.68 |
| JEFF        | EAST         |       107.70 |
| JULIE       | SANCHEZ      |       107.71 |
| VIRGIL      | WOFFORD      |       107.73 |
| EDNA        | WEST         |       107.74 |
| DEANNA      | BYRD         |       107.74 |
| KELLY       | KNOTT        |       107.74 |
| ELAINE      | STEVENS      |       107.76 |
| MAX         | PITT         |       107.76 |
| MARIAN      | MENDOZA      |       107.77 |
| DORA        | MEDINA       |       107.77 |
| CAROLE      | BARNETT      |       108.70 |
| LUCILLE     | HOLMES       |       108.72 |
| SERGIO      | STANFIELD    |       108.74 |
| VICKI       | FIELDS       |       108.75 |
| SIDNEY      | BURLESON     |       108.75 |
| DARREN      | WINDHAM      |       108.76 |
| FRANCES     | PARKER       |       108.78 |
| LEONARD     | SCHOFIELD    |       109.68 |
| KRISTINA    | CHAMBERS     |       109.72 |
| JULIAN      | VEST         |       109.72 |
| ANDREW      | PURDY        |       109.73 |
| DEAN        | SAUER        |       109.73 |
| JOSEPHINE   | GOMEZ        |       109.74 |
| GAIL        | KNIGHT       |       109.75 |
| KATIE       | ELLIOTT      |       109.75 |
| RICHARD     | MCCRARY      |       109.75 |
| LEON        | BOSTIC       |       109.75 |
| WALLACE     | SLONE        |       109.75 |
| DAN         | PAINE        |       109.78 |
| HAZEL       | WARREN       |       110.66 |
| JUANITA     | MASON        |       110.70 |
| KYLE        | SPURLOCK     |       110.70 |
| KEN         | PREWITT      |       110.71 |
| RUBY        | WASHINGTON   |       110.72 |
| RANDY       | GAITHER      |       110.72 |
| EVERETT     | BANDA        |       110.72 |
| AMANDA      | CARTER       |       110.73 |
| YOLANDA     | WEAVER       |       110.73 |
| GEORGIA     | JACOBS       |       110.74 |
| TRAVIS      | ESTEP        |       110.75 |
| MYRTLE      | FLEMING      |       110.76 |
| AARON       | SELBY        |       110.76 |
| CYNTHIA     | YOUNG        |       111.68 |
| TERRANCE    | ROUSH        |       111.71 |
| GINA        | WILLIAMSON   |       111.72 |
| VICTORIA    | GIBSON       |       111.73 |
| EARL        | SHANKS       |       111.73 |
| DARYL       | LARUE        |       111.73 |
| CLAUDIA     | FULLER       |       111.74 |
| GABRIEL     | HARDER       |       111.74 |
| CLAUDE      | HERZOG       |       111.75 |
| CALVIN      | MARTEL       |       111.77 |
| GERALDINE   | PERKINS      |       112.70 |
| MABEL       | HOLLAND      |       112.70 |
| MARIO       | CHEATHAM     |       112.72 |
| DALE        | RATCLIFF     |       112.73 |
| LARRY       | THRASHER     |       112.74 |
| ASHLEY      | RICHARDSON   |       112.75 |
| SETH        | HANNON       |       112.75 |
| TYRONE      | ASHER        |       112.76 |
| BRENT       | HARKINS      |       112.77 |
| LOIS        | BUTLER       |       113.65 |
| DARLENE     | ROSE         |       113.69 |
| CINDY       | FISHER       |       113.71 |
| CLIFFORD    | BOWENS       |       113.71 |
| AMBER       | DIXON        |       113.73 |
| SHELLY      | WATTS        |       113.74 |
| GLEN        | TALBERT      |       113.74 |
| RENE        | MCALISTER    |       113.74 |
| ANDY        | VANHORN      |       113.75 |
| LAURA       | RODRIGUEZ    |       113.78 |
| HOLLY       | FOX          |       114.69 |
| MATTHEW     | MAHAN        |       114.69 |
| EVELYN      | MORGAN       |       114.72 |
| EDWARD      | BAUGH        |       114.72 |
| DENNIS      | GILMAN       |       114.72 |
| BILL        | GAVIN        |       114.72 |
| CHARLENE    | ALVAREZ      |       114.73 |
| MARIE       | TURNER       |       114.74 |
| DOLORES     | WAGNER       |       114.74 |
| DOUGLAS     | GRAF         |       114.75 |
| JESUS       | MCCARTNEY    |       114.76 |
| ANGEL       | BARCLAY      |       115.68 |
| SHARON      | ROBINSON     |       115.70 |
| HEATHER     | MORRIS       |       115.70 |
| MARCUS      | HIDALGO      |       115.70 |
| DEBORAH     | WALKER       |       115.71 |
| BECKY       | MILES        |       115.71 |
| HERMAN      | DEVORE       |       115.71 |
| CLYDE       | TOBIAS       |       115.71 |
| MARION      | OCAMPO       |       115.71 |
| REGINALD    | KINDER       |       115.72 |
| JEAN        | BELL         |       115.73 |
| DAVID       | ROYAL        |       115.74 |
| CECIL       | VINES        |       115.74 |
| MAXINE      | SILVA        |       116.68 |
| KRISTIN     | JOHNSTON     |       116.69 |
| THEODORE    | CULP         |       116.69 |
| MANUEL      | MURRELL      |       116.70 |
| EDWIN       | BURK         |       116.77 |
| KEVIN       | SCHULER      |       116.78 |
| CAROLYN     | PEREZ        |       117.70 |
| TERRENCE    | GUNDERSON    |       117.70 |
| TODD        | TAN          |       117.71 |
| TED         | BREAUX       |       117.71 |
| BETTY       | WHITE        |       117.72 |
| ELLEN       | SIMPSON      |       117.72 |
| VELMA       | LUCAS        |       117.73 |
| MARLENE     | WELCH        |       117.74 |
| FERNANDO    | CHURCHILL    |       117.75 |
| SAM         | MCDUFFIE     |       117.76 |
| PERRY       | SWAFFORD     |       117.76 |
| MARSHALL    | THORN        |       117.77 |
| MARY        | SMITH        |       118.68 |
| LEROY       | BUSTAMANTE   |       118.68 |
| ERIK        | GUILLEN      |       118.71 |
| NORA        | HERRERA      |       118.72 |
| STEPHEN     | QUALLS       |       118.72 |
| CLIFTON     | MALCOLM      |       118.72 |
| TRACEY      | BARRETT      |       118.73 |
| MISTY       | LAMBERT      |       118.73 |
| STEPHANIE   | MITCHELL     |       118.75 |
| JAMIE       | WAUGH        |       118.75 |
| SALLY       | PIERCE       |       119.68 |
| PATRICK     | NEWSOM       |       119.69 |
| SARAH       | LEWIS        |       119.70 |
| JOSHUA      | MARK         |       119.70 |
| AUDREY      | RAY          |       119.71 |
| PATSY       | DAVIDSON     |       119.72 |
| LEE         | HAWKS        |       119.73 |
| BEATRICE    | ARNOLD       |       119.74 |
| HECTOR      | POINDEXTER   |       119.74 |
| VICKIE      | BREWER       |       120.69 |
| SANDRA      | MARTIN       |       120.71 |
| BYRON       | BOX          |       120.71 |
| DAWN        | SULLIVAN     |       120.74 |
| ARLENE      | HARVEY       |       120.74 |
| ALFRED      | CASILLAS     |       120.74 |
| CHARLIE     | BESS         |       120.74 |
| PAUL        | TROUT        |       120.77 |
| PHILIP      | CAUSEY       |       121.69 |
| JEFFERY     | PINSON       |       121.69 |
| GERALD      | FULTZ        |       121.70 |
| VALERIE     | BLACK        |       121.74 |
| JOHNNIE     | CHISHOLM     |       121.76 |
| HEIDI       | LARSON       |       122.66 |
| NATHAN      | RUNYON       |       122.68 |
| CHRISTY     | VARGAS       |       122.69 |
| CATHY       | SPENCER      |       122.71 |
| HILDA       | HOPKINS      |       122.71 |
| BRANDY      | GRAVES       |       122.72 |
| ERIC        | ROBERT       |       122.73 |
| BEN         | EASTER       |       122.74 |
| MELISSA     | KING         |       123.66 |
| MARC        | OUTLAW       |       123.70 |
| NINA        | SOTO         |       123.71 |
| LYNN        | PAYNE        |       123.72 |
| CARRIE      | PORTER       |       124.66 |
| JOY         | GEORGE       |       124.67 |
| CRAIG       | MORRELL      |       124.70 |
| BRYAN       | HARDISON     |       124.72 |
| RICK        | MATTOX       |       124.73 |
| ALAN        | KAHN         |       124.74 |
| RUTH        | MARTINEZ     |       125.76 |
| THELMA      | MURRAY       |       126.68 |
| VERONICA    | STONE        |       126.68 |
| SHIRLEY     | ALLEN        |       126.69 |
| FLORENCE    | WOODS        |       126.70 |
| JAIME       | NETTLES      |       126.71 |
| ISAAC       | OGLESBY      |       126.71 |
| SONIA       | GREGORY      |       126.72 |
| ANDRE       | RAPP         |       126.72 |
| TERRI       | VASQUEZ      |       126.73 |
| BRADLEY     | MOTLEY       |       126.73 |
| MARTHA      | GONZALEZ     |       127.66 |
| JOANNE      | ROBERTSON    |       127.66 |
| MARJORIE    | TUCKER       |       127.68 |
| FRANK       | WAGGONER     |       127.68 |
| WALTER      | PERRYMAN     |       127.70 |
| AMY         | LOPEZ        |       127.71 |
| TERRY       | CARLSON      |       127.71 |
| MICHAEL     | SILVERMAN    |       127.71 |
| JANET       | PHILLIPS     |       127.73 |
| MILTON      | HOWLAND      |       127.75 |
| SHERRI      | RHODES       |       128.67 |
| JIM         | REA          |       128.67 |
| MONICA      | HICKS        |       128.70 |
| TERESA      | ROGERS       |       128.71 |
| JASON       | MORRISSEY    |       128.72 |
| PATRICIA    | JOHNSON      |       128.73 |
| EDDIE       | TOMLIN       |       128.73 |
| JUSTIN      | NGO          |       129.64 |
| VIRGINIA    | GREEN        |       129.68 |
| VIOLA       | HANSON       |       129.68 |
| KATHY       | JAMES        |       129.70 |
| CASSANDRA   | WALTERS      |       129.70 |
| RAMONA      | HALE         |       129.70 |
| SALVADOR    | TEEL         |       129.70 |
| GILBERT     | SLEDGE       |       129.72 |
| TRACY       | HERRMANN     |       129.72 |
| DEBBIE      | REYES        |       130.68 |
| HAROLD      | MARTINO      |       130.68 |
| MICHELE     | GRANT        |       130.70 |
| JOYCE       | EDWARDS      |       130.72 |
| EDUARDO     | HIATT        |       130.73 |
| KATHRYN     | COLEMAN      |       130.74 |
| GEORGE      | LINTON       |       131.67 |
| JAMES       | GANNON       |       131.70 |
| KAREN       | JACKSON      |       131.73 |
| COURTNEY    | DAY          |       132.68 |
| TRACY       | COLE         |       132.70 |
| RONALD      | WEINER       |       132.70 |
| JORDAN      | ARCHULETA    |       132.70 |
| STEVEN      | CURLEY       |       132.71 |
| BESSIE      | MORRISON     |       132.72 |
| ROSA        | REYNOLDS     |       133.70 |
| DANA        | HART         |       133.71 |
| JENNIE      | TERRY        |       133.71 |
| TINA        | SIMMONS      |       133.72 |
| NATHANIEL   | ADAM         |       133.72 |
| CHERYL      | MURPHY       |       133.73 |
| DON         | BONE         |       133.75 |
| JORGE       | OLIVARES     |       134.66 |
| BARRY       | LOVELACE     |       134.67 |
| HELEN       | HARRIS       |       134.68 |
| JULIA       | FLORES       |       134.68 |
| MITCHELL    | WESTMORELAND |       134.68 |
| DAVE        | GARDINER     |       134.68 |
| JOSEPH      | JOY          |       134.70 |
| KENT        | ARSENAULT    |       134.73 |
| REGINA      | BERRY        |       135.66 |
| ETHEL       | WEBB         |       135.68 |
| JAVIER      | ELROD        |       135.68 |
| DIANNE      | SHELTON      |       135.69 |
| GLORIA      | COOK         |       135.70 |
| RAYMOND     | MCWHORTER    |       135.70 |
| MIGUEL      | BETANCOURT   |       135.71 |
| JIMMIE      | EGGLESTON    |       135.72 |
| LINDA       | WILLIAMS     |       135.74 |
| MIRIAM      | MCKINNEY     |       135.74 |
| RUSSELL     | BRINSON      |       136.64 |
| JEANNE      | LAWSON       |       136.73 |
| GERTRUDE    | CASTILLO     |       137.66 |
| CRYSTAL     | FORD         |       137.67 |
| ELLA        | OLIVER       |       137.69 |
| JOHN        | FARNSWORTH   |       137.69 |
| MARILYN     | ROSS         |       137.70 |
| BRETT       | CORNWELL     |       138.66 |
| ALICE       | STEWART      |       138.67 |
| CHARLES     | KOWALSKI     |       138.68 |
| JOE         | GILLILAND    |       138.71 |
| MAURICE     | CRAWLEY      |       138.71 |
| MORRIS      | MCCARTER     |       139.66 |
| GRACE       | ELLIS        |       139.67 |
| STANLEY     | SCROGGINS    |       139.70 |
| ROBERTO     | VU           |       139.70 |
| JAMIE       | RICE         |       139.71 |
| ALVIN       | DELOACH      |       139.71 |
| ANGELA      | HERNANDEZ    |       140.64 |
| GLENDA      | FRAZIER      |       140.68 |
| RAMON       | CHOATE       |       140.69 |
| ELSIE       | KELLEY       |       141.63 |
| CASEY       | MENA         |       141.66 |
| SARA        | PERRY        |       141.67 |
| JESSIE      | MILAM        |       141.67 |
| LORI        | WOOD         |       141.69 |
| GREG        | ROBINS       |       141.70 |
| DEBRA       | NELSON       |       141.71 |
| CATHERINE   | CAMPBELL     |       142.66 |
| MINNIE      | ROMERO       |       142.66 |
| VIOLET      | RODRIQUEZ    |       142.70 |
| RYAN        | SALISBURY    |       142.70 |
| SYLVIA      | ORTIZ        |       143.68 |
| JERRY       | JORDON       |       143.71 |
| ROY         | WHITING      |       143.71 |
| ELIZABETH   | BROWN        |       144.62 |
| JANICE      | WARD         |       144.66 |
| TANYA       | GILBERT      |       144.67 |
| OLGA        | JIMENEZ      |       144.68 |
| TROY        | QUIGLEY      |       144.70 |
| BERNICE     | WILLIS       |       145.67 |
| NICHOLAS    | BARFIELD     |       145.68 |
| WANDA       | PATTERSON    |       145.70 |
| ROGER       | QUINTANILLA  |       146.64 |
| GLADYS      | HAMILTON     |       146.69 |
| ZACHARY     | HITE         |       146.69 |
| ROSEMARY    | SCHMIDT      |       147.65 |
| CHRISTOPHER | GRECO        |       147.69 |
| JACQUELINE  | LONG         |       148.67 |
| DUANE       | TUBBS        |       148.69 |
| BILLY       | POULIN       |       149.65 |
| RALPH       | MADRIGAL     |       150.66 |
| MARSHA      | DOUGLAS      |       151.63 |
| ALEXANDER   | FENNELL      |       151.64 |
| ALMA        | AUSTIN       |       151.65 |
| STACEY      | MONTGOMERY   |       151.66 |
| MARIA       | MILLER       |       151.67 |
| ALEX        | GRESHAM      |       151.67 |
| BRANDON     | HUEY         |       152.63 |
| NAOMI       | JENNINGS     |       152.65 |
| LESLIE      | SEWARD       |       152.65 |
| JESSICA     | HALL         |       152.66 |
| SHAWN       | HEATON       |       152.67 |
| NEIL        | RENNER       |       152.68 |
| SHERRY      | MARSHALL     |       153.66 |
| SUE         | PETERS       |       154.60 |
| TAMMY       | SANDERS      |       155.59 |
| MICHELLE    | CLARK        |       155.65 |
| ARTHUR      | SIMPKINS     |       155.68 |
| PRISCILLA   | LOWE         |       157.65 |
| HARRY       | ARCE         |       157.65 |
| STEVE       | MACKENZIE    |       158.66 |
| MAE         | FLETCHER     |       158.69 |
| MARGIE      | WADE         |       159.64 |
| WARREN      | SHERROD      |       159.67 |
| GUY         | BROWNLEE     |       159.68 |
| BRITTANY    | RILEY        |       159.72 |
| GORDON      | ALLARD       |       160.68 |
| LOUIS       | LEONE        |       161.65 |
| TONYA       | CHAPMAN      |       161.68 |
| DAISY       | BATES        |       162.62 |
| MIKE        | WAY          |       166.65 |
| CURTIS      | IRBY         |       167.62 |
| ARNOLD      | HAVENS       |       167.67 |
| DIANE       | COLLINS      |       169.65 |
| LENA        | JENSEN       |       170.67 |
| JUNE        | CARROLL      |       173.63 |
| ANA         | BRADLEY      |       174.66 |
| MARCIA      | DEAN         |       175.58 |
| TIM         | CARY         |       175.61 |
| WESLEY      | BULL         |       177.60 |
| TOMMY       | COLLAZO      |       186.62 |
| RHONDA      | KENNEDY      |       194.61 |
| MARION      | SNYDER       |       194.61 |
| CLARA       | SHAW         |       195.58 |
| ELEANOR     | HUNT         |       216.54 |
| KARL        | SEAL         |       221.55 |
+-------------+--------------+--------------+
599 rows in set (0.0249 sec)
 MySQL  localhost:3306 ssl  sakila  SQL > select a.first_name, a.last_name, sum(b.amount) as total_amount from customer a inner join payment b on a.customer_id = b.customer_id group by a.customer_id order by total_amount desc limit;
ERROR: 1064 (42000): You have an error in your SQL syntax; check the manual that corresponds to your MySQL server version for the right syntax to use near '' at line 1
 MySQL  localhost:3306 ssl  sakila  SQL > select a.first_name, a.last_name, sum(b.amount) as total_amount from customer a inner join payment b on a.customer_id = b.customer_id group by a.customer_id order by total_amount desc limit 1;
+------------+-----------+--------------+
| first_name | last_name | total_amount |
+------------+-----------+--------------+
| KARL       | SEAL      |       221.55 |
+------------+-----------+--------------+
1 row in set (0.0245 sec)
 MySQL  localhost:3306 ssl  sakila  SQL > select a.first_name, a.last_name, sum(b.amount) as total_amount from customer a inner join payment b on a.customer_id = b.customer_id group by a.customer_id order by total_amount asc limit 1;
+------------+-----------+--------------+
| first_name | last_name | total_amount |
+------------+-----------+--------------+
| CAROLINE   | BOWMAN    |        50.85 |
+------------+-----------+--------------+
1 row in set (0.0251 sec)
 MySQL  localhost:3306 ssl  sakila  SQL > use world_x
Default schema set to `world_x`.
Fetching global names, object names from `world_x` for auto-completion... Press ^C to stop.
 MySQL  localhost:3306 ssl  world_x  SQL > show tables;
+-------------------+
| Tables_in_world_x |
+-------------------+
| city              |
| country           |
| countryinfo       |
| countrylanguage   |
+-------------------+
4 rows in set (0.0016 sec)
 MySQL  localhost:3306 ssl  world_x  SQL > select * from city limit 2;
+----+----------+-------------+----------+-------------------------+
| ID | Name     | CountryCode | District | Info                    |
+----+----------+-------------+----------+-------------------------+
|  1 | Kabul    | AFG         | Kabol    | {"Population": 1780000} |
|  2 | Qandahar | AFG         | Qandahar | {"Population": 237500}  |
+----+----------+-------------+----------+-------------------------+
2 rows in set (0.0014 sec)
 MySQL  localhost:3306 ssl  world_x  SQL > select * from country limit 2;
+------+-------------+---------+-------+
| Code | Name        | Capital | Code2 |
+------+-------------+---------+-------+
| ABW  | Aruba       |     129 | AW    |
| AFG  | Afghanistan |       1 | AF    |
+------+-------------+---------+-------+
2 rows in set (0.0013 sec)
 MySQL  localhost:3306 ssl  world_x  SQL > select a.name, sum(b.name) as total_city
                                        -> from country a inner join city b
                                        -> on a.code = b.countrycode
                                        -> group by a.code limit 5;
+----------------------+------------+
| name                 | total_city |
+----------------------+------------+
| Afghanistan          |          0 |
| Netherlands          |          0 |
| Netherlands Antilles |          0 |
| Albania              |          0 |
| Algeria              |          0 |
+----------------------+------------+
5 rows in set, 4079 warnings (0.0161 sec)
Warning (code 1292): Truncated incorrect DOUBLE value: 'Kabul'
Warning (code 1292): Truncated incorrect DOUBLE value: 'Qandahar'
Warning (code 1292): Truncated incorrect DOUBLE value: 'Herat'
Warning (code 1292): Truncated incorrect DOUBLE value: 'Mazar-e-Sharif'
Warning (code 1292): Truncated incorrect DOUBLE value: 'Amsterdam'
Warning (code 1292): Truncated incorrect DOUBLE value: 'Rotterdam'
Warning (code 1292): Truncated incorrect DOUBLE value: 'Haag'
Warning (code 1292): Truncated incorrect DOUBLE value: 'Utrecht'
Warning (code 1292): Truncated incorrect DOUBLE value: 'Eindhoven'
Warning (code 1292): Truncated incorrect DOUBLE value: 'Tilburg'
Warning (code 1292): Truncated incorrect DOUBLE value: 'Groningen'
Warning (code 1292): Truncated incorrect DOUBLE value: 'Breda'
Warning (code 1292): Truncated incorrect DOUBLE value: 'Apeldoorn'
Warning (code 1292): Truncated incorrect DOUBLE value: 'Nijmegen'
Warning (code 1292): Truncated incorrect DOUBLE value: 'Enschede'
Warning (code 1292): Truncated incorrect DOUBLE value: 'Haarlem'
Warning (code 1292): Truncated incorrect DOUBLE value: 'Almere'
Warning (code 1292): Truncated incorrect DOUBLE value: 'Arnhem'
Warning (code 1292): Truncated incorrect DOUBLE value: 'Zaanstad'
Warning (code 1292): Truncated incorrect DOUBLE value: '´s-Hertogenbosch'
Warning (code 1292): Truncated incorrect DOUBLE value: 'Amersfoort'
Warning (code 1292): Truncated incorrect DOUBLE value: 'Maastricht'
Warning (code 1292): Truncated incorrect DOUBLE value: 'Dordrecht'
Warning (code 1292): Truncated incorrect DOUBLE value: 'Leiden'
Warning (code 1292): Truncated incorrect DOUBLE value: 'Haarlemmermeer'
Warning (code 1292): Truncated incorrect DOUBLE value: 'Zoetermeer'
Warning (code 1292): Truncated incorrect DOUBLE value: 'Emmen'
Warning (code 1292): Truncated incorrect DOUBLE value: 'Zwolle'
Warning (code 1292): Truncated incorrect DOUBLE value: 'Ede'
Warning (code 1292): Truncated incorrect DOUBLE value: 'Delft'
Warning (code 1292): Truncated incorrect DOUBLE value: 'Heerlen'
Warning (code 1292): Truncated incorrect DOUBLE value: 'Alkmaar'
Warning (code 1292): Truncated incorrect DOUBLE value: 'Willemstad'
Warning (code 1292): Truncated incorrect DOUBLE value: 'Tirana'
Warning (code 1292): Truncated incorrect DOUBLE value: 'Alger'
Warning (code 1292): Truncated incorrect DOUBLE value: 'Oran'
Warning (code 1292): Truncated incorrect DOUBLE value: 'Constantine'
Warning (code 1292): Truncated incorrect DOUBLE value: 'Annaba'
Warning (code 1292): Truncated incorrect DOUBLE value: 'Batna'
Warning (code 1292): Truncated incorrect DOUBLE value: 'Sétif'
Warning (code 1292): Truncated incorrect DOUBLE value: 'Sidi Bel Abbès'
Warning (code 1292): Truncated incorrect DOUBLE value: 'Skikda'
Warning (code 1292): Truncated incorrect DOUBLE value: 'Biskra'
Warning (code 1292): Truncated incorrect DOUBLE value: 'Blida (el-Boulaida)'
Warning (code 1292): Truncated incorrect DOUBLE value: 'Béjaïa'
Warning (code 1292): Truncated incorrect DOUBLE value: 'Mostaganem'
Warning (code 1292): Truncated incorrect DOUBLE value: 'Tébessa'
Warning (code 1292): Truncated incorrect DOUBLE value: 'Tlemcen (Tilimsen)'
Warning (code 1292): Truncated incorrect DOUBLE value: 'Béchar'
Warning (code 1292): Truncated incorrect DOUBLE value: 'Tiaret'
Warning (code 1292): Truncated incorrect DOUBLE value: 'Ech-Chleff (el-Asnam)'
Warning (code 1292): Truncated incorrect DOUBLE value: 'Ghardaïa'
Warning (code 1292): Truncated incorrect DOUBLE value: 'Tafuna'
Warning (code 1292): Truncated incorrect DOUBLE value: 'Fagatogo'
Warning (code 1292): Truncated incorrect DOUBLE value: 'Andorra la Vella'
Warning (code 1292): Truncated incorrect DOUBLE value: 'Luanda'
Warning (code 1292): Truncated incorrect DOUBLE value: 'Huambo'
Warning (code 1292): Truncated incorrect DOUBLE value: 'Lobito'
Warning (code 1292): Truncated incorrect DOUBLE value: 'Benguela'
Warning (code 1292): Truncated incorrect DOUBLE value: 'Namibe'
Warning (code 1292): Truncated incorrect DOUBLE value: 'South Hill'
Warning (code 1292): Truncated incorrect DOUBLE value: 'The Valley'
Warning (code 1292): Truncated incorrect DOUBLE value: 'Saint John´s'
Warning (code 1292): Truncated incorrect DOUBLE value: 'Dubai'
Warning (code 1292): Truncated incorrect DOUBLE value: 'Abu Dhabi'
Warning (code 1292): Truncated incorrect DOUBLE value: 'Sharja'
Warning (code 1292): Truncated incorrect DOUBLE value: 'al-Ayn'
Warning (code 1292): Truncated incorrect DOUBLE value: 'Ajman'
Warning (code 1292): Truncated incorrect DOUBLE value: 'Buenos Aires'
Warning (code 1292): Truncated incorrect DOUBLE value: 'La Matanza'
Warning (code 1292): Truncated incorrect DOUBLE value: 'Córdoba'
Warning (code 1292): Truncated incorrect DOUBLE value: 'Rosario'
Warning (code 1292): Truncated incorrect DOUBLE value: 'Lomas de Zamora'
Warning (code 1292): Truncated incorrect DOUBLE value: 'Quilmes'
Warning (code 1292): Truncated incorrect DOUBLE value: 'Almirante Brown'
Warning (code 1292): Truncated incorrect DOUBLE value: 'La Plata'
Warning (code 1292): Truncated incorrect DOUBLE value: 'Mar del Plata'
Warning (code 1292): Truncated incorrect DOUBLE value: 'San Miguel de Tucumán'
Warning (code 1292): Truncated incorrect DOUBLE value: 'Lanús'
Warning (code 1292): Truncated incorrect DOUBLE value: 'Merlo'
Warning (code 1292): Truncated incorrect DOUBLE value: 'General San Martín'
Warning (code 1292): Truncated incorrect DOUBLE value: 'Salta'
Warning (code 1292): Truncated incorrect DOUBLE value: 'Moreno'
Warning (code 1292): Truncated incorrect DOUBLE value: 'Santa Fé'
Warning (code 1292): Truncated incorrect DOUBLE value: 'Avellaneda'
Warning (code 1292): Truncated incorrect DOUBLE value: 'Tres de Febrero'
Warning (code 1292): Truncated incorrect DOUBLE value: 'Morón'
Warning (code 1292): Truncated incorrect DOUBLE value: 'Florencio Varela'
Warning (code 1292): Truncated incorrect DOUBLE value: 'San Isidro'
Warning (code 1292): Truncated incorrect DOUBLE value: 'Tigre'
Warning (code 1292): Truncated incorrect DOUBLE value: 'Malvinas Argentinas'
Warning (code 1292): Truncated incorrect DOUBLE value: 'Vicente López'
Warning (code 1292): Truncated incorrect DOUBLE value: 'Berazategui'
Warning (code 1292): Truncated incorrect DOUBLE value: 'Corrientes'
Warning (code 1292): Truncated incorrect DOUBLE value: 'San Miguel'
Warning (code 1292): Truncated incorrect DOUBLE value: 'Bahía Blanca'
Warning (code 1292): Truncated incorrect DOUBLE value: 'Esteban Echeverría'
Warning (code 1292): Truncated incorrect DOUBLE value: 'Resistencia'
Warning (code 1292): Truncated incorrect DOUBLE value: 'José C. Paz'
Warning (code 1292): Truncated incorrect DOUBLE value: 'Paraná'
Warning (code 1292): Truncated incorrect DOUBLE value: 'Godoy Cruz'
Warning (code 1292): Truncated incorrect DOUBLE value: 'Posadas'
Warning (code 1292): Truncated incorrect DOUBLE value: 'Guaymallén'
Warning (code 1292): Truncated incorrect DOUBLE value: 'Santiago del Estero'
Warning (code 1292): Truncated incorrect DOUBLE value: 'San Salvador de Jujuy'
Warning (code 1292): Truncated incorrect DOUBLE value: 'Hurlingham'
Warning (code 1292): Truncated incorrect DOUBLE value: 'Neuquén'
Warning (code 1292): Truncated incorrect DOUBLE value: 'Ituzaingó'
Warning (code 1292): Truncated incorrect DOUBLE value: 'San Fernando'
Warning (code 1292): Truncated incorrect DOUBLE value: 'Formosa'
Warning (code 1292): Truncated incorrect DOUBLE value: 'Las Heras'
Warning (code 1292): Truncated incorrect DOUBLE value: 'La Rioja'
Warning (code 1292): Truncated incorrect DOUBLE value: 'San Fernando del Valle de Cata'
Warning (code 1292): Truncated incorrect DOUBLE value: 'Río Cuarto'
Warning (code 1292): Truncated incorrect DOUBLE value: 'Comodoro Rivadavia'
Warning (code 1292): Truncated incorrect DOUBLE value: 'Mendoza'
Warning (code 1292): Truncated incorrect DOUBLE value: 'San Nicolás de los Arroyos'
Warning (code 1292): Truncated incorrect DOUBLE value: 'San Juan'
Warning (code 1292): Truncated incorrect DOUBLE value: 'Escobar'
Warning (code 1292): Truncated incorrect DOUBLE value: 'Concordia'
Warning (code 1292): Truncated incorrect DOUBLE value: 'Pilar'
Warning (code 1292): Truncated incorrect DOUBLE value: 'San Luis'
Warning (code 1292): Truncated incorrect DOUBLE value: 'Ezeiza'
Warning (code 1292): Truncated incorrect DOUBLE value: 'San Rafael'
Warning (code 1292): Truncated incorrect DOUBLE value: 'Tandil'
Warning (code 1292): Truncated incorrect DOUBLE value: 'Yerevan'
Warning (code 1292): Truncated incorrect DOUBLE value: 'Gjumri'
Warning (code 1292): Truncated incorrect DOUBLE value: 'Vanadzor'
Warning (code 1292): Truncated incorrect DOUBLE value: 'Oranjestad'
Warning (code 1292): Truncated incorrect DOUBLE value: 'Sydney'
Warning (code 1292): Truncated incorrect DOUBLE value: 'Melbourne'
Warning (code 1292): Truncated incorrect DOUBLE value: 'Brisbane'
Warning (code 1292): Truncated incorrect DOUBLE value: 'Perth'
Warning (code 1292): Truncated incorrect DOUBLE value: 'Adelaide'
Warning (code 1292): Truncated incorrect DOUBLE value: 'Canberra'
Warning (code 1292): Truncated incorrect DOUBLE value: 'Gold Coast'
Warning (code 1292): Truncated incorrect DOUBLE value: 'Newcastle'
Warning (code 1292): Truncated incorrect DOUBLE value: 'Central Coast'
Warning (code 1292): Truncated incorrect DOUBLE value: 'Wollongong'
Warning (code 1292): Truncated incorrect DOUBLE value: 'Hobart'
Warning (code 1292): Truncated incorrect DOUBLE value: 'Geelong'
Warning (code 1292): Truncated incorrect DOUBLE value: 'Townsville'
Warning (code 1292): Truncated incorrect DOUBLE value: 'Cairns'
Warning (code 1292): Truncated incorrect DOUBLE value: 'Baku'
Warning (code 1292): Truncated incorrect DOUBLE value: 'Gäncä'
Warning (code 1292): Truncated incorrect DOUBLE value: 'Sumqayit'
Warning (code 1292): Truncated incorrect DOUBLE value: 'Mingäçevir'
Warning (code 1292): Truncated incorrect DOUBLE value: 'Nassau'
Warning (code 1292): Truncated incorrect DOUBLE value: 'al-Manama'
Warning (code 1292): Truncated incorrect DOUBLE value: 'Dhaka'
Warning (code 1292): Truncated incorrect DOUBLE value: 'Chittagong'
Warning (code 1292): Truncated incorrect DOUBLE value: 'Khulna'
Warning (code 1292): Truncated incorrect DOUBLE value: 'Rajshahi'
Warning (code 1292): Truncated incorrect DOUBLE value: 'Narayanganj'
Warning (code 1292): Truncated incorrect DOUBLE value: 'Rangpur'
Warning (code 1292): Truncated incorrect DOUBLE value: 'Mymensingh'
Warning (code 1292): Truncated incorrect DOUBLE value: 'Barisal'
Warning (code 1292): Truncated incorrect DOUBLE value: 'Tungi'
Warning (code 1292): Truncated incorrect DOUBLE value: 'Jessore'
Warning (code 1292): Truncated incorrect DOUBLE value: 'Comilla'
Warning (code 1292): Truncated incorrect DOUBLE value: 'Nawabganj'
Warning (code 1292): Truncated incorrect DOUBLE value: 'Dinajpur'
Warning (code 1292): Truncated incorrect DOUBLE value: 'Bogra'
Warning (code 1292): Truncated incorrect DOUBLE value: 'Sylhet'
Warning (code 1292): Truncated incorrect DOUBLE value: 'Brahmanbaria'
Warning (code 1292): Truncated incorrect DOUBLE value: 'Tangail'
Warning (code 1292): Truncated incorrect DOUBLE value: 'Jamalpur'
Warning (code 1292): Truncated incorrect DOUBLE value: 'Pabna'
Warning (code 1292): Truncated incorrect DOUBLE value: 'Naogaon'
Warning (code 1292): Truncated incorrect DOUBLE value: 'Sirajganj'
Warning (code 1292): Truncated incorrect DOUBLE value: 'Narsinghdi'
Warning (code 1292): Truncated incorrect DOUBLE value: 'Saidpur'
Warning (code 1292): Truncated incorrect DOUBLE value: 'Gazipur'
Warning (code 1292): Truncated incorrect DOUBLE value: 'Bridgetown'
Warning (code 1292): Truncated incorrect DOUBLE value: 'Antwerpen'
Warning (code 1292): Truncated incorrect DOUBLE value: 'Gent'
Warning (code 1292): Truncated incorrect DOUBLE value: 'Charleroi'
Warning (code 1292): Truncated incorrect DOUBLE value: 'Liège'
Warning (code 1292): Truncated incorrect DOUBLE value: 'Bruxelles [Brussel]'
Warning (code 1292): Truncated incorrect DOUBLE value: 'Brugge'
Warning (code 1292): Truncated incorrect DOUBLE value: 'Schaerbeek'
Warning (code 1292): Truncated incorrect DOUBLE value: 'Namur'
Warning (code 1292): Truncated incorrect DOUBLE value: 'Mons'
Warning (code 1292): Truncated incorrect DOUBLE value: 'Belize City'
Warning (code 1292): Truncated incorrect DOUBLE value: 'Belmopan'
Warning (code 1292): Truncated incorrect DOUBLE value: 'Cotonou'
Warning (code 1292): Truncated incorrect DOUBLE value: 'Porto-Novo'
Warning (code 1292): Truncated incorrect DOUBLE value: 'Djougou'
Warning (code 1292): Truncated incorrect DOUBLE value: 'Parakou'
Warning (code 1292): Truncated incorrect DOUBLE value: 'Saint George'
Warning (code 1292): Truncated incorrect DOUBLE value: 'Hamilton'
Warning (code 1292): Truncated incorrect DOUBLE value: 'Thimphu'
Warning (code 1292): Truncated incorrect DOUBLE value: 'Santa Cruz de la Sierra'
Warning (code 1292): Truncated incorrect DOUBLE value: 'La Paz'
Warning (code 1292): Truncated incorrect DOUBLE value: 'El Alto'
Warning (code 1292): Truncated incorrect DOUBLE value: 'Cochabamba'
Warning (code 1292): Truncated incorrect DOUBLE value: 'Oruro'
Warning (code 1292): Truncated incorrect DOUBLE value: 'Sucre'
Warning (code 1292): Truncated incorrect DOUBLE value: 'Potosí'
Warning (code 1292): Truncated incorrect DOUBLE value: 'Tarija'
Warning (code 1292): Truncated incorrect DOUBLE value: 'Sarajevo'
Warning (code 1292): Truncated incorrect DOUBLE value: 'Banja Luka'
Warning (code 1292): Truncated incorrect DOUBLE value: 'Zenica'
Warning (code 1292): Truncated incorrect DOUBLE value: 'Gaborone'
Warning (code 1292): Truncated incorrect DOUBLE value: 'Francistown'
Warning (code 1292): Truncated incorrect DOUBLE value: 'São Paulo'
Warning (code 1292): Truncated incorrect DOUBLE value: 'Rio de Janeiro'
Warning (code 1292): Truncated incorrect DOUBLE value: 'Salvador'
Warning (code 1292): Truncated incorrect DOUBLE value: 'Belo Horizonte'
Warning (code 1292): Truncated incorrect DOUBLE value: 'Fortaleza'
Warning (code 1292): Truncated incorrect DOUBLE value: 'Brasília'
Warning (code 1292): Truncated incorrect DOUBLE value: 'Curitiba'
Warning (code 1292): Truncated incorrect DOUBLE value: 'Recife'
Warning (code 1292): Truncated incorrect DOUBLE value: 'Porto Alegre'
Warning (code 1292): Truncated incorrect DOUBLE value: 'Manaus'
Warning (code 1292): Truncated incorrect DOUBLE value: 'Belém'
Warning (code 1292): Truncated incorrect DOUBLE value: 'Guarulhos'
Warning (code 1292): Truncated incorrect DOUBLE value: 'Goiânia'
Warning (code 1292): Truncated incorrect DOUBLE value: 'Campinas'
Warning (code 1292): Truncated incorrect DOUBLE value: 'São Gonçalo'
Warning (code 1292): Truncated incorrect DOUBLE value: 'Nova Iguaçu'
Warning (code 1292): Truncated incorrect DOUBLE value: 'São Luís'
Warning (code 1292): Truncated incorrect DOUBLE value: 'Maceió'
Warning (code 1292): Truncated incorrect DOUBLE value: 'Duque de Caxias'
Warning (code 1292): Truncated incorrect DOUBLE value: 'São Bernardo do Campo'
Warning (code 1292): Truncated incorrect DOUBLE value: 'Teresina'
Warning (code 1292): Truncated incorrect DOUBLE value: 'Natal'
Warning (code 1292): Truncated incorrect DOUBLE value: 'Osasco'
Warning (code 1292): Truncated incorrect DOUBLE value: 'Campo Grande'
Warning (code 1292): Truncated incorrect DOUBLE value: 'Santo André'
Warning (code 1292): Truncated incorrect DOUBLE value: 'João Pessoa'
Warning (code 1292): Truncated incorrect DOUBLE value: 'Jaboatão dos Guararapes'
Warning (code 1292): Truncated incorrect DOUBLE value: 'Contagem'
Warning (code 1292): Truncated incorrect DOUBLE value: 'São José dos Campos'
Warning (code 1292): Truncated incorrect DOUBLE value: 'Uberlândia'
Warning (code 1292): Truncated incorrect DOUBLE value: 'Feira de Santana'
Warning (code 1292): Truncated incorrect DOUBLE value: 'Ribeirão Preto'
Warning (code 1292): Truncated incorrect DOUBLE value: 'Sorocaba'
Warning (code 1292): Truncated incorrect DOUBLE value: 'Niterói'
Warning (code 1292): Truncated incorrect DOUBLE value: 'Cuiabá'
Warning (code 1292): Truncated incorrect DOUBLE value: 'Juiz de Fora'
Warning (code 1292): Truncated incorrect DOUBLE value: 'Aracaju'
Warning (code 1292): Truncated incorrect DOUBLE value: 'São João de Meriti'
Warning (code 1292): Truncated incorrect DOUBLE value: 'Londrina'
Warning (code 1292): Truncated incorrect DOUBLE value: 'Joinville'
Warning (code 1292): Truncated incorrect DOUBLE value: 'Belford Roxo'
Warning (code 1292): Truncated incorrect DOUBLE value: 'Santos'
Warning (code 1292): Truncated incorrect DOUBLE value: 'Ananindeua'
Warning (code 1292): Truncated incorrect DOUBLE value: 'Campos dos Goytacazes'
Warning (code 1292): Truncated incorrect DOUBLE value: 'Mauá'
Warning (code 1292): Truncated incorrect DOUBLE value: 'Carapicuíba'
Warning (code 1292): Truncated incorrect DOUBLE value: 'Olinda'
Warning (code 1292): Truncated incorrect DOUBLE value: 'Campina Grande'
Warning (code 1292): Truncated incorrect DOUBLE value: 'São José do Rio Preto'
Warning (code 1292): Truncated incorrect DOUBLE value: 'Caxias do Sul'
Warning (code 1292): Truncated incorrect DOUBLE value: 'Moji das Cruzes'
Warning (code 1292): Truncated incorrect DOUBLE value: 'Diadema'
Warning (code 1292): Truncated incorrect DOUBLE value: 'Aparecida de Goiânia'
Warning (code 1292): Truncated incorrect DOUBLE value: 'Piracicaba'
Warning (code 1292): Truncated incorrect DOUBLE value: 'Cariacica'
Warning (code 1292): Truncated incorrect DOUBLE value: 'Vila Velha'
Warning (code 1292): Truncated incorrect DOUBLE value: 'Pelotas'
Warning (code 1292): Truncated incorrect DOUBLE value: 'Bauru'
Warning (code 1292): Truncated incorrect DOUBLE value: 'Porto Velho'
Warning (code 1292): Truncated incorrect DOUBLE value: 'Serra'
Warning (code 1292): Truncated incorrect DOUBLE value: 'Betim'
Warning (code 1292): Truncated incorrect DOUBLE value: 'Jundíaí'
Warning (code 1292): Truncated incorrect DOUBLE value: 'Canoas'
Warning (code 1292): Truncated incorrect DOUBLE value: 'Franca'
Warning (code 1292): Truncated incorrect DOUBLE value: 'São Vicente'
Warning (code 1292): Truncated incorrect DOUBLE value: 'Maringá'
Warning (code 1292): Truncated incorrect DOUBLE value: 'Montes Claros'
Warning (code 1292): Truncated incorrect DOUBLE value: 'Anápolis'
Warning (code 1292): Truncated incorrect DOUBLE value: 'Florianópolis'
Warning (code 1292): Truncated incorrect DOUBLE value: 'Petrópolis'
Warning (code 1292): Truncated incorrect DOUBLE value: 'Itaquaquecetuba'
Warning (code 1292): Truncated incorrect DOUBLE value: 'Vitória'
Warning (code 1292): Truncated incorrect DOUBLE value: 'Ponta Grossa'
Warning (code 1292): Truncated incorrect DOUBLE value: 'Rio Branco'
Warning (code 1292): Truncated incorrect DOUBLE value: 'Foz do Iguaçu'
Warning (code 1292): Truncated incorrect DOUBLE value: 'Macapá'
Warning (code 1292): Truncated incorrect DOUBLE value: 'Ilhéus'
Warning (code 1292): Truncated incorrect DOUBLE value: 'Vitória da Conquista'
Warning (code 1292): Truncated incorrect DOUBLE value: 'Uberaba'
Warning (code 1292): Truncated incorrect DOUBLE value: 'Paulista'
Warning (code 1292): Truncated incorrect DOUBLE value: 'Limeira'
Warning (code 1292): Truncated incorrect DOUBLE value: 'Blumenau'
Warning (code 1292): Truncated incorrect DOUBLE value: 'Caruaru'
Warning (code 1292): Truncated incorrect DOUBLE value: 'Santarém'
Warning (code 1292): Truncated incorrect DOUBLE value: 'Volta Redonda'
Warning (code 1292): Truncated incorrect DOUBLE value: 'Novo Hamburgo'
Warning (code 1292): Truncated incorrect DOUBLE value: 'Caucaia'
Warning (code 1292): Truncated incorrect DOUBLE value: 'Santa Maria'
Warning (code 1292): Truncated incorrect DOUBLE value: 'Cascavel'
Warning (code 1292): Truncated incorrect DOUBLE value: 'Guarujá'
Warning (code 1292): Truncated incorrect DOUBLE value: 'Ribeirão das Neves'
Warning (code 1292): Truncated incorrect DOUBLE value: 'Governador Valadares'
Warning (code 1292): Truncated incorrect DOUBLE value: 'Taubaté'
Warning (code 1292): Truncated incorrect DOUBLE value: 'Imperatriz'
Warning (code 1292): Truncated incorrect DOUBLE value: 'Gravataí'
Warning (code 1292): Truncated incorrect DOUBLE value: 'Embu'
Warning (code 1292): Truncated incorrect DOUBLE value: 'Mossoró'
Warning (code 1292): Truncated incorrect DOUBLE value: 'Várzea Grande'
Warning (code 1292): Truncated incorrect DOUBLE value: 'Petrolina'
Warning (code 1292): Truncated incorrect DOUBLE value: 'Barueri'
Warning (code 1292): Truncated incorrect DOUBLE value: 'Viamão'
Warning (code 1292): Truncated incorrect DOUBLE value: 'Ipatinga'
Warning (code 1292): Truncated incorrect DOUBLE value: 'Juazeiro'
Warning (code 1292): Truncated incorrect DOUBLE value: 'Juazeiro do Norte'
Warning (code 1292): Truncated incorrect DOUBLE value: 'Taboão da Serra'
Warning (code 1292): Truncated incorrect DOUBLE value: 'São José dos Pinhais'
Warning (code 1292): Truncated incorrect DOUBLE value: 'Magé'
Warning (code 1292): Truncated incorrect DOUBLE value: 'Suzano'
Warning (code 1292): Truncated incorrect DOUBLE value: 'São Leopoldo'
Warning (code 1292): Truncated incorrect DOUBLE value: 'Marília'
Warning (code 1292): Truncated incorrect DOUBLE value: 'São Carlos'
Warning (code 1292): Truncated incorrect DOUBLE value: 'Sumaré'
Warning (code 1292): Truncated incorrect DOUBLE value: 'Presidente Prudente'
Warning (code 1292): Truncated incorrect DOUBLE value: 'Divinópolis'
Warning (code 1292): Truncated incorrect DOUBLE value: 'Sete Lagoas'
Warning (code 1292): Truncated incorrect DOUBLE value: 'Rio Grande'
Warning (code 1292): Truncated incorrect DOUBLE value: 'Itabuna'
Warning (code 1292): Truncated incorrect DOUBLE value: 'Jequié'
Warning (code 1292): Truncated incorrect DOUBLE value: 'Arapiraca'
Warning (code 1292): Truncated incorrect DOUBLE value: 'Colombo'
Warning (code 1292): Truncated incorrect DOUBLE value: 'Americana'
Warning (code 1292): Truncated incorrect DOUBLE value: 'Alvorada'
Warning (code 1292): Truncated incorrect DOUBLE value: 'Araraquara'
Warning (code 1292): Truncated incorrect DOUBLE value: 'Itaboraí'
Warning (code 1292): Truncated incorrect DOUBLE value: 'Santa Bárbara d´Oeste'
Warning (code 1292): Truncated incorrect DOUBLE value: 'Nova Friburgo'
Warning (code 1292): Truncated incorrect DOUBLE value: 'Jacareí'
Warning (code 1292): Truncated incorrect DOUBLE value: 'Araçatuba'
Warning (code 1292): Truncated incorrect DOUBLE value: 'Barra Mansa'
Warning (code 1292): Truncated incorrect DOUBLE value: 'Praia Grande'
Warning (code 1292): Truncated incorrect DOUBLE value: 'Marabá'
Warning (code 1292): Truncated incorrect DOUBLE value: 'Criciúma'
Warning (code 1292): Truncated incorrect DOUBLE value: 'Boa Vista'
Warning (code 1292): Truncated incorrect DOUBLE value: 'Passo Fundo'
Warning (code 1292): Truncated incorrect DOUBLE value: 'Dourados'
Warning (code 1292): Truncated incorrect DOUBLE value: 'Santa Luzia'
Warning (code 1292): Truncated incorrect DOUBLE value: 'Rio Claro'
Warning (code 1292): Truncated incorrect DOUBLE value: 'Maracanaú'
Warning (code 1292): Truncated incorrect DOUBLE value: 'Guarapuava'
Warning (code 1292): Truncated incorrect DOUBLE value: 'Rondonópolis'
Warning (code 1292): Truncated incorrect DOUBLE value: 'São José'
Warning (code 1292): Truncated incorrect DOUBLE value: 'Cachoeiro de Itapemirim'
Warning (code 1292): Truncated incorrect DOUBLE value: 'Nilópolis'
Warning (code 1292): Truncated incorrect DOUBLE value: 'Itapevi'
Warning (code 1292): Truncated incorrect DOUBLE value: 'Cabo de Santo Agostinho'
Warning (code 1292): Truncated incorrect DOUBLE value: 'Camaçari'
Warning (code 1292): Truncated incorrect DOUBLE value: 'Sobral'
Warning (code 1292): Truncated incorrect DOUBLE value: 'Itajaí'
Warning (code 1292): Truncated incorrect DOUBLE value: 'Chapecó'
Warning (code 1292): Truncated incorrect DOUBLE value: 'Cotia'
Warning (code 1292): Truncated incorrect DOUBLE value: 'Lages'
Warning (code 1292): Truncated incorrect DOUBLE value: 'Ferraz de Vasconcelos'
Warning (code 1292): Truncated incorrect DOUBLE value: 'Indaiatuba'
Warning (code 1292): Truncated incorrect DOUBLE value: 'Hortolândia'
Warning (code 1292): Truncated incorrect DOUBLE value: 'Caxias'
Warning (code 1292): Truncated incorrect DOUBLE value: 'São Caetano do Sul'
Warning (code 1292): Truncated incorrect DOUBLE value: 'Itu'
Warning (code 1292): Truncated incorrect DOUBLE value: 'Nossa Senhora do Socorro'
Warning (code 1292): Truncated incorrect DOUBLE value: 'Parnaíba'
Warning (code 1292): Truncated incorrect DOUBLE value: 'Poços de Caldas'
Warning (code 1292): Truncated incorrect DOUBLE value: 'Teresópolis'
Warning (code 1292): Truncated incorrect DOUBLE value: 'Barreiras'
Warning (code 1292): Truncated incorrect DOUBLE value: 'Castanhal'
Warning (code 1292): Truncated incorrect DOUBLE value: 'Alagoinhas'
Warning (code 1292): Truncated incorrect DOUBLE value: 'Itapecerica da Serra'
Warning (code 1292): Truncated incorrect DOUBLE value: 'Uruguaiana'
Warning (code 1292): Truncated incorrect DOUBLE value: 'Paranaguá'
Warning (code 1292): Truncated incorrect DOUBLE value: 'Ibirité'
Warning (code 1292): Truncated incorrect DOUBLE value: 'Timon'
Warning (code 1292): Truncated incorrect DOUBLE value: 'Luziânia'
Warning (code 1292): Truncated incorrect DOUBLE value: 'Macaé'
Warning (code 1292): Truncated incorrect DOUBLE value: 'Teófilo Otoni'
Warning (code 1292): Truncated incorrect DOUBLE value: 'Moji-Guaçu'
Warning (code 1292): Truncated incorrect DOUBLE value: 'Palmas'
Warning (code 1292): Truncated incorrect DOUBLE value: 'Pindamonhangaba'
Warning (code 1292): Truncated incorrect DOUBLE value: 'Francisco Morato'
Warning (code 1292): Truncated incorrect DOUBLE value: 'Bagé'
Warning (code 1292): Truncated incorrect DOUBLE value: 'Sapucaia do Sul'
Warning (code 1292): Truncated incorrect DOUBLE value: 'Cabo Frio'
Warning (code 1292): Truncated incorrect DOUBLE value: 'Itapetininga'
Warning (code 1292): Truncated incorrect DOUBLE value: 'Patos de Minas'
Warning (code 1292): Truncated incorrect DOUBLE value: 'Camaragibe'
Warning (code 1292): Truncated incorrect DOUBLE value: 'Bragança Paulista'
Warning (code 1292): Truncated incorrect DOUBLE value: 'Queimados'
Warning (code 1292): Truncated incorrect DOUBLE value: 'Araguaína'
Warning (code 1292): Truncated incorrect DOUBLE value: 'Garanhuns'
Warning (code 1292): Truncated incorrect DOUBLE value: 'Vitória de Santo Antão'
Warning (code 1292): Truncated incorrect DOUBLE value: 'Santa Rita'
Warning (code 1292): Truncated incorrect DOUBLE value: 'Barbacena'
Warning (code 1292): Truncated incorrect DOUBLE value: 'Abaetetuba'
Warning (code 1292): Truncated incorrect DOUBLE value: 'Jaú'
Warning (code 1292): Truncated incorrect DOUBLE value: 'Lauro de Freitas'
Warning (code 1292): Truncated incorrect DOUBLE value: 'Franco da Rocha'
Warning (code 1292): Truncated incorrect DOUBLE value: 'Teixeira de Freitas'
Warning (code 1292): Truncated incorrect DOUBLE value: 'Varginha'
Warning (code 1292): Truncated incorrect DOUBLE value: 'Ribeirão Pires'
Warning (code 1292): Truncated incorrect DOUBLE value: 'Sabará'
Warning (code 1292): Truncated incorrect DOUBLE value: 'Catanduva'
Warning (code 1292): Truncated incorrect DOUBLE value: 'Rio Verde'
Warning (code 1292): Truncated incorrect DOUBLE value: 'Botucatu'
Warning (code 1292): Truncated incorrect DOUBLE value: 'Colatina'
Warning (code 1292): Truncated incorrect DOUBLE value: 'Santa Cruz do Sul'
Warning (code 1292): Truncated incorrect DOUBLE value: 'Linhares'
Warning (code 1292): Truncated incorrect DOUBLE value: 'Apucarana'
Warning (code 1292): Truncated incorrect DOUBLE value: 'Barretos'
Warning (code 1292): Truncated incorrect DOUBLE value: 'Guaratinguetá'
Warning (code 1292): Truncated incorrect DOUBLE value: 'Cachoeirinha'
Warning (code 1292): Truncated incorrect DOUBLE value: 'Codó'
Warning (code 1292): Truncated incorrect DOUBLE value: 'Jaraguá do Sul'
Warning (code 1292): Truncated incorrect DOUBLE value: 'Cubatão'
Warning (code 1292): Truncated incorrect DOUBLE value: 'Itabira'
Warning (code 1292): Truncated incorrect DOUBLE value: 'Itaituba'
Warning (code 1292): Truncated incorrect DOUBLE value: 'Araras'
Warning (code 1292): Truncated incorrect DOUBLE value: 'Resende'
Warning (code 1292): Truncated incorrect DOUBLE value: 'Atibaia'
Warning (code 1292): Truncated incorrect DOUBLE value: 'Pouso Alegre'
Warning (code 1292): Truncated incorrect DOUBLE value: 'Toledo'
Warning (code 1292): Truncated incorrect DOUBLE value: 'Crato'
Warning (code 1292): Truncated incorrect DOUBLE value: 'Passos'
Warning (code 1292): Truncated incorrect DOUBLE value: 'Araguari'
Warning (code 1292): Truncated incorrect DOUBLE value: 'São José de Ribamar'
Warning (code 1292): Truncated incorrect DOUBLE value: 'Pinhais'
Warning (code 1292): Truncated incorrect DOUBLE value: 'Sertãozinho'
Warning (code 1292): Truncated incorrect DOUBLE value: 'Conselheiro Lafaiete'
Warning (code 1292): Truncated incorrect DOUBLE value: 'Paulo Afonso'
Warning (code 1292): Truncated incorrect DOUBLE value: 'Angra dos Reis'
Warning (code 1292): Truncated incorrect DOUBLE value: 'Eunápolis'
Warning (code 1292): Truncated incorrect DOUBLE value: 'Salto'
Warning (code 1292): Truncated incorrect DOUBLE value: 'Ourinhos'
Warning (code 1292): Truncated incorrect DOUBLE value: 'Parnamirim'
Warning (code 1292): Truncated incorrect DOUBLE value: 'Jacobina'
Warning (code 1292): Truncated incorrect DOUBLE value: 'Coronel Fabriciano'
Warning (code 1292): Truncated incorrect DOUBLE value: 'Birigui'
Warning (code 1292): Truncated incorrect DOUBLE value: 'Tatuí'
Warning (code 1292): Truncated incorrect DOUBLE value: 'Ji-Paraná'
Warning (code 1292): Truncated incorrect DOUBLE value: 'Bacabal'
Warning (code 1292): Truncated incorrect DOUBLE value: 'Cametá'
Warning (code 1292): Truncated incorrect DOUBLE value: 'Guaíba'
Warning (code 1292): Truncated incorrect DOUBLE value: 'São Lourenço da Mata'
Warning (code 1292): Truncated incorrect DOUBLE value: 'Santana do Livramento'
Warning (code 1292): Truncated incorrect DOUBLE value: 'Votorantim'
Warning (code 1292): Truncated incorrect DOUBLE value: 'Campo Largo'
Warning (code 1292): Truncated incorrect DOUBLE value: 'Patos'
Warning (code 1292): Truncated incorrect DOUBLE value: 'Ituiutaba'
Warning (code 1292): Truncated incorrect DOUBLE value: 'Corumbá'
Warning (code 1292): Truncated incorrect DOUBLE value: 'Palhoça'
Warning (code 1292): Truncated incorrect DOUBLE value: 'Barra do Piraí'
Warning (code 1292): Truncated incorrect DOUBLE value: 'Bento Gonçalves'
Warning (code 1292): Truncated incorrect DOUBLE value: 'Poá'
Warning (code 1292): Truncated incorrect DOUBLE value: 'Águas Lindas de Goiás'
Warning (code 1292): Truncated incorrect DOUBLE value: 'London'
Warning (code 1292): Truncated incorrect DOUBLE value: 'Birmingham'
Warning (code 1292): Truncated incorrect DOUBLE value: 'Glasgow'
Warning (code 1292): Truncated incorrect DOUBLE value: 'Liverpool'
Warning (code 1292): Truncated incorrect DOUBLE value: 'Edinburgh'
Warning (code 1292): Truncated incorrect DOUBLE value: 'Sheffield'
Warning (code 1292): Truncated incorrect DOUBLE value: 'Manchester'
Warning (code 1292): Truncated incorrect DOUBLE value: 'Leeds'
Warning (code 1292): Truncated incorrect DOUBLE value: 'Bristol'
Warning (code 1292): Truncated incorrect DOUBLE value: 'Cardiff'
Warning (code 1292): Truncated incorrect DOUBLE value: 'Coventry'
Warning (code 1292): Truncated incorrect DOUBLE value: 'Leicester'
Warning (code 1292): Truncated incorrect DOUBLE value: 'Bradford'
Warning (code 1292): Truncated incorrect DOUBLE value: 'Belfast'
Warning (code 1292): Truncated incorrect DOUBLE value: 'Nottingham'
Warning (code 1292): Truncated incorrect DOUBLE value: 'Kingston upon Hull'
Warning (code 1292): Truncated incorrect DOUBLE value: 'Plymouth'
Warning (code 1292): Truncated incorrect DOUBLE value: 'Stoke-on-Trent'
Warning (code 1292): Truncated incorrect DOUBLE value: 'Wolverhampton'
Warning (code 1292): Truncated incorrect DOUBLE value: 'Derby'
Warning (code 1292): Truncated incorrect DOUBLE value: 'Swansea'
Warning (code 1292): Truncated incorrect DOUBLE value: 'Southampton'
Warning (code 1292): Truncated incorrect DOUBLE value: 'Aberdeen'
Warning (code 1292): Truncated incorrect DOUBLE value: 'Northampton'
Warning (code 1292): Truncated incorrect DOUBLE value: 'Dudley'
Warning (code 1292): Truncated incorrect DOUBLE value: 'Portsmouth'
Warning (code 1292): Truncated incorrect DOUBLE value: 'Newcastle upon Tyne'
Warning (code 1292): Truncated incorrect DOUBLE value: 'Sunderland'
Warning (code 1292): Truncated incorrect DOUBLE value: 'Luton'
Warning (code 1292): Truncated incorrect DOUBLE value: 'Swindon'
Warning (code 1292): Truncated incorrect DOUBLE value: 'Southend-on-Sea'
Warning (code 1292): Truncated incorrect DOUBLE value: 'Walsall'
Warning (code 1292): Truncated incorrect DOUBLE value: 'Bournemouth'
Warning (code 1292): Truncated incorrect DOUBLE value: 'Peterborough'
Warning (code 1292): Truncated incorrect DOUBLE value: 'Brighton'
Warning (code 1292): Truncated incorrect DOUBLE value: 'Blackpool'
Warning (code 1292): Truncated incorrect DOUBLE value: 'Dundee'
Warning (code 1292): Truncated incorrect DOUBLE value: 'West Bromwich'
Warning (code 1292): Truncated incorrect DOUBLE value: 'Reading'
Warning (code 1292): Truncated incorrect DOUBLE value: 'Oldbury/Smethwick (Warley)'
Warning (code 1292): Truncated incorrect DOUBLE value: 'Middlesbrough'
Warning (code 1292): Truncated incorrect DOUBLE value: 'Huddersfield'
Warning (code 1292): Truncated incorrect DOUBLE value: 'Oxford'
Warning (code 1292): Truncated incorrect DOUBLE value: 'Poole'
Warning (code 1292): Truncated incorrect DOUBLE value: 'Bolton'
Warning (code 1292): Truncated incorrect DOUBLE value: 'Blackburn'
Warning (code 1292): Truncated incorrect DOUBLE value: 'Newport'
Warning (code 1292): Truncated incorrect DOUBLE value: 'Preston'
Warning (code 1292): Truncated incorrect DOUBLE value: 'Stockport'
Warning (code 1292): Truncated incorrect DOUBLE value: 'Norwich'
Warning (code 1292): Truncated incorrect DOUBLE value: 'Rotherham'
Warning (code 1292): Truncated incorrect DOUBLE value: 'Cambridge'
Warning (code 1292): Truncated incorrect DOUBLE value: 'Watford'
Warning (code 1292): Truncated incorrect DOUBLE value: 'Ipswich'
Warning (code 1292): Truncated incorrect DOUBLE value: 'Slough'
Warning (code 1292): Truncated incorrect DOUBLE value: 'Exeter'
Warning (code 1292): Truncated incorrect DOUBLE value: 'Cheltenham'
Warning (code 1292): Truncated incorrect DOUBLE value: 'Gloucester'
Warning (code 1292): Truncated incorrect DOUBLE value: 'Saint Helens'
Warning (code 1292): Truncated incorrect DOUBLE value: 'Sutton Coldfield'
Warning (code 1292): Truncated incorrect DOUBLE value: 'York'
Warning (code 1292): Truncated incorrect DOUBLE value: 'Oldham'
Warning (code 1292): Truncated incorrect DOUBLE value: 'Basildon'
Warning (code 1292): Truncated incorrect DOUBLE value: 'Worthing'
Warning (code 1292): Truncated incorrect DOUBLE value: 'Chelmsford'
Warning (code 1292): Truncated incorrect DOUBLE value: 'Colchester'
Warning (code 1292): Truncated incorrect DOUBLE value: 'Crawley'
Warning (code 1292): Truncated incorrect DOUBLE value: 'Gillingham'
Warning (code 1292): Truncated incorrect DOUBLE value: 'Solihull'
Warning (code 1292): Truncated incorrect DOUBLE value: 'Rochdale'
Warning (code 1292): Truncated incorrect DOUBLE value: 'Birkenhead'
Warning (code 1292): Truncated incorrect DOUBLE value: 'Worcester'
Warning (code 1292): Truncated incorrect DOUBLE value: 'Hartlepool'
Warning (code 1292): Truncated incorrect DOUBLE value: 'Halifax'
Warning (code 1292): Truncated incorrect DOUBLE value: 'Woking/Byfleet'
Warning (code 1292): Truncated incorrect DOUBLE value: 'Southport'
Warning (code 1292): Truncated incorrect DOUBLE value: 'Maidstone'
Warning (code 1292): Truncated incorrect DOUBLE value: 'Eastbourne'
Warning (code 1292): Truncated incorrect DOUBLE value: 'Grimsby'
Warning (code 1292): Truncated incorrect DOUBLE value: 'Saint Helier'
Warning (code 1292): Truncated incorrect DOUBLE value: 'Douglas'
Warning (code 1292): Truncated incorrect DOUBLE value: 'Road Town'
Warning (code 1292): Truncated incorrect DOUBLE value: 'Bandar Seri Begawan'
Warning (code 1292): Truncated incorrect DOUBLE value: 'Sofija'
Warning (code 1292): Truncated incorrect DOUBLE value: 'Plovdiv'
Warning (code 1292): Truncated incorrect DOUBLE value: 'Varna'
Warning (code 1292): Truncated incorrect DOUBLE value: 'Burgas'
Warning (code 1292): Truncated incorrect DOUBLE value: 'Ruse'
Warning (code 1292): Truncated incorrect DOUBLE value: 'Stara Zagora'
Warning (code 1292): Truncated incorrect DOUBLE value: 'Pleven'
Warning (code 1292): Truncated incorrect DOUBLE value: 'Sliven'
Warning (code 1292): Truncated incorrect DOUBLE value: 'Dobric'
Warning (code 1292): Truncated incorrect DOUBLE value: 'Šumen'
Warning (code 1292): Truncated incorrect DOUBLE value: 'Ouagadougou'
Warning (code 1292): Truncated incorrect DOUBLE value: 'Bobo-Dioulasso'
Warning (code 1292): Truncated incorrect DOUBLE value: 'Koudougou'
Warning (code 1292): Truncated incorrect DOUBLE value: 'Bujumbura'
Warning (code 1292): Truncated incorrect DOUBLE value: 'George Town'
Warning (code 1292): Truncated incorrect DOUBLE value: 'Santiago de Chile'
Warning (code 1292): Truncated incorrect DOUBLE value: 'Puente Alto'
Warning (code 1292): Truncated incorrect DOUBLE value: 'Viña del Mar'
Warning (code 1292): Truncated incorrect DOUBLE value: 'Valparaíso'
Warning (code 1292): Truncated incorrect DOUBLE value: 'Talcahuano'
Warning (code 1292): Truncated incorrect DOUBLE value: 'Antofagasta'
Warning (code 1292): Truncated incorrect DOUBLE value: 'San Bernardo'
Warning (code 1292): Truncated incorrect DOUBLE value: 'Temuco'
Warning (code 1292): Truncated incorrect DOUBLE value: 'Concepción'
Warning (code 1292): Truncated incorrect DOUBLE value: 'Rancagua'
Warning (code 1292): Truncated incorrect DOUBLE value: 'Arica'
Warning (code 1292): Truncated incorrect DOUBLE value: 'Talca'
Warning (code 1292): Truncated incorrect DOUBLE value: 'Chillán'
Warning (code 1292): Truncated incorrect DOUBLE value: 'Iquique'
Warning (code 1292): Truncated incorrect DOUBLE value: 'Los Angeles'
Warning (code 1292): Truncated incorrect DOUBLE value: 'Puerto Montt'
Warning (code 1292): Truncated incorrect DOUBLE value: 'Coquimbo'
Warning (code 1292): Truncated incorrect DOUBLE value: 'Osorno'
Warning (code 1292): Truncated incorrect DOUBLE value: 'La Serena'
Warning (code 1292): Truncated incorrect DOUBLE value: 'Calama'
Warning (code 1292): Truncated incorrect DOUBLE value: 'Valdivia'
Warning (code 1292): Truncated incorrect DOUBLE value: 'Punta Arenas'
Warning (code 1292): Truncated incorrect DOUBLE value: 'Copiapó'
Warning (code 1292): Truncated incorrect DOUBLE value: 'Quilpué'
Warning (code 1292): Truncated incorrect DOUBLE value: 'Curicó'
Warning (code 1292): Truncated incorrect DOUBLE value: 'Ovalle'
Warning (code 1292): Truncated incorrect DOUBLE value: 'Coronel'
Warning (code 1292): Truncated incorrect DOUBLE value: 'San Pedro de la Paz'
Warning (code 1292): Truncated incorrect DOUBLE value: 'Melipilla'
Warning (code 1292): Truncated incorrect DOUBLE value: 'Avarua'
Warning (code 1292): Truncated incorrect DOUBLE value: 'San José'
Warning (code 1292): Truncated incorrect DOUBLE value: 'Djibouti'
Warning (code 1292): Truncated incorrect DOUBLE value: 'Roseau'
Warning (code 1292): Truncated incorrect DOUBLE value: 'Santo Domingo de Guzmán'
Warning (code 1292): Truncated incorrect DOUBLE value: 'Santiago de los Caballeros'
Warning (code 1292): Truncated incorrect DOUBLE value: 'La Romana'
Warning (code 1292): Truncated incorrect DOUBLE value: 'San Pedro de Macorís'
Warning (code 1292): Truncated incorrect DOUBLE value: 'San Francisco de Macorís'
Warning (code 1292): Truncated incorrect DOUBLE value: 'San Felipe de Puerto Plata'
Warning (code 1292): Truncated incorrect DOUBLE value: 'Guayaquil'
Warning (code 1292): Truncated incorrect DOUBLE value: 'Quito'
Warning (code 1292): Truncated incorrect DOUBLE value: 'Cuenca'
Warning (code 1292): Truncated incorrect DOUBLE value: 'Machala'
Warning (code 1292): Truncated incorrect DOUBLE value: 'Santo Domingo de los Colorados'
Warning (code 1292): Truncated incorrect DOUBLE value: 'Portoviejo'
Warning (code 1292): Truncated incorrect DOUBLE value: 'Ambato'
Warning (code 1292): Truncated incorrect DOUBLE value: 'Manta'
Warning (code 1292): Truncated incorrect DOUBLE value: 'Duran [Eloy Alfaro]'
Warning (code 1292): Truncated incorrect DOUBLE value: 'Ibarra'
Warning (code 1292): Truncated incorrect DOUBLE value: 'Quevedo'
Warning (code 1292): Truncated incorrect DOUBLE value: 'Milagro'
Warning (code 1292): Truncated incorrect DOUBLE value: 'Loja'
Warning (code 1292): Truncated incorrect DOUBLE value: 'Ríobamba'
Warning (code 1292): Truncated incorrect DOUBLE value: 'Esmeraldas'
Warning (code 1292): Truncated incorrect DOUBLE value: 'Cairo'
Warning (code 1292): Truncated incorrect DOUBLE value: 'Alexandria'
Warning (code 1292): Truncated incorrect DOUBLE value: 'Giza'
Warning (code 1292): Truncated incorrect DOUBLE value: 'Shubra al-Khayma'
Warning (code 1292): Truncated incorrect DOUBLE value: 'Port Said'
Warning (code 1292): Truncated incorrect DOUBLE value: 'Suez'
Warning (code 1292): Truncated incorrect DOUBLE value: 'al-Mahallat al-Kubra'
Warning (code 1292): Truncated incorrect DOUBLE value: 'Tanta'
Warning (code 1292): Truncated incorrect DOUBLE value: 'al-Mansura'
Warning (code 1292): Truncated incorrect DOUBLE value: 'Luxor'
Warning (code 1292): Truncated incorrect DOUBLE value: 'Asyut'
Warning (code 1292): Truncated incorrect DOUBLE value: 'Bahtim'
Warning (code 1292): Truncated incorrect DOUBLE value: 'Zagazig'
Warning (code 1292): Truncated incorrect DOUBLE value: 'al-Faiyum'
Warning (code 1292): Truncated incorrect DOUBLE value: 'Ismailia'
Warning (code 1292): Truncated incorrect DOUBLE value: 'Kafr al-Dawwar'
Warning (code 1292): Truncated incorrect DOUBLE value: 'Assuan'
Warning (code 1292): Truncated incorrect DOUBLE value: 'Damanhur'
Warning (code 1292): Truncated incorrect DOUBLE value: 'al-Minya'
Warning (code 1292): Truncated incorrect DOUBLE value: 'Bani Suwayf'
Warning (code 1292): Truncated incorrect DOUBLE value: 'Qina'
Warning (code 1292): Truncated incorrect DOUBLE value: 'Sawhaj'
Warning (code 1292): Truncated incorrect DOUBLE value: 'Shibin al-Kawm'
Warning (code 1292): Truncated incorrect DOUBLE value: 'Bulaq al-Dakrur'
Warning (code 1292): Truncated incorrect DOUBLE value: 'Banha'
Warning (code 1292): Truncated incorrect DOUBLE value: 'Warraq al-Arab'
Warning (code 1292): Truncated incorrect DOUBLE value: 'Kafr al-Shaykh'
Warning (code 1292): Truncated incorrect DOUBLE value: 'Mallawi'
Warning (code 1292): Truncated incorrect DOUBLE value: 'Bilbays'
Warning (code 1292): Truncated incorrect DOUBLE value: 'Mit Ghamr'
Warning (code 1292): Truncated incorrect DOUBLE value: 'al-Arish'
Warning (code 1292): Truncated incorrect DOUBLE value: 'Talkha'
Warning (code 1292): Truncated incorrect DOUBLE value: 'Qalyub'
Warning (code 1292): Truncated incorrect DOUBLE value: 'Jirja'
Warning (code 1292): Truncated incorrect DOUBLE value: 'Idfu'
Warning (code 1292): Truncated incorrect DOUBLE value: 'al-Hawamidiya'
Warning (code 1292): Truncated incorrect DOUBLE value: 'Disuq'
Warning (code 1292): Truncated incorrect DOUBLE value: 'San Salvador'
Warning (code 1292): Truncated incorrect DOUBLE value: 'Santa Ana'
Warning (code 1292): Truncated incorrect DOUBLE value: 'Mejicanos'
Warning (code 1292): Truncated incorrect DOUBLE value: 'Soyapango'
Warning (code 1292): Truncated incorrect DOUBLE value: 'San Miguel'
Warning (code 1292): Truncated incorrect DOUBLE value: 'Nueva San Salvador'
Warning (code 1292): Truncated incorrect DOUBLE value: 'Apopa'
Warning (code 1292): Truncated incorrect DOUBLE value: 'Asmara'
Warning (code 1292): Truncated incorrect DOUBLE value: 'Madrid'
Warning (code 1292): Truncated incorrect DOUBLE value: 'Barcelona'
Warning (code 1292): Truncated incorrect DOUBLE value: 'Valencia'
Warning (code 1292): Truncated incorrect DOUBLE value: 'Sevilla'
Warning (code 1292): Truncated incorrect DOUBLE value: 'Zaragoza'
Warning (code 1292): Truncated incorrect DOUBLE value: 'Málaga'
Warning (code 1292): Truncated incorrect DOUBLE value: 'Bilbao'
Warning (code 1292): Truncated incorrect DOUBLE value: 'Las Palmas de Gran Canaria'
Warning (code 1292): Truncated incorrect DOUBLE value: 'Murcia'
Warning (code 1292): Truncated incorrect DOUBLE value: 'Palma de Mallorca'
Warning (code 1292): Truncated incorrect DOUBLE value: 'Valladolid'
Warning (code 1292): Truncated incorrect DOUBLE value: 'Córdoba'
Warning (code 1292): Truncated incorrect DOUBLE value: 'Vigo'
Warning (code 1292): Truncated incorrect DOUBLE value: 'Alicante [Alacant]'
Warning (code 1292): Truncated incorrect DOUBLE value: 'Gijón'
Warning (code 1292): Truncated incorrect DOUBLE value: 'L´Hospitalet de Llobregat'
Warning (code 1292): Truncated incorrect DOUBLE value: 'Granada'
Warning (code 1292): Truncated incorrect DOUBLE value: 'A Coruña (La Coruña)'
Warning (code 1292): Truncated incorrect DOUBLE value: 'Vitoria-Gasteiz'
Warning (code 1292): Truncated incorrect DOUBLE value: 'Santa Cruz de Tenerife'
Warning (code 1292): Truncated incorrect DOUBLE value: 'Badalona'
Warning (code 1292): Truncated incorrect DOUBLE value: 'Oviedo'
Warning (code 1292): Truncated incorrect DOUBLE value: 'Móstoles'
Warning (code 1292): Truncated incorrect DOUBLE value: 'Elche [Elx]'
Warning (code 1292): Truncated incorrect DOUBLE value: 'Sabadell'
Warning (code 1292): Truncated incorrect DOUBLE value: 'Santander'
Warning (code 1292): Truncated incorrect DOUBLE value: 'Jerez de la Frontera'
Warning (code 1292): Truncated incorrect DOUBLE value: 'Pamplona [Iruña]'
Warning (code 1292): Truncated incorrect DOUBLE value: 'Donostia-San Sebastián'
Warning (code 1292): Truncated incorrect DOUBLE value: 'Cartagena'
Warning (code 1292): Truncated incorrect DOUBLE value: 'Leganés'
Warning (code 1292): Truncated incorrect DOUBLE value: 'Fuenlabrada'
Warning (code 1292): Truncated incorrect DOUBLE value: 'Almería'
Warning (code 1292): Truncated incorrect DOUBLE value: 'Terrassa'
Warning (code 1292): Truncated incorrect DOUBLE value: 'Alcalá de Henares'
Warning (code 1292): Truncated incorrect DOUBLE value: 'Burgos'
Warning (code 1292): Truncated incorrect DOUBLE value: 'Salamanca'
Warning (code 1292): Truncated incorrect DOUBLE value: 'Albacete'
Warning (code 1292): Truncated incorrect DOUBLE value: 'Getafe'
Warning (code 1292): Truncated incorrect DOUBLE value: 'Cádiz'
Warning (code 1292): Truncated incorrect DOUBLE value: 'Alcorcón'
Warning (code 1292): Truncated incorrect DOUBLE value: 'Huelva'
Warning (code 1292): Truncated incorrect DOUBLE value: 'León'
Warning (code 1292): Truncated incorrect DOUBLE value: 'Castellón de la Plana [Castell'
Warning (code 1292): Truncated incorrect DOUBLE value: 'Badajoz'
Warning (code 1292): Truncated incorrect DOUBLE value: '[San Cristóbal de] la Laguna'
Warning (code 1292): Truncated incorrect DOUBLE value: 'Logroño'
Warning (code 1292): Truncated incorrect DOUBLE value: 'Santa Coloma de Gramenet'
Warning (code 1292): Truncated incorrect DOUBLE value: 'Tarragona'
Warning (code 1292): Truncated incorrect DOUBLE value: 'Lleida (Lérida)'
Warning (code 1292): Truncated incorrect DOUBLE value: 'Jaén'
Warning (code 1292): Truncated incorrect DOUBLE value: 'Ourense (Orense)'
Warning (code 1292): Truncated incorrect DOUBLE value: 'Mataró'
Warning (code 1292): Truncated incorrect DOUBLE value: 'Algeciras'
Warning (code 1292): Truncated incorrect DOUBLE value: 'Marbella'
Warning (code 1292): Truncated incorrect DOUBLE value: 'Barakaldo'
Warning (code 1292): Truncated incorrect DOUBLE value: 'Dos Hermanas'
Warning (code 1292): Truncated incorrect DOUBLE value: 'Santiago de Compostela'
Warning (code 1292): Truncated incorrect DOUBLE value: 'Torrejón de Ardoz'
Warning (code 1292): Truncated incorrect DOUBLE value: 'Cape Town'
Warning (code 1292): Truncated incorrect DOUBLE value: 'Soweto'
Warning (code 1292): Truncated incorrect DOUBLE value: 'Johannesburg'
Warning (code 1292): Truncated incorrect DOUBLE value: 'Port Elizabeth'
Warning (code 1292): Truncated incorrect DOUBLE value: 'Pretoria'
Warning (code 1292): Truncated incorrect DOUBLE value: 'Inanda'
Warning (code 1292): Truncated incorrect DOUBLE value: 'Durban'
Warning (code 1292): Truncated incorrect DOUBLE value: 'Vanderbijlpark'
Warning (code 1292): Truncated incorrect DOUBLE value: 'Kempton Park'
Warning (code 1292): Truncated incorrect DOUBLE value: 'Alberton'
Warning (code 1292): Truncated incorrect DOUBLE value: 'Pinetown'
Warning (code 1292): Truncated incorrect DOUBLE value: 'Pietermaritzburg'
Warning (code 1292): Truncated incorrect DOUBLE value: 'Benoni'
Warning (code 1292): Truncated incorrect DOUBLE value: 'Randburg'
Warning (code 1292): Truncated incorrect DOUBLE value: 'Umlazi'
Warning (code 1292): Truncated incorrect DOUBLE value: 'Bloemfontein'
Warning (code 1292): Truncated incorrect DOUBLE value: 'Vereeniging'
Warning (code 1292): Truncated incorrect DOUBLE value: 'Wonderboom'
Warning (code 1292): Truncated incorrect DOUBLE value: 'Roodepoort'
Warning (code 1292): Truncated incorrect DOUBLE value: 'Boksburg'
Warning (code 1292): Truncated incorrect DOUBLE value: 'Klerksdorp'
Warning (code 1292): Truncated incorrect DOUBLE value: 'Soshanguve'
Warning (code 1292): Truncated incorrect DOUBLE value: 'Newcastle'
Warning (code 1292): Truncated incorrect DOUBLE value: 'East London'
Warning (code 1292): Truncated incorrect DOUBLE value: 'Welkom'
Warning (code 1292): Truncated incorrect DOUBLE value: 'Kimberley'
Warning (code 1292): Truncated incorrect DOUBLE value: 'Uitenhage'
Warning (code 1292): Truncated incorrect DOUBLE value: 'Chatsworth'
Warning (code 1292): Truncated incorrect DOUBLE value: 'Mdantsane'
Warning (code 1292): Truncated incorrect DOUBLE value: 'Krugersdorp'
Warning (code 1292): Truncated incorrect DOUBLE value: 'Botshabelo'
Warning (code 1292): Truncated incorrect DOUBLE value: 'Brakpan'
Warning (code 1292): Truncated incorrect DOUBLE value: 'Witbank'
Warning (code 1292): Truncated incorrect DOUBLE value: 'Oberholzer'
Warning (code 1292): Truncated incorrect DOUBLE value: 'Germiston'
Warning (code 1292): Truncated incorrect DOUBLE value: 'Springs'
Warning (code 1292): Truncated incorrect DOUBLE value: 'Westonaria'
Warning (code 1292): Truncated incorrect DOUBLE value: 'Randfontein'
Warning (code 1292): Truncated incorrect DOUBLE value: 'Paarl'
Warning (code 1292): Truncated incorrect DOUBLE value: 'Potchefstroom'
Warning (code 1292): Truncated incorrect DOUBLE value: 'Rustenburg'
Warning (code 1292): Truncated incorrect DOUBLE value: 'Nigel'
Warning (code 1292): Truncated incorrect DOUBLE value: 'George'
Warning (code 1292): Truncated incorrect DOUBLE value: 'Ladysmith'
Warning (code 1292): Truncated incorrect DOUBLE value: 'Addis Abeba'
Warning (code 1292): Truncated incorrect DOUBLE value: 'Dire Dawa'
Warning (code 1292): Truncated incorrect DOUBLE value: 'Nazret'
Warning (code 1292): Truncated incorrect DOUBLE value: 'Gonder'
Warning (code 1292): Truncated incorrect DOUBLE value: 'Dese'
Warning (code 1292): Truncated incorrect DOUBLE value: 'Mekele'
Warning (code 1292): Truncated incorrect DOUBLE value: 'Bahir Dar'
Warning (code 1292): Truncated incorrect DOUBLE value: 'Stanley'
Warning (code 1292): Truncated incorrect DOUBLE value: 'Suva'
Warning (code 1292): Truncated incorrect DOUBLE value: 'Quezon'
Warning (code 1292): Truncated incorrect DOUBLE value: 'Manila'
Warning (code 1292): Truncated incorrect DOUBLE value: 'Kalookan'
Warning (code 1292): Truncated incorrect DOUBLE value: 'Davao'
Warning (code 1292): Truncated incorrect DOUBLE value: 'Cebu'
Warning (code 1292): Truncated incorrect DOUBLE value: 'Zamboanga'
Warning (code 1292): Truncated incorrect DOUBLE value: 'Pasig'
Warning (code 1292): Truncated incorrect DOUBLE value: 'Valenzuela'
Warning (code 1292): Truncated incorrect DOUBLE value: 'Las Piñas'
Warning (code 1292): Truncated incorrect DOUBLE value: 'Antipolo'
Warning (code 1292): Truncated incorrect DOUBLE value: 'Taguig'
Warning (code 1292): Truncated incorrect DOUBLE value: 'Cagayan de Oro'
Warning (code 1292): Truncated incorrect DOUBLE value: 'Parañaque'
Warning (code 1292): Truncated incorrect DOUBLE value: 'Makati'
Warning (code 1292): Truncated incorrect DOUBLE value: 'Bacolod'
Warning (code 1292): Truncated incorrect DOUBLE value: 'General Santos'
Warning (code 1292): Truncated incorrect DOUBLE value: 'Marikina'
Warning (code 1292): Truncated incorrect DOUBLE value: 'Dasmariñas'
Warning (code 1292): Truncated incorrect DOUBLE value: 'Muntinlupa'
Warning (code 1292): Truncated incorrect DOUBLE value: 'Iloilo'
Warning (code 1292): Truncated incorrect DOUBLE value: 'Pasay'
Warning (code 1292): Truncated incorrect DOUBLE value: 'Malabon'
Warning (code 1292): Truncated incorrect DOUBLE value: 'San José del Monte'
Warning (code 1292): Truncated incorrect DOUBLE value: 'Bacoor'
Warning (code 1292): Truncated incorrect DOUBLE value: 'Iligan'
Warning (code 1292): Truncated incorrect DOUBLE value: 'Calamba'
Warning (code 1292): Truncated incorrect DOUBLE value: 'Mandaluyong'
Warning (code 1292): Truncated incorrect DOUBLE value: 'Butuan'
Warning (code 1292): Truncated incorrect DOUBLE value: 'Angeles'
Warning (code 1292): Truncated incorrect DOUBLE value: 'Tarlac'
Warning (code 1292): Truncated incorrect DOUBLE value: 'Mandaue'
Warning (code 1292): Truncated incorrect DOUBLE value: 'Baguio'
Warning (code 1292): Truncated incorrect DOUBLE value: 'Batangas'
Warning (code 1292): Truncated incorrect DOUBLE value: 'Cainta'
Warning (code 1292): Truncated incorrect DOUBLE value: 'San Pedro'
Warning (code 1292): Truncated incorrect DOUBLE value: 'Navotas'
Warning (code 1292): Truncated incorrect DOUBLE value: 'Cabanatuan'
Warning (code 1292): Truncated incorrect DOUBLE value: 'San Fernando'
Warning (code 1292): Truncated incorrect DOUBLE value: 'Lipa'
Warning (code 1292): Truncated incorrect DOUBLE value: 'Lapu-Lapu'
Warning (code 1292): Truncated incorrect DOUBLE value: 'San Pablo'
Warning (code 1292): Truncated incorrect DOUBLE value: 'Biñan'
Warning (code 1292): Truncated incorrect DOUBLE value: 'Taytay'
Warning (code 1292): Truncated incorrect DOUBLE value: 'Lucena'
Warning (code 1292): Truncated incorrect DOUBLE value: 'Imus'
Warning (code 1292): Truncated incorrect DOUBLE value: 'Olongapo'
Warning (code 1292): Truncated incorrect DOUBLE value: 'Binangonan'
Warning (code 1292): Truncated incorrect DOUBLE value: 'Santa Rosa'
Warning (code 1292): Truncated incorrect DOUBLE value: 'Tagum'
Warning (code 1292): Truncated incorrect DOUBLE value: 'Tacloban'
Warning (code 1292): Truncated incorrect DOUBLE value: 'Malolos'
Warning (code 1292): Truncated incorrect DOUBLE value: 'Mabalacat'
Warning (code 1292): Truncated incorrect DOUBLE value: 'Cotabato'
Warning (code 1292): Truncated incorrect DOUBLE value: 'Meycauayan'
Warning (code 1292): Truncated incorrect DOUBLE value: 'Puerto Princesa'
Warning (code 1292): Truncated incorrect DOUBLE value: 'Legazpi'
Warning (code 1292): Truncated incorrect DOUBLE value: 'Silang'
Warning (code 1292): Truncated incorrect DOUBLE value: 'Ormoc'
Warning (code 1292): Truncated incorrect DOUBLE value: 'San Carlos'
Warning (code 1292): Truncated incorrect DOUBLE value: 'Kabankalan'
Warning (code 1292): Truncated incorrect DOUBLE value: 'Talisay'
Warning (code 1292): Truncated incorrect DOUBLE value: 'Valencia'
Warning (code 1292): Truncated incorrect DOUBLE value: 'Calbayog'
Warning (code 1292): Truncated incorrect DOUBLE value: 'Santa Maria'
Warning (code 1292): Truncated incorrect DOUBLE value: 'Pagadian'
Warning (code 1292): Truncated incorrect DOUBLE value: 'Cadiz'
Warning (code 1292): Truncated incorrect DOUBLE value: 'Bago'
Warning (code 1292): Truncated incorrect DOUBLE value: 'Toledo'
Warning (code 1292): Truncated incorrect DOUBLE value: 'Naga'
Warning (code 1292): Truncated incorrect DOUBLE value: 'San Mateo'
Warning (code 1292): Truncated incorrect DOUBLE value: 'Panabo'
Warning (code 1292): Truncated incorrect DOUBLE value: 'Koronadal'
Warning (code 1292): Truncated incorrect DOUBLE value: 'Marawi'
Warning (code 1292): Truncated incorrect DOUBLE value: 'Dagupan'
Warning (code 1292): Truncated incorrect DOUBLE value: 'Sagay'
Warning (code 1292): Truncated incorrect DOUBLE value: 'Roxas'
Warning (code 1292): Truncated incorrect DOUBLE value: 'Lubao'
Warning (code 1292): Truncated incorrect DOUBLE value: 'Digos'
Warning (code 1292): Truncated incorrect DOUBLE value: 'San Miguel'
Warning (code 1292): Truncated incorrect DOUBLE value: 'Malaybalay'
Warning (code 1292): Truncated incorrect DOUBLE value: 'Tuguegarao'
Warning (code 1292): Truncated incorrect DOUBLE value: 'Ilagan'
Warning (code 1292): Truncated incorrect DOUBLE value: 'Baliuag'
Warning (code 1292): Truncated incorrect DOUBLE value: 'Surigao'
Warning (code 1292): Truncated incorrect DOUBLE value: 'San Carlos'
Warning (code 1292): Truncated incorrect DOUBLE value: 'San Juan del Monte'
Warning (code 1292): Truncated incorrect DOUBLE value: 'Tanauan'
Warning (code 1292): Truncated incorrect DOUBLE value: 'Concepcion'
Warning (code 1292): Truncated incorrect DOUBLE value: 'Rodriguez (Montalban)'
Warning (code 1292): Truncated incorrect DOUBLE value: 'Sariaya'
Warning (code 1292): Truncated incorrect DOUBLE value: 'Malasiqui'
Warning (code 1292): Truncated incorrect DOUBLE value: 'General Mariano Alvarez'
Warning (code 1292): Truncated incorrect DOUBLE value: 'Urdaneta'
Warning (code 1292): Truncated incorrect DOUBLE value: 'Hagonoy'
Warning (code 1292): Truncated incorrect DOUBLE value: 'San Jose'
Warning (code 1292): Truncated incorrect DOUBLE value: 'Polomolok'
Warning (code 1292): Truncated incorrect DOUBLE value: 'Santiago'
Warning (code 1292): Truncated incorrect DOUBLE value: 'Tanza'
Warning (code 1292): Truncated incorrect DOUBLE value: 'Ozamis'
Warning (code 1292): Truncated incorrect DOUBLE value: 'Mexico'
Warning (code 1292): Truncated incorrect DOUBLE value: 'San Jose'
Warning (code 1292): Truncated incorrect DOUBLE value: 'Silay'
Warning (code 1292): Truncated incorrect DOUBLE value: 'General Trias'
Warning (code 1292): Truncated incorrect DOUBLE value: 'Tabaco'
Warning (code 1292): Truncated incorrect DOUBLE value: 'Cabuyao'
Warning (code 1292): Truncated incorrect DOUBLE value: 'Calapan'
Warning (code 1292): Truncated incorrect DOUBLE value: 'Mati'
Warning (code 1292): Truncated incorrect DOUBLE value: 'Midsayap'
Warning (code 1292): Truncated incorrect DOUBLE value: 'Cauayan'
Warning (code 1292): Truncated incorrect DOUBLE value: 'Gingoog'
Warning (code 1292): Truncated incorrect DOUBLE value: 'Dumaguete'
Warning (code 1292): Truncated incorrect DOUBLE value: 'San Fernando'
Warning (code 1292): Truncated incorrect DOUBLE value: 'Arayat'
Warning (code 1292): Truncated incorrect DOUBLE value: 'Bayawan (Tulong)'
Warning (code 1292): Truncated incorrect DOUBLE value: 'Kidapawan'
Warning (code 1292): Truncated incorrect DOUBLE value: 'Daraga (Locsin)'
Warning (code 1292): Truncated incorrect DOUBLE value: 'Marilao'
Warning (code 1292): Truncated incorrect DOUBLE value: 'Malita'
Warning (code 1292): Truncated incorrect DOUBLE value: 'Dipolog'
Warning (code 1292): Truncated incorrect DOUBLE value: 'Cavite'
Warning (code 1292): Truncated incorrect DOUBLE value: 'Danao'
Warning (code 1292): Truncated incorrect DOUBLE value: 'Bislig'
Warning (code 1292): Truncated incorrect DOUBLE value: 'Talavera'
Warning (code 1292): Truncated incorrect DOUBLE value: 'Guagua'
Warning (code 1292): Truncated incorrect DOUBLE value: 'Bayambang'
Warning (code 1292): Truncated incorrect DOUBLE value: 'Nasugbu'
Warning (code 1292): Truncated incorrect DOUBLE value: 'Baybay'
Warning (code 1292): Truncated incorrect DOUBLE value: 'Capas'
Warning (code 1292): Truncated incorrect DOUBLE value: 'Sultan Kudarat'
Warning (code 1292): Truncated incorrect DOUBLE value: 'Laoag'
Warning (code 1292): Truncated incorrect DOUBLE value: 'Bayugan'
Warning (code 1292): Truncated incorrect DOUBLE value: 'Malungon'
Warning (code 1292): Truncated incorrect DOUBLE value: 'Santa Cruz'
Warning (code 1292): Truncated incorrect DOUBLE value: 'Sorsogon'
Warning (code 1292): Truncated incorrect DOUBLE value: 'Candelaria'
Warning (code 1292): Truncated incorrect DOUBLE value: 'Ligao'
Warning (code 1292): Truncated incorrect DOUBLE value: 'Tórshavn'
Warning (code 1292): Truncated incorrect DOUBLE value: 'Libreville'
Warning (code 1292): Truncated incorrect DOUBLE value: 'Serekunda'
Warning (code 1292): Truncated incorrect DOUBLE value: 'Banjul'
Warning (code 1292): Truncated incorrect DOUBLE value: 'Tbilisi'
Warning (code 1292): Truncated incorrect DOUBLE value: 'Kutaisi'
Warning (code 1292): Truncated incorrect DOUBLE value: 'Rustavi'
Warning (code 1292): Truncated incorrect DOUBLE value: 'Batumi'
Warning (code 1292): Truncated incorrect DOUBLE value: 'Sohumi'
Warning (code 1292): Truncated incorrect DOUBLE value: 'Accra'
Warning (code 1292): Truncated incorrect DOUBLE value: 'Kumasi'
Warning (code 1292): Truncated incorrect DOUBLE value: 'Tamale'
Warning (code 1292): Truncated incorrect DOUBLE value: 'Tema'
Warning (code 1292): Truncated incorrect DOUBLE value: 'Sekondi-Takoradi'
Warning (code 1292): Truncated incorrect DOUBLE value: 'Gibraltar'
Warning (code 1292): Truncated incorrect DOUBLE value: 'Saint George´s'
Warning (code 1292): Truncated incorrect DOUBLE value: 'Nuuk'
Warning (code 1292): Truncated incorrect DOUBLE value: 'Les Abymes'
Warning (code 1292): Truncated incorrect DOUBLE value: 'Basse-Terre'
Warning (code 1292): Truncated incorrect DOUBLE value: 'Tamuning'
Warning (code 1292): Truncated incorrect DOUBLE value: 'Agaña'
Warning (code 1292): Truncated incorrect DOUBLE value: 'Ciudad de Guatemala'
Warning (code 1292): Truncated incorrect DOUBLE value: 'Mixco'
Warning (code 1292): Truncated incorrect DOUBLE value: 'Villa Nueva'
Warning (code 1292): Truncated incorrect DOUBLE value: 'Quetzaltenango'
Warning (code 1292): Truncated incorrect DOUBLE value: 'Conakry'
Warning (code 1292): Truncated incorrect DOUBLE value: 'Bissau'
Warning (code 1292): Truncated incorrect DOUBLE value: 'Georgetown'
Warning (code 1292): Truncated incorrect DOUBLE value: 'Port-au-Prince'
Warning (code 1292): Truncated incorrect DOUBLE value: 'Carrefour'
Warning (code 1292): Truncated incorrect DOUBLE value: 'Delmas'
Warning (code 1292): Truncated incorrect DOUBLE value: 'Le-Cap-Haïtien'
Warning (code 1292): Truncated incorrect DOUBLE value: 'Tegucigalpa'
Warning (code 1292): Truncated incorrect DOUBLE value: 'San Pedro Sula'
Warning (code 1292): Truncated incorrect DOUBLE value: 'La Ceiba'
Warning (code 1292): Truncated incorrect DOUBLE value: 'Kowloon and New Kowloon'
Warning (code 1292): Truncated incorrect DOUBLE value: 'Victoria'
Warning (code 1292): Truncated incorrect DOUBLE value: 'Longyearbyen'
Warning (code 1292): Truncated incorrect DOUBLE value: 'Jakarta'
Warning (code 1292): Truncated incorrect DOUBLE value: 'Surabaya'
Warning (code 1292): Truncated incorrect DOUBLE value: 'Bandung'
Warning (code 1292): Truncated incorrect DOUBLE value: 'Medan'
Warning (code 1292): Truncated incorrect DOUBLE value: 'Palembang'
Warning (code 1292): Truncated incorrect DOUBLE value: 'Tangerang'
Warning (code 1292): Truncated incorrect DOUBLE value: 'Semarang'
Warning (code 1292): Truncated incorrect DOUBLE value: 'Ujung Pandang'
Warning (code 1292): Truncated incorrect DOUBLE value: 'Malang'
Warning (code 1292): Truncated incorrect DOUBLE value: 'Bandar Lampung'
Warning (code 1292): Truncated incorrect DOUBLE value: 'Bekasi'
Warning (code 1292): Truncated incorrect DOUBLE value: 'Padang'
Warning (code 1292): Truncated incorrect DOUBLE value: 'Surakarta'
Warning (code 1292): Truncated incorrect DOUBLE value: 'Banjarmasin'
Warning (code 1292): Truncated incorrect DOUBLE value: 'Pekan Baru'
Warning (code 1292): Truncated incorrect DOUBLE value: 'Denpasar'
Warning (code 1292): Truncated incorrect DOUBLE value: 'Yogyakarta'
Warning (code 1292): Truncated incorrect DOUBLE value: 'Pontianak'
Warning (code 1292): Truncated incorrect DOUBLE value: 'Samarinda'
Warning (code 1292): Truncated incorrect DOUBLE value: 'Jambi'
Warning (code 1292): Truncated incorrect DOUBLE value: 'Depok'
Warning (code 1292): Truncated incorrect DOUBLE value: 'Cimahi'
Warning (code 1292): Truncated incorrect DOUBLE value: 'Balikpapan'
Warning (code 1292): Truncated incorrect DOUBLE value: 'Manado'
Warning (code 1292): Truncated incorrect DOUBLE value: 'Mataram'
Warning (code 1292): Truncated incorrect DOUBLE value: 'Pekalongan'
Warning (code 1292): Truncated incorrect DOUBLE value: 'Tegal'
Warning (code 1292): Truncated incorrect DOUBLE value: 'Bogor'
Warning (code 1292): Truncated incorrect DOUBLE value: 'Ciputat'
Warning (code 1292): Truncated incorrect DOUBLE value: 'Pondokgede'
Warning (code 1292): Truncated incorrect DOUBLE value: 'Cirebon'
Warning (code 1292): Truncated incorrect DOUBLE value: 'Kediri'
Warning (code 1292): Truncated incorrect DOUBLE value: 'Ambon'
Warning (code 1292): Truncated incorrect DOUBLE value: 'Jember'
Warning (code 1292): Truncated incorrect DOUBLE value: 'Cilacap'
Warning (code 1292): Truncated incorrect DOUBLE value: 'Cimanggis'
Warning (code 1292): Truncated incorrect DOUBLE value: 'Pematang Siantar'
Warning (code 1292): Truncated incorrect DOUBLE value: 'Purwokerto'
Warning (code 1292): Truncated incorrect DOUBLE value: 'Ciomas'
Warning (code 1292): Truncated incorrect DOUBLE value: 'Tasikmalaya'
Warning (code 1292): Truncated incorrect DOUBLE value: 'Madiun'
Warning (code 1292): Truncated incorrect DOUBLE value: 'Bengkulu'
Warning (code 1292): Truncated incorrect DOUBLE value: 'Karawang'
Warning (code 1292): Truncated incorrect DOUBLE value: 'Banda Aceh'
Warning (code 1292): Truncated incorrect DOUBLE value: 'Palu'
Warning (code 1292): Truncated incorrect DOUBLE value: 'Pasuruan'
Warning (code 1292): Truncated incorrect DOUBLE value: 'Kupang'
Warning (code 1292): Truncated incorrect DOUBLE value: 'Tebing Tinggi'
Warning (code 1292): Truncated incorrect DOUBLE value: 'Percut Sei Tuan'
Warning (code 1292): Truncated incorrect DOUBLE value: 'Binjai'
Warning (code 1292): Truncated incorrect DOUBLE value: 'Sukabumi'
Warning (code 1292): Truncated incorrect DOUBLE value: 'Waru'
Warning (code 1292): Truncated incorrect DOUBLE value: 'Pangkal Pinang'
Warning (code 1292): Truncated incorrect DOUBLE value: 'Magelang'
Warning (code 1292): Truncated incorrect DOUBLE value: 'Blitar'
Warning (code 1292): Truncated incorrect DOUBLE value: 'Serang'
Warning (code 1292): Truncated incorrect DOUBLE value: 'Probolinggo'
Warning (code 1292): Truncated incorrect DOUBLE value: 'Cilegon'
Warning (code 1292): Truncated incorrect DOUBLE value: 'Cianjur'
Warning (code 1292): Truncated incorrect DOUBLE value: 'Ciparay'
Warning (code 1292): Truncated incorrect DOUBLE value: 'Lhokseumawe'
Warning (code 1292): Truncated incorrect DOUBLE value: 'Taman'
Warning (code 1292): Truncated incorrect DOUBLE value: 'Depok'
Warning (code 1292): Truncated incorrect DOUBLE value: 'Citeureup'
Warning (code 1292): Truncated incorrect DOUBLE value: 'Pemalang'
Warning (code 1292): Truncated incorrect DOUBLE value: 'Klaten'
Warning (code 1292): Truncated incorrect DOUBLE value: 'Salatiga'
Warning (code 1292): Truncated incorrect DOUBLE value: 'Cibinong'
Warning (code 1292): Truncated incorrect DOUBLE value: 'Palangka Raya'
Warning (code 1292): Truncated incorrect DOUBLE value: 'Mojokerto'
Warning (code 1292): Truncated incorrect DOUBLE value: 'Purwakarta'
Warning (code 1292): Truncated incorrect DOUBLE value: 'Garut'
Warning (code 1292): Truncated incorrect DOUBLE value: 'Kudus'
Warning (code 1292): Truncated incorrect DOUBLE value: 'Kendari'
Warning (code 1292): Truncated incorrect DOUBLE value: 'Jaya Pura'
Warning (code 1292): Truncated incorrect DOUBLE value: 'Gorontalo'
Warning (code 1292): Truncated incorrect DOUBLE value: 'Majalaya'
Warning (code 1292): Truncated incorrect DOUBLE value: 'Pondok Aren'
Warning (code 1292): Truncated incorrect DOUBLE value: 'Jombang'
Warning (code 1292): Truncated incorrect DOUBLE value: 'Sunggal'
Warning (code 1292): Truncated incorrect DOUBLE value: 'Batam'
Warning (code 1292): Truncated incorrect DOUBLE value: 'Padang Sidempuan'
Warning (code 1292): Truncated incorrect DOUBLE value: 'Sawangan'
Warning (code 1292): Truncated incorrect DOUBLE value: 'Banyuwangi'
Warning (code 1292): Truncated incorrect DOUBLE value: 'Tanjung Pinang'
Warning (code 1292): Truncated incorrect DOUBLE value: 'Mumbai (Bombay)'
 MySQL  localhost:3306 ssl  world_x  SQL > select a.name, sum(b.name) as total_city  from country a inner join city b  select a.name, sum(b.name) as total_city  from country a inner join city b  select a.name, sum(b.name) as total_city  from country a inner join city b  select a.name, sum(b.name) as total_city  from country a inner join city b  select a.name, sum(b.name) as total_city  from country a inner join city b  select a.name, sum(b.name) as total_city  from country a inner join city b  select a.name, sum(b.name) as total_city  from country a inner join city b  on a.code = b.countrycode  group by a.code limit 5;
+----------------------+------------+
| name                 | total_city |
+----------------------+------------+
| Afghanistan          |          0 |
| Netherlands          |          0 |
| Netherlands Antilles |          0 |
| Albania              |          0 |
| Algeria              |          0 |
+----------------------+------------+
5 rows in set, 4079 warnings (0.0076 sec)
Warning (code 1292): Truncated incorrect DOUBLE value: 'Kabul'
Warning (code 1292): Truncated incorrect DOUBLE value: 'Qandahar'
Warning (code 1292): Truncated incorrect DOUBLE value: 'Herat'
Warning (code 1292): Truncated incorrect DOUBLE value: 'Mazar-e-Sharif'
Warning (code 1292): Truncated incorrect DOUBLE value: 'Amsterdam'
Warning (code 1292): Truncated incorrect DOUBLE value: 'Rotterdam'
Warning (code 1292): Truncated incorrect DOUBLE value: 'Haag'
Warning (code 1292): Truncated incorrect DOUBLE value: 'Utrecht'
Warning (code 1292): Truncated incorrect DOUBLE value: 'Eindhoven'
Warning (code 1292): Truncated incorrect DOUBLE value: 'Tilburg'
Warning (code 1292): Truncated incorrect DOUBLE value: 'Groningen'
Warning (code 1292): Truncated incorrect DOUBLE value: 'Breda'
Warning (code 1292): Truncated incorrect DOUBLE value: 'Apeldoorn'
Warning (code 1292): Truncated incorrect DOUBLE value: 'Nijmegen'
Warning (code 1292): Truncated incorrect DOUBLE value: 'Enschede'
Warning (code 1292): Truncated incorrect DOUBLE value: 'Haarlem'
Warning (code 1292): Truncated incorrect DOUBLE value: 'Almere'
Warning (code 1292): Truncated incorrect DOUBLE value: 'Arnhem'
Warning (code 1292): Truncated incorrect DOUBLE value: 'Zaanstad'
Warning (code 1292): Truncated incorrect DOUBLE value: '´s-Hertogenbosch'
Warning (code 1292): Truncated incorrect DOUBLE value: 'Amersfoort'
Warning (code 1292): Truncated incorrect DOUBLE value: 'Maastricht'
Warning (code 1292): Truncated incorrect DOUBLE value: 'Dordrecht'
Warning (code 1292): Truncated incorrect DOUBLE value: 'Leiden'
Warning (code 1292): Truncated incorrect DOUBLE value: 'Haarlemmermeer'
Warning (code 1292): Truncated incorrect DOUBLE value: 'Zoetermeer'
Warning (code 1292): Truncated incorrect DOUBLE value: 'Emmen'
Warning (code 1292): Truncated incorrect DOUBLE value: 'Zwolle'
Warning (code 1292): Truncated incorrect DOUBLE value: 'Ede'
Warning (code 1292): Truncated incorrect DOUBLE value: 'Delft'
Warning (code 1292): Truncated incorrect DOUBLE value: 'Heerlen'
Warning (code 1292): Truncated incorrect DOUBLE value: 'Alkmaar'
Warning (code 1292): Truncated incorrect DOUBLE value: 'Willemstad'
Warning (code 1292): Truncated incorrect DOUBLE value: 'Tirana'
Warning (code 1292): Truncated incorrect DOUBLE value: 'Alger'
Warning (code 1292): Truncated incorrect DOUBLE value: 'Oran'
Warning (code 1292): Truncated incorrect DOUBLE value: 'Constantine'
Warning (code 1292): Truncated incorrect DOUBLE value: 'Annaba'
Warning (code 1292): Truncated incorrect DOUBLE value: 'Batna'
Warning (code 1292): Truncated incorrect DOUBLE value: 'Sétif'
Warning (code 1292): Truncated incorrect DOUBLE value: 'Sidi Bel Abbès'
Warning (code 1292): Truncated incorrect DOUBLE value: 'Skikda'
Warning (code 1292): Truncated incorrect DOUBLE value: 'Biskra'
Warning (code 1292): Truncated incorrect DOUBLE value: 'Blida (el-Boulaida)'
Warning (code 1292): Truncated incorrect DOUBLE value: 'Béjaïa'
Warning (code 1292): Truncated incorrect DOUBLE value: 'Mostaganem'
Warning (code 1292): Truncated incorrect DOUBLE value: 'Tébessa'
Warning (code 1292): Truncated incorrect DOUBLE value: 'Tlemcen (Tilimsen)'
Warning (code 1292): Truncated incorrect DOUBLE value: 'Béchar'
Warning (code 1292): Truncated incorrect DOUBLE value: 'Tiaret'
Warning (code 1292): Truncated incorrect DOUBLE value: 'Ech-Chleff (el-Asnam)'
Warning (code 1292): Truncated incorrect DOUBLE value: 'Ghardaïa'
Warning (code 1292): Truncated incorrect DOUBLE value: 'Tafuna'
Warning (code 1292): Truncated incorrect DOUBLE value: 'Fagatogo'
Warning (code 1292): Truncated incorrect DOUBLE value: 'Andorra la Vella'
Warning (code 1292): Truncated incorrect DOUBLE value: 'Luanda'
Warning (code 1292): Truncated incorrect DOUBLE value: 'Huambo'
Warning (code 1292): Truncated incorrect DOUBLE value: 'Lobito'
Warning (code 1292): Truncated incorrect DOUBLE value: 'Benguela'
Warning (code 1292): Truncated incorrect DOUBLE value: 'Namibe'
Warning (code 1292): Truncated incorrect DOUBLE value: 'South Hill'
Warning (code 1292): Truncated incorrect DOUBLE value: 'The Valley'
Warning (code 1292): Truncated incorrect DOUBLE value: 'Saint John´s'
Warning (code 1292): Truncated incorrect DOUBLE value: 'Dubai'
Warning (code 1292): Truncated incorrect DOUBLE value: 'Abu Dhabi'
Warning (code 1292): Truncated incorrect DOUBLE value: 'Sharja'
Warning (code 1292): Truncated incorrect DOUBLE value: 'al-Ayn'
Warning (code 1292): Truncated incorrect DOUBLE value: 'Ajman'
Warning (code 1292): Truncated incorrect DOUBLE value: 'Buenos Aires'
Warning (code 1292): Truncated incorrect DOUBLE value: 'La Matanza'
Warning (code 1292): Truncated incorrect DOUBLE value: 'Córdoba'
Warning (code 1292): Truncated incorrect DOUBLE value: 'Rosario'
Warning (code 1292): Truncated incorrect DOUBLE value: 'Lomas de Zamora'
Warning (code 1292): Truncated incorrect DOUBLE value: 'Quilmes'
Warning (code 1292): Truncated incorrect DOUBLE value: 'Almirante Brown'
Warning (code 1292): Truncated incorrect DOUBLE value: 'La Plata'
Warning (code 1292): Truncated incorrect DOUBLE value: 'Mar del Plata'
Warning (code 1292): Truncated incorrect DOUBLE value: 'San Miguel de Tucumán'
Warning (code 1292): Truncated incorrect DOUBLE value: 'Lanús'
Warning (code 1292): Truncated incorrect DOUBLE value: 'Merlo'
Warning (code 1292): Truncated incorrect DOUBLE value: 'General San Martín'
Warning (code 1292): Truncated incorrect DOUBLE value: 'Salta'
Warning (code 1292): Truncated incorrect DOUBLE value: 'Moreno'
Warning (code 1292): Truncated incorrect DOUBLE value: 'Santa Fé'
Warning (code 1292): Truncated incorrect DOUBLE value: 'Avellaneda'
Warning (code 1292): Truncated incorrect DOUBLE value: 'Tres de Febrero'
Warning (code 1292): Truncated incorrect DOUBLE value: 'Morón'
Warning (code 1292): Truncated incorrect DOUBLE value: 'Florencio Varela'
Warning (code 1292): Truncated incorrect DOUBLE value: 'San Isidro'
Warning (code 1292): Truncated incorrect DOUBLE value: 'Tigre'
Warning (code 1292): Truncated incorrect DOUBLE value: 'Malvinas Argentinas'
Warning (code 1292): Truncated incorrect DOUBLE value: 'Vicente López'
Warning (code 1292): Truncated incorrect DOUBLE value: 'Berazategui'
Warning (code 1292): Truncated incorrect DOUBLE value: 'Corrientes'
Warning (code 1292): Truncated incorrect DOUBLE value: 'San Miguel'
Warning (code 1292): Truncated incorrect DOUBLE value: 'Bahía Blanca'
Warning (code 1292): Truncated incorrect DOUBLE value: 'Esteban Echeverría'
Warning (code 1292): Truncated incorrect DOUBLE value: 'Resistencia'
Warning (code 1292): Truncated incorrect DOUBLE value: 'José C. Paz'
Warning (code 1292): Truncated incorrect DOUBLE value: 'Paraná'
Warning (code 1292): Truncated incorrect DOUBLE value: 'Godoy Cruz'
Warning (code 1292): Truncated incorrect DOUBLE value: 'Posadas'
Warning (code 1292): Truncated incorrect DOUBLE value: 'Guaymallén'
Warning (code 1292): Truncated incorrect DOUBLE value: 'Santiago del Estero'
Warning (code 1292): Truncated incorrect DOUBLE value: 'San Salvador de Jujuy'
Warning (code 1292): Truncated incorrect DOUBLE value: 'Hurlingham'
Warning (code 1292): Truncated incorrect DOUBLE value: 'Neuquén'
Warning (code 1292): Truncated incorrect DOUBLE value: 'Ituzaingó'
Warning (code 1292): Truncated incorrect DOUBLE value: 'San Fernando'
Warning (code 1292): Truncated incorrect DOUBLE value: 'Formosa'
Warning (code 1292): Truncated incorrect DOUBLE value: 'Las Heras'
Warning (code 1292): Truncated incorrect DOUBLE value: 'La Rioja'
Warning (code 1292): Truncated incorrect DOUBLE value: 'San Fernando del Valle de Cata'
Warning (code 1292): Truncated incorrect DOUBLE value: 'Río Cuarto'
Warning (code 1292): Truncated incorrect DOUBLE value: 'Comodoro Rivadavia'
Warning (code 1292): Truncated incorrect DOUBLE value: 'Mendoza'
Warning (code 1292): Truncated incorrect DOUBLE value: 'San Nicolás de los Arroyos'
Warning (code 1292): Truncated incorrect DOUBLE value: 'San Juan'
Warning (code 1292): Truncated incorrect DOUBLE value: 'Escobar'
Warning (code 1292): Truncated incorrect DOUBLE value: 'Concordia'
Warning (code 1292): Truncated incorrect DOUBLE value: 'Pilar'
Warning (code 1292): Truncated incorrect DOUBLE value: 'San Luis'
Warning (code 1292): Truncated incorrect DOUBLE value: 'Ezeiza'
Warning (code 1292): Truncated incorrect DOUBLE value: 'San Rafael'
Warning (code 1292): Truncated incorrect DOUBLE value: 'Tandil'
Warning (code 1292): Truncated incorrect DOUBLE value: 'Yerevan'
Warning (code 1292): Truncated incorrect DOUBLE value: 'Gjumri'
Warning (code 1292): Truncated incorrect DOUBLE value: 'Vanadzor'
Warning (code 1292): Truncated incorrect DOUBLE value: 'Oranjestad'
Warning (code 1292): Truncated incorrect DOUBLE value: 'Sydney'
Warning (code 1292): Truncated incorrect DOUBLE value: 'Melbourne'
Warning (code 1292): Truncated incorrect DOUBLE value: 'Brisbane'
Warning (code 1292): Truncated incorrect DOUBLE value: 'Perth'
Warning (code 1292): Truncated incorrect DOUBLE value: 'Adelaide'
Warning (code 1292): Truncated incorrect DOUBLE value: 'Canberra'
Warning (code 1292): Truncated incorrect DOUBLE value: 'Gold Coast'
Warning (code 1292): Truncated incorrect DOUBLE value: 'Newcastle'
Warning (code 1292): Truncated incorrect DOUBLE value: 'Central Coast'
Warning (code 1292): Truncated incorrect DOUBLE value: 'Wollongong'
Warning (code 1292): Truncated incorrect DOUBLE value: 'Hobart'
Warning (code 1292): Truncated incorrect DOUBLE value: 'Geelong'
Warning (code 1292): Truncated incorrect DOUBLE value: 'Townsville'
Warning (code 1292): Truncated incorrect DOUBLE value: 'Cairns'
Warning (code 1292): Truncated incorrect DOUBLE value: 'Baku'
Warning (code 1292): Truncated incorrect DOUBLE value: 'Gäncä'
Warning (code 1292): Truncated incorrect DOUBLE value: 'Sumqayit'
Warning (code 1292): Truncated incorrect DOUBLE value: 'Mingäçevir'
Warning (code 1292): Truncated incorrect DOUBLE value: 'Nassau'
Warning (code 1292): Truncated incorrect DOUBLE value: 'al-Manama'
Warning (code 1292): Truncated incorrect DOUBLE value: 'Dhaka'
Warning (code 1292): Truncated incorrect DOUBLE value: 'Chittagong'
Warning (code 1292): Truncated incorrect DOUBLE value: 'Khulna'
Warning (code 1292): Truncated incorrect DOUBLE value: 'Rajshahi'
Warning (code 1292): Truncated incorrect DOUBLE value: 'Narayanganj'
Warning (code 1292): Truncated incorrect DOUBLE value: 'Rangpur'
Warning (code 1292): Truncated incorrect DOUBLE value: 'Mymensingh'
Warning (code 1292): Truncated incorrect DOUBLE value: 'Barisal'
Warning (code 1292): Truncated incorrect DOUBLE value: 'Tungi'
Warning (code 1292): Truncated incorrect DOUBLE value: 'Jessore'
Warning (code 1292): Truncated incorrect DOUBLE value: 'Comilla'
Warning (code 1292): Truncated incorrect DOUBLE value: 'Nawabganj'
Warning (code 1292): Truncated incorrect DOUBLE value: 'Dinajpur'
Warning (code 1292): Truncated incorrect DOUBLE value: 'Bogra'
Warning (code 1292): Truncated incorrect DOUBLE value: 'Sylhet'
Warning (code 1292): Truncated incorrect DOUBLE value: 'Brahmanbaria'
Warning (code 1292): Truncated incorrect DOUBLE value: 'Tangail'
Warning (code 1292): Truncated incorrect DOUBLE value: 'Jamalpur'
Warning (code 1292): Truncated incorrect DOUBLE value: 'Pabna'
Warning (code 1292): Truncated incorrect DOUBLE value: 'Naogaon'
Warning (code 1292): Truncated incorrect DOUBLE value: 'Sirajganj'
Warning (code 1292): Truncated incorrect DOUBLE value: 'Narsinghdi'
Warning (code 1292): Truncated incorrect DOUBLE value: 'Saidpur'
Warning (code 1292): Truncated incorrect DOUBLE value: 'Gazipur'
Warning (code 1292): Truncated incorrect DOUBLE value: 'Bridgetown'
Warning (code 1292): Truncated incorrect DOUBLE value: 'Antwerpen'
Warning (code 1292): Truncated incorrect DOUBLE value: 'Gent'
Warning (code 1292): Truncated incorrect DOUBLE value: 'Charleroi'
Warning (code 1292): Truncated incorrect DOUBLE value: 'Liège'
Warning (code 1292): Truncated incorrect DOUBLE value: 'Bruxelles [Brussel]'
Warning (code 1292): Truncated incorrect DOUBLE value: 'Brugge'
Warning (code 1292): Truncated incorrect DOUBLE value: 'Schaerbeek'
Warning (code 1292): Truncated incorrect DOUBLE value: 'Namur'
Warning (code 1292): Truncated incorrect DOUBLE value: 'Mons'
Warning (code 1292): Truncated incorrect DOUBLE value: 'Belize City'
Warning (code 1292): Truncated incorrect DOUBLE value: 'Belmopan'
Warning (code 1292): Truncated incorrect DOUBLE value: 'Cotonou'
Warning (code 1292): Truncated incorrect DOUBLE value: 'Porto-Novo'
Warning (code 1292): Truncated incorrect DOUBLE value: 'Djougou'
Warning (code 1292): Truncated incorrect DOUBLE value: 'Parakou'
Warning (code 1292): Truncated incorrect DOUBLE value: 'Saint George'
Warning (code 1292): Truncated incorrect DOUBLE value: 'Hamilton'
Warning (code 1292): Truncated incorrect DOUBLE value: 'Thimphu'
Warning (code 1292): Truncated incorrect DOUBLE value: 'Santa Cruz de la Sierra'
Warning (code 1292): Truncated incorrect DOUBLE value: 'La Paz'
Warning (code 1292): Truncated incorrect DOUBLE value: 'El Alto'
Warning (code 1292): Truncated incorrect DOUBLE value: 'Cochabamba'
Warning (code 1292): Truncated incorrect DOUBLE value: 'Oruro'
Warning (code 1292): Truncated incorrect DOUBLE value: 'Sucre'
Warning (code 1292): Truncated incorrect DOUBLE value: 'Potosí'
Warning (code 1292): Truncated incorrect DOUBLE value: 'Tarija'
Warning (code 1292): Truncated incorrect DOUBLE value: 'Sarajevo'
Warning (code 1292): Truncated incorrect DOUBLE value: 'Banja Luka'
Warning (code 1292): Truncated incorrect DOUBLE value: 'Zenica'
Warning (code 1292): Truncated incorrect DOUBLE value: 'Gaborone'
Warning (code 1292): Truncated incorrect DOUBLE value: 'Francistown'
Warning (code 1292): Truncated incorrect DOUBLE value: 'São Paulo'
Warning (code 1292): Truncated incorrect DOUBLE value: 'Rio de Janeiro'
Warning (code 1292): Truncated incorrect DOUBLE value: 'Salvador'
Warning (code 1292): Truncated incorrect DOUBLE value: 'Belo Horizonte'
Warning (code 1292): Truncated incorrect DOUBLE value: 'Fortaleza'
Warning (code 1292): Truncated incorrect DOUBLE value: 'Brasília'
Warning (code 1292): Truncated incorrect DOUBLE value: 'Curitiba'
Warning (code 1292): Truncated incorrect DOUBLE value: 'Recife'
Warning (code 1292): Truncated incorrect DOUBLE value: 'Porto Alegre'
Warning (code 1292): Truncated incorrect DOUBLE value: 'Manaus'
Warning (code 1292): Truncated incorrect DOUBLE value: 'Belém'
Warning (code 1292): Truncated incorrect DOUBLE value: 'Guarulhos'
Warning (code 1292): Truncated incorrect DOUBLE value: 'Goiânia'
Warning (code 1292): Truncated incorrect DOUBLE value: 'Campinas'
Warning (code 1292): Truncated incorrect DOUBLE value: 'São Gonçalo'
Warning (code 1292): Truncated incorrect DOUBLE value: 'Nova Iguaçu'
Warning (code 1292): Truncated incorrect DOUBLE value: 'São Luís'
Warning (code 1292): Truncated incorrect DOUBLE value: 'Maceió'
Warning (code 1292): Truncated incorrect DOUBLE value: 'Duque de Caxias'
Warning (code 1292): Truncated incorrect DOUBLE value: 'São Bernardo do Campo'
Warning (code 1292): Truncated incorrect DOUBLE value: 'Teresina'
Warning (code 1292): Truncated incorrect DOUBLE value: 'Natal'
Warning (code 1292): Truncated incorrect DOUBLE value: 'Osasco'
Warning (code 1292): Truncated incorrect DOUBLE value: 'Campo Grande'
Warning (code 1292): Truncated incorrect DOUBLE value: 'Santo André'
Warning (code 1292): Truncated incorrect DOUBLE value: 'João Pessoa'
Warning (code 1292): Truncated incorrect DOUBLE value: 'Jaboatão dos Guararapes'
Warning (code 1292): Truncated incorrect DOUBLE value: 'Contagem'
Warning (code 1292): Truncated incorrect DOUBLE value: 'São José dos Campos'
Warning (code 1292): Truncated incorrect DOUBLE value: 'Uberlândia'
Warning (code 1292): Truncated incorrect DOUBLE value: 'Feira de Santana'
Warning (code 1292): Truncated incorrect DOUBLE value: 'Ribeirão Preto'
Warning (code 1292): Truncated incorrect DOUBLE value: 'Sorocaba'
Warning (code 1292): Truncated incorrect DOUBLE value: 'Niterói'
Warning (code 1292): Truncated incorrect DOUBLE value: 'Cuiabá'
Warning (code 1292): Truncated incorrect DOUBLE value: 'Juiz de Fora'
Warning (code 1292): Truncated incorrect DOUBLE value: 'Aracaju'
Warning (code 1292): Truncated incorrect DOUBLE value: 'São João de Meriti'
Warning (code 1292): Truncated incorrect DOUBLE value: 'Londrina'
Warning (code 1292): Truncated incorrect DOUBLE value: 'Joinville'
Warning (code 1292): Truncated incorrect DOUBLE value: 'Belford Roxo'
Warning (code 1292): Truncated incorrect DOUBLE value: 'Santos'
Warning (code 1292): Truncated incorrect DOUBLE value: 'Ananindeua'
Warning (code 1292): Truncated incorrect DOUBLE value: 'Campos dos Goytacazes'
Warning (code 1292): Truncated incorrect DOUBLE value: 'Mauá'
Warning (code 1292): Truncated incorrect DOUBLE value: 'Carapicuíba'
Warning (code 1292): Truncated incorrect DOUBLE value: 'Olinda'
Warning (code 1292): Truncated incorrect DOUBLE value: 'Campina Grande'
Warning (code 1292): Truncated incorrect DOUBLE value: 'São José do Rio Preto'
Warning (code 1292): Truncated incorrect DOUBLE value: 'Caxias do Sul'
Warning (code 1292): Truncated incorrect DOUBLE value: 'Moji das Cruzes'
Warning (code 1292): Truncated incorrect DOUBLE value: 'Diadema'
Warning (code 1292): Truncated incorrect DOUBLE value: 'Aparecida de Goiânia'
Warning (code 1292): Truncated incorrect DOUBLE value: 'Piracicaba'
Warning (code 1292): Truncated incorrect DOUBLE value: 'Cariacica'
Warning (code 1292): Truncated incorrect DOUBLE value: 'Vila Velha'
Warning (code 1292): Truncated incorrect DOUBLE value: 'Pelotas'
Warning (code 1292): Truncated incorrect DOUBLE value: 'Bauru'
Warning (code 1292): Truncated incorrect DOUBLE value: 'Porto Velho'
Warning (code 1292): Truncated incorrect DOUBLE value: 'Serra'
Warning (code 1292): Truncated incorrect DOUBLE value: 'Betim'
Warning (code 1292): Truncated incorrect DOUBLE value: 'Jundíaí'
Warning (code 1292): Truncated incorrect DOUBLE value: 'Canoas'
Warning (code 1292): Truncated incorrect DOUBLE value: 'Franca'
Warning (code 1292): Truncated incorrect DOUBLE value: 'São Vicente'
Warning (code 1292): Truncated incorrect DOUBLE value: 'Maringá'
Warning (code 1292): Truncated incorrect DOUBLE value: 'Montes Claros'
Warning (code 1292): Truncated incorrect DOUBLE value: 'Anápolis'
Warning (code 1292): Truncated incorrect DOUBLE value: 'Florianópolis'
Warning (code 1292): Truncated incorrect DOUBLE value: 'Petrópolis'
Warning (code 1292): Truncated incorrect DOUBLE value: 'Itaquaquecetuba'
Warning (code 1292): Truncated incorrect DOUBLE value: 'Vitória'
Warning (code 1292): Truncated incorrect DOUBLE value: 'Ponta Grossa'
Warning (code 1292): Truncated incorrect DOUBLE value: 'Rio Branco'
Warning (code 1292): Truncated incorrect DOUBLE value: 'Foz do Iguaçu'
Warning (code 1292): Truncated incorrect DOUBLE value: 'Macapá'
Warning (code 1292): Truncated incorrect DOUBLE value: 'Ilhéus'
Warning (code 1292): Truncated incorrect DOUBLE value: 'Vitória da Conquista'
Warning (code 1292): Truncated incorrect DOUBLE value: 'Uberaba'
Warning (code 1292): Truncated incorrect DOUBLE value: 'Paulista'
Warning (code 1292): Truncated incorrect DOUBLE value: 'Limeira'
Warning (code 1292): Truncated incorrect DOUBLE value: 'Blumenau'
Warning (code 1292): Truncated incorrect DOUBLE value: 'Caruaru'
Warning (code 1292): Truncated incorrect DOUBLE value: 'Santarém'
Warning (code 1292): Truncated incorrect DOUBLE value: 'Volta Redonda'
Warning (code 1292): Truncated incorrect DOUBLE value: 'Novo Hamburgo'
Warning (code 1292): Truncated incorrect DOUBLE value: 'Caucaia'
Warning (code 1292): Truncated incorrect DOUBLE value: 'Santa Maria'
Warning (code 1292): Truncated incorrect DOUBLE value: 'Cascavel'
Warning (code 1292): Truncated incorrect DOUBLE value: 'Guarujá'
Warning (code 1292): Truncated incorrect DOUBLE value: 'Ribeirão das Neves'
Warning (code 1292): Truncated incorrect DOUBLE value: 'Governador Valadares'
Warning (code 1292): Truncated incorrect DOUBLE value: 'Taubaté'
Warning (code 1292): Truncated incorrect DOUBLE value: 'Imperatriz'
Warning (code 1292): Truncated incorrect DOUBLE value: 'Gravataí'
Warning (code 1292): Truncated incorrect DOUBLE value: 'Embu'
Warning (code 1292): Truncated incorrect DOUBLE value: 'Mossoró'
Warning (code 1292): Truncated incorrect DOUBLE value: 'Várzea Grande'
Warning (code 1292): Truncated incorrect DOUBLE value: 'Petrolina'
Warning (code 1292): Truncated incorrect DOUBLE value: 'Barueri'
Warning (code 1292): Truncated incorrect DOUBLE value: 'Viamão'
Warning (code 1292): Truncated incorrect DOUBLE value: 'Ipatinga'
Warning (code 1292): Truncated incorrect DOUBLE value: 'Juazeiro'
Warning (code 1292): Truncated incorrect DOUBLE value: 'Juazeiro do Norte'
Warning (code 1292): Truncated incorrect DOUBLE value: 'Taboão da Serra'
Warning (code 1292): Truncated incorrect DOUBLE value: 'São José dos Pinhais'
Warning (code 1292): Truncated incorrect DOUBLE value: 'Magé'
Warning (code 1292): Truncated incorrect DOUBLE value: 'Suzano'
Warning (code 1292): Truncated incorrect DOUBLE value: 'São Leopoldo'
Warning (code 1292): Truncated incorrect DOUBLE value: 'Marília'
Warning (code 1292): Truncated incorrect DOUBLE value: 'São Carlos'
Warning (code 1292): Truncated incorrect DOUBLE value: 'Sumaré'
Warning (code 1292): Truncated incorrect DOUBLE value: 'Presidente Prudente'
Warning (code 1292): Truncated incorrect DOUBLE value: 'Divinópolis'
Warning (code 1292): Truncated incorrect DOUBLE value: 'Sete Lagoas'
Warning (code 1292): Truncated incorrect DOUBLE value: 'Rio Grande'
Warning (code 1292): Truncated incorrect DOUBLE value: 'Itabuna'
Warning (code 1292): Truncated incorrect DOUBLE value: 'Jequié'
Warning (code 1292): Truncated incorrect DOUBLE value: 'Arapiraca'
Warning (code 1292): Truncated incorrect DOUBLE value: 'Colombo'
Warning (code 1292): Truncated incorrect DOUBLE value: 'Americana'
Warning (code 1292): Truncated incorrect DOUBLE value: 'Alvorada'
Warning (code 1292): Truncated incorrect DOUBLE value: 'Araraquara'
Warning (code 1292): Truncated incorrect DOUBLE value: 'Itaboraí'
Warning (code 1292): Truncated incorrect DOUBLE value: 'Santa Bárbara d´Oeste'
Warning (code 1292): Truncated incorrect DOUBLE value: 'Nova Friburgo'
Warning (code 1292): Truncated incorrect DOUBLE value: 'Jacareí'
Warning (code 1292): Truncated incorrect DOUBLE value: 'Araçatuba'
Warning (code 1292): Truncated incorrect DOUBLE value: 'Barra Mansa'
Warning (code 1292): Truncated incorrect DOUBLE value: 'Praia Grande'
Warning (code 1292): Truncated incorrect DOUBLE value: 'Marabá'
Warning (code 1292): Truncated incorrect DOUBLE value: 'Criciúma'
Warning (code 1292): Truncated incorrect DOUBLE value: 'Boa Vista'
Warning (code 1292): Truncated incorrect DOUBLE value: 'Passo Fundo'
Warning (code 1292): Truncated incorrect DOUBLE value: 'Dourados'
Warning (code 1292): Truncated incorrect DOUBLE value: 'Santa Luzia'
Warning (code 1292): Truncated incorrect DOUBLE value: 'Rio Claro'
Warning (code 1292): Truncated incorrect DOUBLE value: 'Maracanaú'
Warning (code 1292): Truncated incorrect DOUBLE value: 'Guarapuava'
Warning (code 1292): Truncated incorrect DOUBLE value: 'Rondonópolis'
Warning (code 1292): Truncated incorrect DOUBLE value: 'São José'
Warning (code 1292): Truncated incorrect DOUBLE value: 'Cachoeiro de Itapemirim'
Warning (code 1292): Truncated incorrect DOUBLE value: 'Nilópolis'
Warning (code 1292): Truncated incorrect DOUBLE value: 'Itapevi'
Warning (code 1292): Truncated incorrect DOUBLE value: 'Cabo de Santo Agostinho'
Warning (code 1292): Truncated incorrect DOUBLE value: 'Camaçari'
Warning (code 1292): Truncated incorrect DOUBLE value: 'Sobral'
Warning (code 1292): Truncated incorrect DOUBLE value: 'Itajaí'
Warning (code 1292): Truncated incorrect DOUBLE value: 'Chapecó'
Warning (code 1292): Truncated incorrect DOUBLE value: 'Cotia'
Warning (code 1292): Truncated incorrect DOUBLE value: 'Lages'
Warning (code 1292): Truncated incorrect DOUBLE value: 'Ferraz de Vasconcelos'
Warning (code 1292): Truncated incorrect DOUBLE value: 'Indaiatuba'
Warning (code 1292): Truncated incorrect DOUBLE value: 'Hortolândia'
Warning (code 1292): Truncated incorrect DOUBLE value: 'Caxias'
Warning (code 1292): Truncated incorrect DOUBLE value: 'São Caetano do Sul'
Warning (code 1292): Truncated incorrect DOUBLE value: 'Itu'
Warning (code 1292): Truncated incorrect DOUBLE value: 'Nossa Senhora do Socorro'
Warning (code 1292): Truncated incorrect DOUBLE value: 'Parnaíba'
Warning (code 1292): Truncated incorrect DOUBLE value: 'Poços de Caldas'
Warning (code 1292): Truncated incorrect DOUBLE value: 'Teresópolis'
Warning (code 1292): Truncated incorrect DOUBLE value: 'Barreiras'
Warning (code 1292): Truncated incorrect DOUBLE value: 'Castanhal'
Warning (code 1292): Truncated incorrect DOUBLE value: 'Alagoinhas'
Warning (code 1292): Truncated incorrect DOUBLE value: 'Itapecerica da Serra'
Warning (code 1292): Truncated incorrect DOUBLE value: 'Uruguaiana'
Warning (code 1292): Truncated incorrect DOUBLE value: 'Paranaguá'
Warning (code 1292): Truncated incorrect DOUBLE value: 'Ibirité'
Warning (code 1292): Truncated incorrect DOUBLE value: 'Timon'
Warning (code 1292): Truncated incorrect DOUBLE value: 'Luziânia'
Warning (code 1292): Truncated incorrect DOUBLE value: 'Macaé'
Warning (code 1292): Truncated incorrect DOUBLE value: 'Teófilo Otoni'
Warning (code 1292): Truncated incorrect DOUBLE value: 'Moji-Guaçu'
Warning (code 1292): Truncated incorrect DOUBLE value: 'Palmas'
Warning (code 1292): Truncated incorrect DOUBLE value: 'Pindamonhangaba'
Warning (code 1292): Truncated incorrect DOUBLE value: 'Francisco Morato'
Warning (code 1292): Truncated incorrect DOUBLE value: 'Bagé'
Warning (code 1292): Truncated incorrect DOUBLE value: 'Sapucaia do Sul'
Warning (code 1292): Truncated incorrect DOUBLE value: 'Cabo Frio'
Warning (code 1292): Truncated incorrect DOUBLE value: 'Itapetininga'
Warning (code 1292): Truncated incorrect DOUBLE value: 'Patos de Minas'
Warning (code 1292): Truncated incorrect DOUBLE value: 'Camaragibe'
Warning (code 1292): Truncated incorrect DOUBLE value: 'Bragança Paulista'
Warning (code 1292): Truncated incorrect DOUBLE value: 'Queimados'
Warning (code 1292): Truncated incorrect DOUBLE value: 'Araguaína'
Warning (code 1292): Truncated incorrect DOUBLE value: 'Garanhuns'
Warning (code 1292): Truncated incorrect DOUBLE value: 'Vitória de Santo Antão'
Warning (code 1292): Truncated incorrect DOUBLE value: 'Santa Rita'
Warning (code 1292): Truncated incorrect DOUBLE value: 'Barbacena'
Warning (code 1292): Truncated incorrect DOUBLE value: 'Abaetetuba'
Warning (code 1292): Truncated incorrect DOUBLE value: 'Jaú'
Warning (code 1292): Truncated incorrect DOUBLE value: 'Lauro de Freitas'
Warning (code 1292): Truncated incorrect DOUBLE value: 'Franco da Rocha'
Warning (code 1292): Truncated incorrect DOUBLE value: 'Teixeira de Freitas'
Warning (code 1292): Truncated incorrect DOUBLE value: 'Varginha'
Warning (code 1292): Truncated incorrect DOUBLE value: 'Ribeirão Pires'
Warning (code 1292): Truncated incorrect DOUBLE value: 'Sabará'
Warning (code 1292): Truncated incorrect DOUBLE value: 'Catanduva'
Warning (code 1292): Truncated incorrect DOUBLE value: 'Rio Verde'
Warning (code 1292): Truncated incorrect DOUBLE value: 'Botucatu'
Warning (code 1292): Truncated incorrect DOUBLE value: 'Colatina'
Warning (code 1292): Truncated incorrect DOUBLE value: 'Santa Cruz do Sul'
Warning (code 1292): Truncated incorrect DOUBLE value: 'Linhares'
Warning (code 1292): Truncated incorrect DOUBLE value: 'Apucarana'
Warning (code 1292): Truncated incorrect DOUBLE value: 'Barretos'
Warning (code 1292): Truncated incorrect DOUBLE value: 'Guaratinguetá'
Warning (code 1292): Truncated incorrect DOUBLE value: 'Cachoeirinha'
Warning (code 1292): Truncated incorrect DOUBLE value: 'Codó'
Warning (code 1292): Truncated incorrect DOUBLE value: 'Jaraguá do Sul'
Warning (code 1292): Truncated incorrect DOUBLE value: 'Cubatão'
Warning (code 1292): Truncated incorrect DOUBLE value: 'Itabira'
Warning (code 1292): Truncated incorrect DOUBLE value: 'Itaituba'
Warning (code 1292): Truncated incorrect DOUBLE value: 'Araras'
Warning (code 1292): Truncated incorrect DOUBLE value: 'Resende'
Warning (code 1292): Truncated incorrect DOUBLE value: 'Atibaia'
Warning (code 1292): Truncated incorrect DOUBLE value: 'Pouso Alegre'
Warning (code 1292): Truncated incorrect DOUBLE value: 'Toledo'
Warning (code 1292): Truncated incorrect DOUBLE value: 'Crato'
Warning (code 1292): Truncated incorrect DOUBLE value: 'Passos'
Warning (code 1292): Truncated incorrect DOUBLE value: 'Araguari'
Warning (code 1292): Truncated incorrect DOUBLE value: 'São José de Ribamar'
Warning (code 1292): Truncated incorrect DOUBLE value: 'Pinhais'
Warning (code 1292): Truncated incorrect DOUBLE value: 'Sertãozinho'
Warning (code 1292): Truncated incorrect DOUBLE value: 'Conselheiro Lafaiete'
Warning (code 1292): Truncated incorrect DOUBLE value: 'Paulo Afonso'
Warning (code 1292): Truncated incorrect DOUBLE value: 'Angra dos Reis'
Warning (code 1292): Truncated incorrect DOUBLE value: 'Eunápolis'
Warning (code 1292): Truncated incorrect DOUBLE value: 'Salto'
Warning (code 1292): Truncated incorrect DOUBLE value: 'Ourinhos'
Warning (code 1292): Truncated incorrect DOUBLE value: 'Parnamirim'
Warning (code 1292): Truncated incorrect DOUBLE value: 'Jacobina'
Warning (code 1292): Truncated incorrect DOUBLE value: 'Coronel Fabriciano'
Warning (code 1292): Truncated incorrect DOUBLE value: 'Birigui'
Warning (code 1292): Truncated incorrect DOUBLE value: 'Tatuí'
Warning (code 1292): Truncated incorrect DOUBLE value: 'Ji-Paraná'
Warning (code 1292): Truncated incorrect DOUBLE value: 'Bacabal'
Warning (code 1292): Truncated incorrect DOUBLE value: 'Cametá'
Warning (code 1292): Truncated incorrect DOUBLE value: 'Guaíba'
Warning (code 1292): Truncated incorrect DOUBLE value: 'São Lourenço da Mata'
Warning (code 1292): Truncated incorrect DOUBLE value: 'Santana do Livramento'
Warning (code 1292): Truncated incorrect DOUBLE value: 'Votorantim'
Warning (code 1292): Truncated incorrect DOUBLE value: 'Campo Largo'
Warning (code 1292): Truncated incorrect DOUBLE value: 'Patos'
Warning (code 1292): Truncated incorrect DOUBLE value: 'Ituiutaba'
Warning (code 1292): Truncated incorrect DOUBLE value: 'Corumbá'
Warning (code 1292): Truncated incorrect DOUBLE value: 'Palhoça'
Warning (code 1292): Truncated incorrect DOUBLE value: 'Barra do Piraí'
Warning (code 1292): Truncated incorrect DOUBLE value: 'Bento Gonçalves'
Warning (code 1292): Truncated incorrect DOUBLE value: 'Poá'
Warning (code 1292): Truncated incorrect DOUBLE value: 'Águas Lindas de Goiás'
Warning (code 1292): Truncated incorrect DOUBLE value: 'London'
Warning (code 1292): Truncated incorrect DOUBLE value: 'Birmingham'
Warning (code 1292): Truncated incorrect DOUBLE value: 'Glasgow'
Warning (code 1292): Truncated incorrect DOUBLE value: 'Liverpool'
Warning (code 1292): Truncated incorrect DOUBLE value: 'Edinburgh'
Warning (code 1292): Truncated incorrect DOUBLE value: 'Sheffield'
Warning (code 1292): Truncated incorrect DOUBLE value: 'Manchester'
Warning (code 1292): Truncated incorrect DOUBLE value: 'Leeds'
Warning (code 1292): Truncated incorrect DOUBLE value: 'Bristol'
Warning (code 1292): Truncated incorrect DOUBLE value: 'Cardiff'
Warning (code 1292): Truncated incorrect DOUBLE value: 'Coventry'
Warning (code 1292): Truncated incorrect DOUBLE value: 'Leicester'
Warning (code 1292): Truncated incorrect DOUBLE value: 'Bradford'
Warning (code 1292): Truncated incorrect DOUBLE value: 'Belfast'
Warning (code 1292): Truncated incorrect DOUBLE value: 'Nottingham'
Warning (code 1292): Truncated incorrect DOUBLE value: 'Kingston upon Hull'
Warning (code 1292): Truncated incorrect DOUBLE value: 'Plymouth'
Warning (code 1292): Truncated incorrect DOUBLE value: 'Stoke-on-Trent'
Warning (code 1292): Truncated incorrect DOUBLE value: 'Wolverhampton'
Warning (code 1292): Truncated incorrect DOUBLE value: 'Derby'
Warning (code 1292): Truncated incorrect DOUBLE value: 'Swansea'
Warning (code 1292): Truncated incorrect DOUBLE value: 'Southampton'
Warning (code 1292): Truncated incorrect DOUBLE value: 'Aberdeen'
Warning (code 1292): Truncated incorrect DOUBLE value: 'Northampton'
Warning (code 1292): Truncated incorrect DOUBLE value: 'Dudley'
Warning (code 1292): Truncated incorrect DOUBLE value: 'Portsmouth'
Warning (code 1292): Truncated incorrect DOUBLE value: 'Newcastle upon Tyne'
Warning (code 1292): Truncated incorrect DOUBLE value: 'Sunderland'
Warning (code 1292): Truncated incorrect DOUBLE value: 'Luton'
Warning (code 1292): Truncated incorrect DOUBLE value: 'Swindon'
Warning (code 1292): Truncated incorrect DOUBLE value: 'Southend-on-Sea'
Warning (code 1292): Truncated incorrect DOUBLE value: 'Walsall'
Warning (code 1292): Truncated incorrect DOUBLE value: 'Bournemouth'
Warning (code 1292): Truncated incorrect DOUBLE value: 'Peterborough'
Warning (code 1292): Truncated incorrect DOUBLE value: 'Brighton'
Warning (code 1292): Truncated incorrect DOUBLE value: 'Blackpool'
Warning (code 1292): Truncated incorrect DOUBLE value: 'Dundee'
Warning (code 1292): Truncated incorrect DOUBLE value: 'West Bromwich'
Warning (code 1292): Truncated incorrect DOUBLE value: 'Reading'
Warning (code 1292): Truncated incorrect DOUBLE value: 'Oldbury/Smethwick (Warley)'
Warning (code 1292): Truncated incorrect DOUBLE value: 'Middlesbrough'
Warning (code 1292): Truncated incorrect DOUBLE value: 'Huddersfield'
Warning (code 1292): Truncated incorrect DOUBLE value: 'Oxford'
Warning (code 1292): Truncated incorrect DOUBLE value: 'Poole'
Warning (code 1292): Truncated incorrect DOUBLE value: 'Bolton'
Warning (code 1292): Truncated incorrect DOUBLE value: 'Blackburn'
Warning (code 1292): Truncated incorrect DOUBLE value: 'Newport'
Warning (code 1292): Truncated incorrect DOUBLE value: 'Preston'
Warning (code 1292): Truncated incorrect DOUBLE value: 'Stockport'
Warning (code 1292): Truncated incorrect DOUBLE value: 'Norwich'
Warning (code 1292): Truncated incorrect DOUBLE value: 'Rotherham'
Warning (code 1292): Truncated incorrect DOUBLE value: 'Cambridge'
Warning (code 1292): Truncated incorrect DOUBLE value: 'Watford'
Warning (code 1292): Truncated incorrect DOUBLE value: 'Ipswich'
Warning (code 1292): Truncated incorrect DOUBLE value: 'Slough'
Warning (code 1292): Truncated incorrect DOUBLE value: 'Exeter'
Warning (code 1292): Truncated incorrect DOUBLE value: 'Cheltenham'
Warning (code 1292): Truncated incorrect DOUBLE value: 'Gloucester'
Warning (code 1292): Truncated incorrect DOUBLE value: 'Saint Helens'
Warning (code 1292): Truncated incorrect DOUBLE value: 'Sutton Coldfield'
Warning (code 1292): Truncated incorrect DOUBLE value: 'York'
Warning (code 1292): Truncated incorrect DOUBLE value: 'Oldham'
Warning (code 1292): Truncated incorrect DOUBLE value: 'Basildon'
Warning (code 1292): Truncated incorrect DOUBLE value: 'Worthing'
Warning (code 1292): Truncated incorrect DOUBLE value: 'Chelmsford'
Warning (code 1292): Truncated incorrect DOUBLE value: 'Colchester'
Warning (code 1292): Truncated incorrect DOUBLE value: 'Crawley'
Warning (code 1292): Truncated incorrect DOUBLE value: 'Gillingham'
Warning (code 1292): Truncated incorrect DOUBLE value: 'Solihull'
Warning (code 1292): Truncated incorrect DOUBLE value: 'Rochdale'
Warning (code 1292): Truncated incorrect DOUBLE value: 'Birkenhead'
Warning (code 1292): Truncated incorrect DOUBLE value: 'Worcester'
Warning (code 1292): Truncated incorrect DOUBLE value: 'Hartlepool'
Warning (code 1292): Truncated incorrect DOUBLE value: 'Halifax'
Warning (code 1292): Truncated incorrect DOUBLE value: 'Woking/Byfleet'
Warning (code 1292): Truncated incorrect DOUBLE value: 'Southport'
Warning (code 1292): Truncated incorrect DOUBLE value: 'Maidstone'
Warning (code 1292): Truncated incorrect DOUBLE value: 'Eastbourne'
Warning (code 1292): Truncated incorrect DOUBLE value: 'Grimsby'
Warning (code 1292): Truncated incorrect DOUBLE value: 'Saint Helier'
Warning (code 1292): Truncated incorrect DOUBLE value: 'Douglas'
Warning (code 1292): Truncated incorrect DOUBLE value: 'Road Town'
Warning (code 1292): Truncated incorrect DOUBLE value: 'Bandar Seri Begawan'
Warning (code 1292): Truncated incorrect DOUBLE value: 'Sofija'
Warning (code 1292): Truncated incorrect DOUBLE value: 'Plovdiv'
Warning (code 1292): Truncated incorrect DOUBLE value: 'Varna'
Warning (code 1292): Truncated incorrect DOUBLE value: 'Burgas'
Warning (code 1292): Truncated incorrect DOUBLE value: 'Ruse'
Warning (code 1292): Truncated incorrect DOUBLE value: 'Stara Zagora'
Warning (code 1292): Truncated incorrect DOUBLE value: 'Pleven'
Warning (code 1292): Truncated incorrect DOUBLE value: 'Sliven'
Warning (code 1292): Truncated incorrect DOUBLE value: 'Dobric'
Warning (code 1292): Truncated incorrect DOUBLE value: 'Šumen'
Warning (code 1292): Truncated incorrect DOUBLE value: 'Ouagadougou'
Warning (code 1292): Truncated incorrect DOUBLE value: 'Bobo-Dioulasso'
Warning (code 1292): Truncated incorrect DOUBLE value: 'Koudougou'
Warning (code 1292): Truncated incorrect DOUBLE value: 'Bujumbura'
Warning (code 1292): Truncated incorrect DOUBLE value: 'George Town'
Warning (code 1292): Truncated incorrect DOUBLE value: 'Santiago de Chile'
Warning (code 1292): Truncated incorrect DOUBLE value: 'Puente Alto'
Warning (code 1292): Truncated incorrect DOUBLE value: 'Viña del Mar'
Warning (code 1292): Truncated incorrect DOUBLE value: 'Valparaíso'
Warning (code 1292): Truncated incorrect DOUBLE value: 'Talcahuano'
Warning (code 1292): Truncated incorrect DOUBLE value: 'Antofagasta'
Warning (code 1292): Truncated incorrect DOUBLE value: 'San Bernardo'
Warning (code 1292): Truncated incorrect DOUBLE value: 'Temuco'
Warning (code 1292): Truncated incorrect DOUBLE value: 'Concepción'
Warning (code 1292): Truncated incorrect DOUBLE value: 'Rancagua'
Warning (code 1292): Truncated incorrect DOUBLE value: 'Arica'
Warning (code 1292): Truncated incorrect DOUBLE value: 'Talca'
Warning (code 1292): Truncated incorrect DOUBLE value: 'Chillán'
Warning (code 1292): Truncated incorrect DOUBLE value: 'Iquique'
Warning (code 1292): Truncated incorrect DOUBLE value: 'Los Angeles'
Warning (code 1292): Truncated incorrect DOUBLE value: 'Puerto Montt'
Warning (code 1292): Truncated incorrect DOUBLE value: 'Coquimbo'
Warning (code 1292): Truncated incorrect DOUBLE value: 'Osorno'
Warning (code 1292): Truncated incorrect DOUBLE value: 'La Serena'
Warning (code 1292): Truncated incorrect DOUBLE value: 'Calama'
Warning (code 1292): Truncated incorrect DOUBLE value: 'Valdivia'
Warning (code 1292): Truncated incorrect DOUBLE value: 'Punta Arenas'
Warning (code 1292): Truncated incorrect DOUBLE value: 'Copiapó'
Warning (code 1292): Truncated incorrect DOUBLE value: 'Quilpué'
Warning (code 1292): Truncated incorrect DOUBLE value: 'Curicó'
Warning (code 1292): Truncated incorrect DOUBLE value: 'Ovalle'
Warning (code 1292): Truncated incorrect DOUBLE value: 'Coronel'
Warning (code 1292): Truncated incorrect DOUBLE value: 'San Pedro de la Paz'
Warning (code 1292): Truncated incorrect DOUBLE value: 'Melipilla'
Warning (code 1292): Truncated incorrect DOUBLE value: 'Avarua'
Warning (code 1292): Truncated incorrect DOUBLE value: 'San José'
Warning (code 1292): Truncated incorrect DOUBLE value: 'Djibouti'
Warning (code 1292): Truncated incorrect DOUBLE value: 'Roseau'
Warning (code 1292): Truncated incorrect DOUBLE value: 'Santo Domingo de Guzmán'
Warning (code 1292): Truncated incorrect DOUBLE value: 'Santiago de los Caballeros'
Warning (code 1292): Truncated incorrect DOUBLE value: 'La Romana'
Warning (code 1292): Truncated incorrect DOUBLE value: 'San Pedro de Macorís'
Warning (code 1292): Truncated incorrect DOUBLE value: 'San Francisco de Macorís'
Warning (code 1292): Truncated incorrect DOUBLE value: 'San Felipe de Puerto Plata'
Warning (code 1292): Truncated incorrect DOUBLE value: 'Guayaquil'
Warning (code 1292): Truncated incorrect DOUBLE value: 'Quito'
Warning (code 1292): Truncated incorrect DOUBLE value: 'Cuenca'
Warning (code 1292): Truncated incorrect DOUBLE value: 'Machala'
Warning (code 1292): Truncated incorrect DOUBLE value: 'Santo Domingo de los Colorados'
Warning (code 1292): Truncated incorrect DOUBLE value: 'Portoviejo'
Warning (code 1292): Truncated incorrect DOUBLE value: 'Ambato'
Warning (code 1292): Truncated incorrect DOUBLE value: 'Manta'
Warning (code 1292): Truncated incorrect DOUBLE value: 'Duran [Eloy Alfaro]'
Warning (code 1292): Truncated incorrect DOUBLE value: 'Ibarra'
Warning (code 1292): Truncated incorrect DOUBLE value: 'Quevedo'
Warning (code 1292): Truncated incorrect DOUBLE value: 'Milagro'
Warning (code 1292): Truncated incorrect DOUBLE value: 'Loja'
Warning (code 1292): Truncated incorrect DOUBLE value: 'Ríobamba'
Warning (code 1292): Truncated incorrect DOUBLE value: 'Esmeraldas'
Warning (code 1292): Truncated incorrect DOUBLE value: 'Cairo'
Warning (code 1292): Truncated incorrect DOUBLE value: 'Alexandria'
Warning (code 1292): Truncated incorrect DOUBLE value: 'Giza'
Warning (code 1292): Truncated incorrect DOUBLE value: 'Shubra al-Khayma'
Warning (code 1292): Truncated incorrect DOUBLE value: 'Port Said'
Warning (code 1292): Truncated incorrect DOUBLE value: 'Suez'
Warning (code 1292): Truncated incorrect DOUBLE value: 'al-Mahallat al-Kubra'
Warning (code 1292): Truncated incorrect DOUBLE value: 'Tanta'
Warning (code 1292): Truncated incorrect DOUBLE value: 'al-Mansura'
Warning (code 1292): Truncated incorrect DOUBLE value: 'Luxor'
Warning (code 1292): Truncated incorrect DOUBLE value: 'Asyut'
Warning (code 1292): Truncated incorrect DOUBLE value: 'Bahtim'
Warning (code 1292): Truncated incorrect DOUBLE value: 'Zagazig'
Warning (code 1292): Truncated incorrect DOUBLE value: 'al-Faiyum'
Warning (code 1292): Truncated incorrect DOUBLE value: 'Ismailia'
Warning (code 1292): Truncated incorrect DOUBLE value: 'Kafr al-Dawwar'
Warning (code 1292): Truncated incorrect DOUBLE value: 'Assuan'
Warning (code 1292): Truncated incorrect DOUBLE value: 'Damanhur'
Warning (code 1292): Truncated incorrect DOUBLE value: 'al-Minya'
Warning (code 1292): Truncated incorrect DOUBLE value: 'Bani Suwayf'
Warning (code 1292): Truncated incorrect DOUBLE value: 'Qina'
Warning (code 1292): Truncated incorrect DOUBLE value: 'Sawhaj'
Warning (code 1292): Truncated incorrect DOUBLE value: 'Shibin al-Kawm'
Warning (code 1292): Truncated incorrect DOUBLE value: 'Bulaq al-Dakrur'
Warning (code 1292): Truncated incorrect DOUBLE value: 'Banha'
Warning (code 1292): Truncated incorrect DOUBLE value: 'Warraq al-Arab'
Warning (code 1292): Truncated incorrect DOUBLE value: 'Kafr al-Shaykh'
Warning (code 1292): Truncated incorrect DOUBLE value: 'Mallawi'
Warning (code 1292): Truncated incorrect DOUBLE value: 'Bilbays'
Warning (code 1292): Truncated incorrect DOUBLE value: 'Mit Ghamr'
Warning (code 1292): Truncated incorrect DOUBLE value: 'al-Arish'
Warning (code 1292): Truncated incorrect DOUBLE value: 'Talkha'
Warning (code 1292): Truncated incorrect DOUBLE value: 'Qalyub'
Warning (code 1292): Truncated incorrect DOUBLE value: 'Jirja'
Warning (code 1292): Truncated incorrect DOUBLE value: 'Idfu'
Warning (code 1292): Truncated incorrect DOUBLE value: 'al-Hawamidiya'
Warning (code 1292): Truncated incorrect DOUBLE value: 'Disuq'
Warning (code 1292): Truncated incorrect DOUBLE value: 'San Salvador'
Warning (code 1292): Truncated incorrect DOUBLE value: 'Santa Ana'
Warning (code 1292): Truncated incorrect DOUBLE value: 'Mejicanos'
Warning (code 1292): Truncated incorrect DOUBLE value: 'Soyapango'
Warning (code 1292): Truncated incorrect DOUBLE value: 'San Miguel'
Warning (code 1292): Truncated incorrect DOUBLE value: 'Nueva San Salvador'
Warning (code 1292): Truncated incorrect DOUBLE value: 'Apopa'
Warning (code 1292): Truncated incorrect DOUBLE value: 'Asmara'
Warning (code 1292): Truncated incorrect DOUBLE value: 'Madrid'
Warning (code 1292): Truncated incorrect DOUBLE value: 'Barcelona'
Warning (code 1292): Truncated incorrect DOUBLE value: 'Valencia'
Warning (code 1292): Truncated incorrect DOUBLE value: 'Sevilla'
Warning (code 1292): Truncated incorrect DOUBLE value: 'Zaragoza'
Warning (code 1292): Truncated incorrect DOUBLE value: 'Málaga'
Warning (code 1292): Truncated incorrect DOUBLE value: 'Bilbao'
Warning (code 1292): Truncated incorrect DOUBLE value: 'Las Palmas de Gran Canaria'
Warning (code 1292): Truncated incorrect DOUBLE value: 'Murcia'
Warning (code 1292): Truncated incorrect DOUBLE value: 'Palma de Mallorca'
Warning (code 1292): Truncated incorrect DOUBLE value: 'Valladolid'
Warning (code 1292): Truncated incorrect DOUBLE value: 'Córdoba'
Warning (code 1292): Truncated incorrect DOUBLE value: 'Vigo'
Warning (code 1292): Truncated incorrect DOUBLE value: 'Alicante [Alacant]'
Warning (code 1292): Truncated incorrect DOUBLE value: 'Gijón'
Warning (code 1292): Truncated incorrect DOUBLE value: 'L´Hospitalet de Llobregat'
Warning (code 1292): Truncated incorrect DOUBLE value: 'Granada'
Warning (code 1292): Truncated incorrect DOUBLE value: 'A Coruña (La Coruña)'
Warning (code 1292): Truncated incorrect DOUBLE value: 'Vitoria-Gasteiz'
Warning (code 1292): Truncated incorrect DOUBLE value: 'Santa Cruz de Tenerife'
Warning (code 1292): Truncated incorrect DOUBLE value: 'Badalona'
Warning (code 1292): Truncated incorrect DOUBLE value: 'Oviedo'
Warning (code 1292): Truncated incorrect DOUBLE value: 'Móstoles'
Warning (code 1292): Truncated incorrect DOUBLE value: 'Elche [Elx]'
Warning (code 1292): Truncated incorrect DOUBLE value: 'Sabadell'
Warning (code 1292): Truncated incorrect DOUBLE value: 'Santander'
Warning (code 1292): Truncated incorrect DOUBLE value: 'Jerez de la Frontera'
Warning (code 1292): Truncated incorrect DOUBLE value: 'Pamplona [Iruña]'
Warning (code 1292): Truncated incorrect DOUBLE value: 'Donostia-San Sebastián'
Warning (code 1292): Truncated incorrect DOUBLE value: 'Cartagena'
Warning (code 1292): Truncated incorrect DOUBLE value: 'Leganés'
Warning (code 1292): Truncated incorrect DOUBLE value: 'Fuenlabrada'
Warning (code 1292): Truncated incorrect DOUBLE value: 'Almería'
Warning (code 1292): Truncated incorrect DOUBLE value: 'Terrassa'
Warning (code 1292): Truncated incorrect DOUBLE value: 'Alcalá de Henares'
Warning (code 1292): Truncated incorrect DOUBLE value: 'Burgos'
Warning (code 1292): Truncated incorrect DOUBLE value: 'Salamanca'
Warning (code 1292): Truncated incorrect DOUBLE value: 'Albacete'
Warning (code 1292): Truncated incorrect DOUBLE value: 'Getafe'
Warning (code 1292): Truncated incorrect DOUBLE value: 'Cádiz'
Warning (code 1292): Truncated incorrect DOUBLE value: 'Alcorcón'
Warning (code 1292): Truncated incorrect DOUBLE value: 'Huelva'
Warning (code 1292): Truncated incorrect DOUBLE value: 'León'
Warning (code 1292): Truncated incorrect DOUBLE value: 'Castellón de la Plana [Castell'
Warning (code 1292): Truncated incorrect DOUBLE value: 'Badajoz'
Warning (code 1292): Truncated incorrect DOUBLE value: '[San Cristóbal de] la Laguna'
Warning (code 1292): Truncated incorrect DOUBLE value: 'Logroño'
Warning (code 1292): Truncated incorrect DOUBLE value: 'Santa Coloma de Gramenet'
Warning (code 1292): Truncated incorrect DOUBLE value: 'Tarragona'
Warning (code 1292): Truncated incorrect DOUBLE value: 'Lleida (Lérida)'
Warning (code 1292): Truncated incorrect DOUBLE value: 'Jaén'
Warning (code 1292): Truncated incorrect DOUBLE value: 'Ourense (Orense)'
Warning (code 1292): Truncated incorrect DOUBLE value: 'Mataró'
Warning (code 1292): Truncated incorrect DOUBLE value: 'Algeciras'
Warning (code 1292): Truncated incorrect DOUBLE value: 'Marbella'
Warning (code 1292): Truncated incorrect DOUBLE value: 'Barakaldo'
Warning (code 1292): Truncated incorrect DOUBLE value: 'Dos Hermanas'
Warning (code 1292): Truncated incorrect DOUBLE value: 'Santiago de Compostela'
Warning (code 1292): Truncated incorrect DOUBLE value: 'Torrejón de Ardoz'
Warning (code 1292): Truncated incorrect DOUBLE value: 'Cape Town'
Warning (code 1292): Truncated incorrect DOUBLE value: 'Soweto'
Warning (code 1292): Truncated incorrect DOUBLE value: 'Johannesburg'
Warning (code 1292): Truncated incorrect DOUBLE value: 'Port Elizabeth'
Warning (code 1292): Truncated incorrect DOUBLE value: 'Pretoria'
Warning (code 1292): Truncated incorrect DOUBLE value: 'Inanda'
Warning (code 1292): Truncated incorrect DOUBLE value: 'Durban'
Warning (code 1292): Truncated incorrect DOUBLE value: 'Vanderbijlpark'
Warning (code 1292): Truncated incorrect DOUBLE value: 'Kempton Park'
Warning (code 1292): Truncated incorrect DOUBLE value: 'Alberton'
Warning (code 1292): Truncated incorrect DOUBLE value: 'Pinetown'
Warning (code 1292): Truncated incorrect DOUBLE value: 'Pietermaritzburg'
Warning (code 1292): Truncated incorrect DOUBLE value: 'Benoni'
Warning (code 1292): Truncated incorrect DOUBLE value: 'Randburg'
Warning (code 1292): Truncated incorrect DOUBLE value: 'Umlazi'
Warning (code 1292): Truncated incorrect DOUBLE value: 'Bloemfontein'
Warning (code 1292): Truncated incorrect DOUBLE value: 'Vereeniging'
Warning (code 1292): Truncated incorrect DOUBLE value: 'Wonderboom'
Warning (code 1292): Truncated incorrect DOUBLE value: 'Roodepoort'
Warning (code 1292): Truncated incorrect DOUBLE value: 'Boksburg'
Warning (code 1292): Truncated incorrect DOUBLE value: 'Klerksdorp'
Warning (code 1292): Truncated incorrect DOUBLE value: 'Soshanguve'
Warning (code 1292): Truncated incorrect DOUBLE value: 'Newcastle'
Warning (code 1292): Truncated incorrect DOUBLE value: 'East London'
Warning (code 1292): Truncated incorrect DOUBLE value: 'Welkom'
Warning (code 1292): Truncated incorrect DOUBLE value: 'Kimberley'
Warning (code 1292): Truncated incorrect DOUBLE value: 'Uitenhage'
Warning (code 1292): Truncated incorrect DOUBLE value: 'Chatsworth'
Warning (code 1292): Truncated incorrect DOUBLE value: 'Mdantsane'
Warning (code 1292): Truncated incorrect DOUBLE value: 'Krugersdorp'
Warning (code 1292): Truncated incorrect DOUBLE value: 'Botshabelo'
Warning (code 1292): Truncated incorrect DOUBLE value: 'Brakpan'
Warning (code 1292): Truncated incorrect DOUBLE value: 'Witbank'
Warning (code 1292): Truncated incorrect DOUBLE value: 'Oberholzer'
Warning (code 1292): Truncated incorrect DOUBLE value: 'Germiston'
Warning (code 1292): Truncated incorrect DOUBLE value: 'Springs'
Warning (code 1292): Truncated incorrect DOUBLE value: 'Westonaria'
Warning (code 1292): Truncated incorrect DOUBLE value: 'Randfontein'
Warning (code 1292): Truncated incorrect DOUBLE value: 'Paarl'
Warning (code 1292): Truncated incorrect DOUBLE value: 'Potchefstroom'
Warning (code 1292): Truncated incorrect DOUBLE value: 'Rustenburg'
Warning (code 1292): Truncated incorrect DOUBLE value: 'Nigel'
Warning (code 1292): Truncated incorrect DOUBLE value: 'George'
Warning (code 1292): Truncated incorrect DOUBLE value: 'Ladysmith'
Warning (code 1292): Truncated incorrect DOUBLE value: 'Addis Abeba'
Warning (code 1292): Truncated incorrect DOUBLE value: 'Dire Dawa'
Warning (code 1292): Truncated incorrect DOUBLE value: 'Nazret'
Warning (code 1292): Truncated incorrect DOUBLE value: 'Gonder'
Warning (code 1292): Truncated incorrect DOUBLE value: 'Dese'
Warning (code 1292): Truncated incorrect DOUBLE value: 'Mekele'
Warning (code 1292): Truncated incorrect DOUBLE value: 'Bahir Dar'
Warning (code 1292): Truncated incorrect DOUBLE value: 'Stanley'
Warning (code 1292): Truncated incorrect DOUBLE value: 'Suva'
Warning (code 1292): Truncated incorrect DOUBLE value: 'Quezon'
Warning (code 1292): Truncated incorrect DOUBLE value: 'Manila'
Warning (code 1292): Truncated incorrect DOUBLE value: 'Kalookan'
Warning (code 1292): Truncated incorrect DOUBLE value: 'Davao'
Warning (code 1292): Truncated incorrect DOUBLE value: 'Cebu'
Warning (code 1292): Truncated incorrect DOUBLE value: 'Zamboanga'
Warning (code 1292): Truncated incorrect DOUBLE value: 'Pasig'
Warning (code 1292): Truncated incorrect DOUBLE value: 'Valenzuela'
Warning (code 1292): Truncated incorrect DOUBLE value: 'Las Piñas'
Warning (code 1292): Truncated incorrect DOUBLE value: 'Antipolo'
Warning (code 1292): Truncated incorrect DOUBLE value: 'Taguig'
Warning (code 1292): Truncated incorrect DOUBLE value: 'Cagayan de Oro'
Warning (code 1292): Truncated incorrect DOUBLE value: 'Parañaque'
Warning (code 1292): Truncated incorrect DOUBLE value: 'Makati'
Warning (code 1292): Truncated incorrect DOUBLE value: 'Bacolod'
Warning (code 1292): Truncated incorrect DOUBLE value: 'General Santos'
Warning (code 1292): Truncated incorrect DOUBLE value: 'Marikina'
Warning (code 1292): Truncated incorrect DOUBLE value: 'Dasmariñas'
Warning (code 1292): Truncated incorrect DOUBLE value: 'Muntinlupa'
Warning (code 1292): Truncated incorrect DOUBLE value: 'Iloilo'
Warning (code 1292): Truncated incorrect DOUBLE value: 'Pasay'
Warning (code 1292): Truncated incorrect DOUBLE value: 'Malabon'
Warning (code 1292): Truncated incorrect DOUBLE value: 'San José del Monte'
Warning (code 1292): Truncated incorrect DOUBLE value: 'Bacoor'
Warning (code 1292): Truncated incorrect DOUBLE value: 'Iligan'
Warning (code 1292): Truncated incorrect DOUBLE value: 'Calamba'
Warning (code 1292): Truncated incorrect DOUBLE value: 'Mandaluyong'
Warning (code 1292): Truncated incorrect DOUBLE value: 'Butuan'
Warning (code 1292): Truncated incorrect DOUBLE value: 'Angeles'
Warning (code 1292): Truncated incorrect DOUBLE value: 'Tarlac'
Warning (code 1292): Truncated incorrect DOUBLE value: 'Mandaue'
Warning (code 1292): Truncated incorrect DOUBLE value: 'Baguio'
Warning (code 1292): Truncated incorrect DOUBLE value: 'Batangas'
Warning (code 1292): Truncated incorrect DOUBLE value: 'Cainta'
Warning (code 1292): Truncated incorrect DOUBLE value: 'San Pedro'
Warning (code 1292): Truncated incorrect DOUBLE value: 'Navotas'
Warning (code 1292): Truncated incorrect DOUBLE value: 'Cabanatuan'
Warning (code 1292): Truncated incorrect DOUBLE value: 'San Fernando'
Warning (code 1292): Truncated incorrect DOUBLE value: 'Lipa'
Warning (code 1292): Truncated incorrect DOUBLE value: 'Lapu-Lapu'
Warning (code 1292): Truncated incorrect DOUBLE value: 'San Pablo'
Warning (code 1292): Truncated incorrect DOUBLE value: 'Biñan'
Warning (code 1292): Truncated incorrect DOUBLE value: 'Taytay'
Warning (code 1292): Truncated incorrect DOUBLE value: 'Lucena'
Warning (code 1292): Truncated incorrect DOUBLE value: 'Imus'
Warning (code 1292): Truncated incorrect DOUBLE value: 'Olongapo'
Warning (code 1292): Truncated incorrect DOUBLE value: 'Binangonan'
Warning (code 1292): Truncated incorrect DOUBLE value: 'Santa Rosa'
Warning (code 1292): Truncated incorrect DOUBLE value: 'Tagum'
Warning (code 1292): Truncated incorrect DOUBLE value: 'Tacloban'
Warning (code 1292): Truncated incorrect DOUBLE value: 'Malolos'
Warning (code 1292): Truncated incorrect DOUBLE value: 'Mabalacat'
Warning (code 1292): Truncated incorrect DOUBLE value: 'Cotabato'
Warning (code 1292): Truncated incorrect DOUBLE value: 'Meycauayan'
Warning (code 1292): Truncated incorrect DOUBLE value: 'Puerto Princesa'
Warning (code 1292): Truncated incorrect DOUBLE value: 'Legazpi'
Warning (code 1292): Truncated incorrect DOUBLE value: 'Silang'
Warning (code 1292): Truncated incorrect DOUBLE value: 'Ormoc'
Warning (code 1292): Truncated incorrect DOUBLE value: 'San Carlos'
Warning (code 1292): Truncated incorrect DOUBLE value: 'Kabankalan'
Warning (code 1292): Truncated incorrect DOUBLE value: 'Talisay'
Warning (code 1292): Truncated incorrect DOUBLE value: 'Valencia'
Warning (code 1292): Truncated incorrect DOUBLE value: 'Calbayog'
Warning (code 1292): Truncated incorrect DOUBLE value: 'Santa Maria'
Warning (code 1292): Truncated incorrect DOUBLE value: 'Pagadian'
Warning (code 1292): Truncated incorrect DOUBLE value: 'Cadiz'
Warning (code 1292): Truncated incorrect DOUBLE value: 'Bago'
Warning (code 1292): Truncated incorrect DOUBLE value: 'Toledo'
Warning (code 1292): Truncated incorrect DOUBLE value: 'Naga'
Warning (code 1292): Truncated incorrect DOUBLE value: 'San Mateo'
Warning (code 1292): Truncated incorrect DOUBLE value: 'Panabo'
Warning (code 1292): Truncated incorrect DOUBLE value: 'Koronadal'
Warning (code 1292): Truncated incorrect DOUBLE value: 'Marawi'
Warning (code 1292): Truncated incorrect DOUBLE value: 'Dagupan'
Warning (code 1292): Truncated incorrect DOUBLE value: 'Sagay'
Warning (code 1292): Truncated incorrect DOUBLE value: 'Roxas'
Warning (code 1292): Truncated incorrect DOUBLE value: 'Lubao'
Warning (code 1292): Truncated incorrect DOUBLE value: 'Digos'
Warning (code 1292): Truncated incorrect DOUBLE value: 'San Miguel'
Warning (code 1292): Truncated incorrect DOUBLE value: 'Malaybalay'
Warning (code 1292): Truncated incorrect DOUBLE value: 'Tuguegarao'
Warning (code 1292): Truncated incorrect DOUBLE value: 'Ilagan'
Warning (code 1292): Truncated incorrect DOUBLE value: 'Baliuag'
Warning (code 1292): Truncated incorrect DOUBLE value: 'Surigao'
Warning (code 1292): Truncated incorrect DOUBLE value: 'San Carlos'
Warning (code 1292): Truncated incorrect DOUBLE value: 'San Juan del Monte'
Warning (code 1292): Truncated incorrect DOUBLE value: 'Tanauan'
Warning (code 1292): Truncated incorrect DOUBLE value: 'Concepcion'
Warning (code 1292): Truncated incorrect DOUBLE value: 'Rodriguez (Montalban)'
Warning (code 1292): Truncated incorrect DOUBLE value: 'Sariaya'
Warning (code 1292): Truncated incorrect DOUBLE value: 'Malasiqui'
Warning (code 1292): Truncated incorrect DOUBLE value: 'General Mariano Alvarez'
Warning (code 1292): Truncated incorrect DOUBLE value: 'Urdaneta'
Warning (code 1292): Truncated incorrect DOUBLE value: 'Hagonoy'
Warning (code 1292): Truncated incorrect DOUBLE value: 'San Jose'
Warning (code 1292): Truncated incorrect DOUBLE value: 'Polomolok'
Warning (code 1292): Truncated incorrect DOUBLE value: 'Santiago'
Warning (code 1292): Truncated incorrect DOUBLE value: 'Tanza'
Warning (code 1292): Truncated incorrect DOUBLE value: 'Ozamis'
Warning (code 1292): Truncated incorrect DOUBLE value: 'Mexico'
Warning (code 1292): Truncated incorrect DOUBLE value: 'San Jose'
Warning (code 1292): Truncated incorrect DOUBLE value: 'Silay'
Warning (code 1292): Truncated incorrect DOUBLE value: 'General Trias'
Warning (code 1292): Truncated incorrect DOUBLE value: 'Tabaco'
Warning (code 1292): Truncated incorrect DOUBLE value: 'Cabuyao'
Warning (code 1292): Truncated incorrect DOUBLE value: 'Calapan'
Warning (code 1292): Truncated incorrect DOUBLE value: 'Mati'
Warning (code 1292): Truncated incorrect DOUBLE value: 'Midsayap'
Warning (code 1292): Truncated incorrect DOUBLE value: 'Cauayan'
Warning (code 1292): Truncated incorrect DOUBLE value: 'Gingoog'
Warning (code 1292): Truncated incorrect DOUBLE value: 'Dumaguete'
Warning (code 1292): Truncated incorrect DOUBLE value: 'San Fernando'
Warning (code 1292): Truncated incorrect DOUBLE value: 'Arayat'
Warning (code 1292): Truncated incorrect DOUBLE value: 'Bayawan (Tulong)'
Warning (code 1292): Truncated incorrect DOUBLE value: 'Kidapawan'
Warning (code 1292): Truncated incorrect DOUBLE value: 'Daraga (Locsin)'
Warning (code 1292): Truncated incorrect DOUBLE value: 'Marilao'
Warning (code 1292): Truncated incorrect DOUBLE value: 'Malita'
Warning (code 1292): Truncated incorrect DOUBLE value: 'Dipolog'
Warning (code 1292): Truncated incorrect DOUBLE value: 'Cavite'
Warning (code 1292): Truncated incorrect DOUBLE value: 'Danao'
Warning (code 1292): Truncated incorrect DOUBLE value: 'Bislig'
Warning (code 1292): Truncated incorrect DOUBLE value: 'Talavera'
Warning (code 1292): Truncated incorrect DOUBLE value: 'Guagua'
Warning (code 1292): Truncated incorrect DOUBLE value: 'Bayambang'
Warning (code 1292): Truncated incorrect DOUBLE value: 'Nasugbu'
Warning (code 1292): Truncated incorrect DOUBLE value: 'Baybay'
Warning (code 1292): Truncated incorrect DOUBLE value: 'Capas'
Warning (code 1292): Truncated incorrect DOUBLE value: 'Sultan Kudarat'
Warning (code 1292): Truncated incorrect DOUBLE value: 'Laoag'
Warning (code 1292): Truncated incorrect DOUBLE value: 'Bayugan'
Warning (code 1292): Truncated incorrect DOUBLE value: 'Malungon'
Warning (code 1292): Truncated incorrect DOUBLE value: 'Santa Cruz'
Warning (code 1292): Truncated incorrect DOUBLE value: 'Sorsogon'
Warning (code 1292): Truncated incorrect DOUBLE value: 'Candelaria'
Warning (code 1292): Truncated incorrect DOUBLE value: 'Ligao'
Warning (code 1292): Truncated incorrect DOUBLE value: 'Tórshavn'
Warning (code 1292): Truncated incorrect DOUBLE value: 'Libreville'
Warning (code 1292): Truncated incorrect DOUBLE value: 'Serekunda'
Warning (code 1292): Truncated incorrect DOUBLE value: 'Banjul'
Warning (code 1292): Truncated incorrect DOUBLE value: 'Tbilisi'
Warning (code 1292): Truncated incorrect DOUBLE value: 'Kutaisi'
Warning (code 1292): Truncated incorrect DOUBLE value: 'Rustavi'
Warning (code 1292): Truncated incorrect DOUBLE value: 'Batumi'
Warning (code 1292): Truncated incorrect DOUBLE value: 'Sohumi'
Warning (code 1292): Truncated incorrect DOUBLE value: 'Accra'
Warning (code 1292): Truncated incorrect DOUBLE value: 'Kumasi'
Warning (code 1292): Truncated incorrect DOUBLE value: 'Tamale'
Warning (code 1292): Truncated incorrect DOUBLE value: 'Tema'
Warning (code 1292): Truncated incorrect DOUBLE value: 'Sekondi-Takoradi'
Warning (code 1292): Truncated incorrect DOUBLE value: 'Gibraltar'
Warning (code 1292): Truncated incorrect DOUBLE value: 'Saint George´s'
Warning (code 1292): Truncated incorrect DOUBLE value: 'Nuuk'
Warning (code 1292): Truncated incorrect DOUBLE value: 'Les Abymes'
Warning (code 1292): Truncated incorrect DOUBLE value: 'Basse-Terre'
Warning (code 1292): Truncated incorrect DOUBLE value: 'Tamuning'
Warning (code 1292): Truncated incorrect DOUBLE value: 'Agaña'
Warning (code 1292): Truncated incorrect DOUBLE value: 'Ciudad de Guatemala'
Warning (code 1292): Truncated incorrect DOUBLE value: 'Mixco'
Warning (code 1292): Truncated incorrect DOUBLE value: 'Villa Nueva'
Warning (code 1292): Truncated incorrect DOUBLE value: 'Quetzaltenango'
Warning (code 1292): Truncated incorrect DOUBLE value: 'Conakry'
Warning (code 1292): Truncated incorrect DOUBLE value: 'Bissau'
Warning (code 1292): Truncated incorrect DOUBLE value: 'Georgetown'
Warning (code 1292): Truncated incorrect DOUBLE value: 'Port-au-Prince'
Warning (code 1292): Truncated incorrect DOUBLE value: 'Carrefour'
Warning (code 1292): Truncated incorrect DOUBLE value: 'Delmas'
Warning (code 1292): Truncated incorrect DOUBLE value: 'Le-Cap-Haïtien'
Warning (code 1292): Truncated incorrect DOUBLE value: 'Tegucigalpa'
Warning (code 1292): Truncated incorrect DOUBLE value: 'San Pedro Sula'
Warning (code 1292): Truncated incorrect DOUBLE value: 'La Ceiba'
Warning (code 1292): Truncated incorrect DOUBLE value: 'Kowloon and New Kowloon'
Warning (code 1292): Truncated incorrect DOUBLE value: 'Victoria'
Warning (code 1292): Truncated incorrect DOUBLE value: 'Longyearbyen'
Warning (code 1292): Truncated incorrect DOUBLE value: 'Jakarta'
Warning (code 1292): Truncated incorrect DOUBLE value: 'Surabaya'
Warning (code 1292): Truncated incorrect DOUBLE value: 'Bandung'
Warning (code 1292): Truncated incorrect DOUBLE value: 'Medan'
Warning (code 1292): Truncated incorrect DOUBLE value: 'Palembang'
Warning (code 1292): Truncated incorrect DOUBLE value: 'Tangerang'
Warning (code 1292): Truncated incorrect DOUBLE value: 'Semarang'
Warning (code 1292): Truncated incorrect DOUBLE value: 'Ujung Pandang'
Warning (code 1292): Truncated incorrect DOUBLE value: 'Malang'
Warning (code 1292): Truncated incorrect DOUBLE value: 'Bandar Lampung'
Warning (code 1292): Truncated incorrect DOUBLE value: 'Bekasi'
Warning (code 1292): Truncated incorrect DOUBLE value: 'Padang'
Warning (code 1292): Truncated incorrect DOUBLE value: 'Surakarta'
Warning (code 1292): Truncated incorrect DOUBLE value: 'Banjarmasin'
Warning (code 1292): Truncated incorrect DOUBLE value: 'Pekan Baru'
Warning (code 1292): Truncated incorrect DOUBLE value: 'Denpasar'
Warning (code 1292): Truncated incorrect DOUBLE value: 'Yogyakarta'
Warning (code 1292): Truncated incorrect DOUBLE value: 'Pontianak'
Warning (code 1292): Truncated incorrect DOUBLE value: 'Samarinda'
Warning (code 1292): Truncated incorrect DOUBLE value: 'Jambi'
Warning (code 1292): Truncated incorrect DOUBLE value: 'Depok'
Warning (code 1292): Truncated incorrect DOUBLE value: 'Cimahi'
Warning (code 1292): Truncated incorrect DOUBLE value: 'Balikpapan'
Warning (code 1292): Truncated incorrect DOUBLE value: 'Manado'
Warning (code 1292): Truncated incorrect DOUBLE value: 'Mataram'
Warning (code 1292): Truncated incorrect DOUBLE value: 'Pekalongan'
Warning (code 1292): Truncated incorrect DOUBLE value: 'Tegal'
Warning (code 1292): Truncated incorrect DOUBLE value: 'Bogor'
Warning (code 1292): Truncated incorrect DOUBLE value: 'Ciputat'
Warning (code 1292): Truncated incorrect DOUBLE value: 'Pondokgede'
Warning (code 1292): Truncated incorrect DOUBLE value: 'Cirebon'
Warning (code 1292): Truncated incorrect DOUBLE value: 'Kediri'
Warning (code 1292): Truncated incorrect DOUBLE value: 'Ambon'
Warning (code 1292): Truncated incorrect DOUBLE value: 'Jember'
Warning (code 1292): Truncated incorrect DOUBLE value: 'Cilacap'
Warning (code 1292): Truncated incorrect DOUBLE value: 'Cimanggis'
Warning (code 1292): Truncated incorrect DOUBLE value: 'Pematang Siantar'
Warning (code 1292): Truncated incorrect DOUBLE value: 'Purwokerto'
Warning (code 1292): Truncated incorrect DOUBLE value: 'Ciomas'
Warning (code 1292): Truncated incorrect DOUBLE value: 'Tasikmalaya'
Warning (code 1292): Truncated incorrect DOUBLE value: 'Madiun'
Warning (code 1292): Truncated incorrect DOUBLE value: 'Bengkulu'
Warning (code 1292): Truncated incorrect DOUBLE value: 'Karawang'
Warning (code 1292): Truncated incorrect DOUBLE value: 'Banda Aceh'
Warning (code 1292): Truncated incorrect DOUBLE value: 'Palu'
Warning (code 1292): Truncated incorrect DOUBLE value: 'Pasuruan'
Warning (code 1292): Truncated incorrect DOUBLE value: 'Kupang'
Warning (code 1292): Truncated incorrect DOUBLE value: 'Tebing Tinggi'
Warning (code 1292): Truncated incorrect DOUBLE value: 'Percut Sei Tuan'
Warning (code 1292): Truncated incorrect DOUBLE value: 'Binjai'
Warning (code 1292): Truncated incorrect DOUBLE value: 'Sukabumi'
Warning (code 1292): Truncated incorrect DOUBLE value: 'Waru'
Warning (code 1292): Truncated incorrect DOUBLE value: 'Pangkal Pinang'
Warning (code 1292): Truncated incorrect DOUBLE value: 'Magelang'
Warning (code 1292): Truncated incorrect DOUBLE value: 'Blitar'
Warning (code 1292): Truncated incorrect DOUBLE value: 'Serang'
Warning (code 1292): Truncated incorrect DOUBLE value: 'Probolinggo'
Warning (code 1292): Truncated incorrect DOUBLE value: 'Cilegon'
Warning (code 1292): Truncated incorrect DOUBLE value: 'Cianjur'
Warning (code 1292): Truncated incorrect DOUBLE value: 'Ciparay'
Warning (code 1292): Truncated incorrect DOUBLE value: 'Lhokseumawe'
Warning (code 1292): Truncated incorrect DOUBLE value: 'Taman'
Warning (code 1292): Truncated incorrect DOUBLE value: 'Depok'
Warning (code 1292): Truncated incorrect DOUBLE value: 'Citeureup'
Warning (code 1292): Truncated incorrect DOUBLE value: 'Pemalang'
Warning (code 1292): Truncated incorrect DOUBLE value: 'Klaten'
Warning (code 1292): Truncated incorrect DOUBLE value: 'Salatiga'
Warning (code 1292): Truncated incorrect DOUBLE value: 'Cibinong'
Warning (code 1292): Truncated incorrect DOUBLE value: 'Palangka Raya'
Warning (code 1292): Truncated incorrect DOUBLE value: 'Mojokerto'
Warning (code 1292): Truncated incorrect DOUBLE value: 'Purwakarta'
Warning (code 1292): Truncated incorrect DOUBLE value: 'Garut'
Warning (code 1292): Truncated incorrect DOUBLE value: 'Kudus'
Warning (code 1292): Truncated incorrect DOUBLE value: 'Kendari'
Warning (code 1292): Truncated incorrect DOUBLE value: 'Jaya Pura'
Warning (code 1292): Truncated incorrect DOUBLE value: 'Gorontalo'
Warning (code 1292): Truncated incorrect DOUBLE value: 'Majalaya'
Warning (code 1292): Truncated incorrect DOUBLE value: 'Pondok Aren'
Warning (code 1292): Truncated incorrect DOUBLE value: 'Jombang'
Warning (code 1292): Truncated incorrect DOUBLE value: 'Sunggal'
Warning (code 1292): Truncated incorrect DOUBLE value: 'Batam'
Warning (code 1292): Truncated incorrect DOUBLE value: 'Padang Sidempuan'
Warning (code 1292): Truncated incorrect DOUBLE value: 'Sawangan'
Warning (code 1292): Truncated incorrect DOUBLE value: 'Banyuwangi'
Warning (code 1292): Truncated incorrect DOUBLE value: 'Tanjung Pinang'
Warning (code 1292): Truncated incorrect DOUBLE value: 'Mumbai (Bombay)'
 MySQL  localhost:3306 ssl  world_x  SQL > select a.name, count(b.name) as total_city  from country a inner join city b  on a.code = b.countrycode  group by a.code limit 5;
+----------------------+------------+
| name                 | total_city |
+----------------------+------------+
| Afghanistan          |          4 |
| Netherlands          |         28 |
| Netherlands Antilles |          1 |
| Albania              |          1 |
| Algeria              |         18 |      select count(*) from city where
                                        -> select count(*) from city where co
                                        -> select count(*) from city where con
                                        -> select count(*) from city where cont _city  from country a inner join city b  on a.code = b.countrycode  group by
                                        -> select count(*) from city where contr
                                        -> select count(*) from city where contry orresponds to your MySQL server version for the right syntax to use near '
                                        -> select count(*) from city where contryc
                                        -> select count(*) from city where contrych y  from country a inner join city b  on a.code = b.countrycode  group by
                                        -> select count(*) from city where contrychd
                                        -> select count(*) from city where contrychds
                                        -> select count(*) from city where contrychdsu
                                        -> select count(*) from city where contrychdsuf
                                        -> select count(*) from city where contrychdsufh
                                        -> select count(*) from city where contrychdsuf
                                        -> select count(*) from city where contrychdsu
                                        -> select count(*) from city where contrychds  from country a inner join city b  on a.code = b.countrycode  group by
                                        -> select count(*) from city where contrychd
                                        -> select count(*) from city where contrych
                                        -> select count(*) from city where contryc
                                        -> select count(*) from city where contry
                                        -> select count(*) from city where contr
                                        -> select count(*) from city where cont
                                        -> select count(*) from city where con
                                        -> select count(*) from city where co
                                        -> ;
ERROR: 1064 (42000): You have an error in your SQL syntax; check the manual that corresponds to your MySQL server version for the right syntax to use near '' at line 1
 MySQL  localhost:3306 ssl  world_x  SQL > select a.name, count(b.name) as total_city  from country a inner join city b  on a.code = b.countrycode  group by a.code order by total_city desc limit 1;
+-------+------------+
| name  | total_city |
+-------+------------+
| China |        363 |
+-------+------------+
1 row in set (0.0044 sec)
 MySQL  localhost:3306 ssl  world_x  SQL > select a.name, count(b.name) as total_city  from country a inner join city b  on a.code = b.countrycode  group by a.code order by total_city asc limit 1;
+----------------------+------------+
| name                 | total_city |
+----------------------+------------+
| Netherlands Antilles |          1 |
+----------------------+------------+
1 row in set (0.0044 sec)
 MySQL  localhost:3306 ssl  world_x  SQL > select a.name, count(b.name) as total_city  from country a inner join city b  on a.code = b.countrycode  group by a.code limit 5;
+----------------------+------------+
| name                 | total_city |
+----------------------+------------+
| Afghanistan          |          4 |
| Netherlands          |         28 |
| Netherlands Antilles |          1 |
| Albania              |          1 |
| Algeria              |         18 |
+----------------------+------------+
5 rows in set (0.0046 sec)
 MySQL  localhost:3306 ssl  world_x  SQL > select a.name, count(*) as total from city a inner join city b on a.code =b.countrycode group by a.code;
ERROR: 1054 (42S22): Unknown column 'a.code' in 'on clause'
 MySQL  localhost:3306 ssl  world_x  SQL > select a.name, count(*) as total from city a inner join city b on a.code = b.countrycode group by a.code;
ERROR: 1054 (42S22): Unknown column 'a.code' in 'on clause'
 MySQL  localhost:3306 ssl  world_x  SQL > select a.name, count(*) as total from country a inner join city b on a.code = b.countrycode group by a.code;
+---------------------------------------+-------+
| name                                  | total |
+---------------------------------------+-------+
| Afghanistan                           |     4 |
| Netherlands                           |    28 |
| Netherlands Antilles                  |     1 |
| Albania                               |     1 |
| Algeria                               |    18 |
| American Samoa                        |     2 |
| Andorra                               |     1 |
| Angola                                |     5 |
| Anguilla                              |     2 |
| Antigua and Barbuda                   |     1 |
| United Arab Emirates                  |     5 |
| Argentina                             |    57 |
| Armenia                               |     3 |
| Aruba                                 |     1 |
| Australia                             |    14 |
| Azerbaijan                            |     4 |
| Bahamas                               |     1 |
| Bahrain                               |     1 |
| Bangladesh                            |    24 |
| Barbados                              |     1 |
| Belgium                               |     9 |
| Belize                                |     2 |
| Benin                                 |     4 |
| Bermuda                               |     2 |
| Bhutan                                |     1 |
| Bolivia                               |     8 |
| Bosnia and Herzegovina                |     3 |
| Botswana                              |     2 |
| Brazil                                |   250 |
| United Kingdom                        |    81 |
| Virgin Islands, British               |     1 |
| Brunei                                |     1 |
| Bulgaria                              |    10 |
| Burkina Faso                          |     3 |
| Burundi                               |     1 |
| Cayman Islands                        |     1 |
| Chile                                 |    29 |
| Cook Islands                          |     1 |
| Costa Rica                            |     1 |
| Djibouti                              |     1 |
| Dominica                              |     1 |
| Dominican Republic                    |     6 |
| Ecuador                               |    15 |
| Egypt                                 |    37 |
| El Salvador                           |     7 |
| Eritrea                               |     1 |
| Spain                                 |    59 |
| South Africa                          |    44 |
| Ethiopia                              |     7 |
| Falkland Islands                      |     1 |
| Fiji Islands                          |     1 |
| Philippines                           |   136 |
| Faroe Islands                         |     1 |
| Gabon                                 |     1 |
| Gambia                                |     2 |
| Georgia                               |     5 |
| Ghana                                 |     5 |
| Gibraltar                             |     1 |
| Grenada                               |     1 |
| Greenland                             |     1 |
| Guadeloupe                            |     2 |
| Guam                                  |     2 |
| Guatemala                             |     4 |
| Guinea                                |     1 |
| Guinea-Bissau                         |     1 |
| Guyana                                |     1 |
| Haiti                                 |     4 |
| Honduras                              |     3 |
| Hong Kong                             |     2 |
| Svalbard and Jan Mayen                |     1 |
| Indonesia                             |    85 |
| India                                 |   341 |
| Iraq                                  |    15 |
| Iran                                  |    67 |
| Ireland                               |     2 |
| Iceland                               |     1 |
| Israel                                |    14 |
| Italy                                 |    58 |
| East Timor                            |     1 |
| Austria                               |     6 |
| Jamaica                               |     3 |
| Japan                                 |   248 |
| Yemen                                 |     6 |
| Jordan                                |     5 |
| Christmas Island                      |     1 |
| Yugoslavia                            |     8 |
| Cambodia                              |     3 |
| Cameroon                              |     7 |
| Canada                                |    49 |
| Cape Verde                            |     1 |
| Kazakstan                             |    21 |
| Kenya                                 |     8 |
| Central African Republic              |     1 |
| China                                 |   363 |
| Kyrgyzstan                            |     2 |
| Kiribati                              |     2 |
| Colombia                              |    38 |
| Comoros                               |     1 |
| Congo                                 |     2 |
| Congo, The Democratic Republic of the |    18 |
| Cocos (Keeling) Islands               |     2 |
| North Korea                           |    13 |
| South Korea                           |    70 |
| Greece                                |     8 |
| Croatia                               |     4 |
| Cuba                                  |    14 |
| Kuwait                                |     3 |
| Cyprus                                |     2 |
| Laos                                  |     2 |
| Latvia                                |     3 |
| Lesotho                               |     1 |
| Lebanon                               |     2 |
| Liberia                               |     1 |
| Libyan Arab Jamahiriya                |     4 |
| Liechtenstein                         |     2 |
| Lithuania                             |     5 |
| Luxembourg                            |     1 |
| Western Sahara                        |     1 |
| Macao                                 |     1 |
| Madagascar                            |     5 |
| Macedonia                             |     1 |
| Malawi                                |     2 |
| Maldives                              |     1 |
| Malaysia                              |    18 |
| Mali                                  |     1 |
| Malta                                 |     2 |
| Morocco                               |    22 |
| Marshall Islands                      |     1 |
| Martinique                            |     1 |
| Mauritania                            |     2 |
| Mauritius                             |     3 |
| Mayotte                               |     1 |
| Mexico                                |   173 |
| Micronesia, Federated States of       |     2 |
| Moldova                               |     4 |
| Monaco                                |     2 |
| Mongolia                              |     1 |
| Montserrat                            |     1 |
| Mozambique                            |    12 |
| Myanmar                               |    16 |
| Namibia                               |     1 |
| Nauru                                 |     2 |
| Nepal                                 |     5 |
| Nicaragua                             |     4 |
| Niger                                 |     3 |
| Nigeria                               |    64 |
| Niue                                  |     1 |
| Norfolk Island                        |     1 |
| Norway                                |     5 |
| Côte dIvoire                          |     5 |
| Oman                                  |     5 |
| Pakistan                              |    59 |
| Palau                                 |     1 |
| Panama                                |     2 |
| Papua New Guinea                      |     1 |
| Paraguay                              |     5 |
| Peru                                  |    22 |
| Pitcairn                              |     1 |
| Northern Mariana Islands              |     1 |
| Portugal                              |     5 |
| Puerto Rico                           |     9 |
| Poland                                |    44 |
| Equatorial Guinea                     |     1 |
| Qatar                                 |     1 |
| France                                |    40 |
| French Guiana                         |     1 |
| French Polynesia                      |     2 |
| Réunion                               |     1 |
| Romania                               |    29 |
| Rwanda                                |     1 |
| Sweden                                |    15 |
| Saint Helena                          |     1 |
| Saint Kitts and Nevis                 |     1 |
| Saint Lucia                           |     1 |
| Saint Vincent and the Grenadines      |     1 |
| Saint Pierre and Miquelon             |     1 |
| Germany                               |    93 |
| Solomon Islands                       |     1 |
| Zambia                                |     7 |
| Samoa                                 |     1 |
| San Marino                            |     2 |
| Sao Tome and Principe                 |     1 |
| Saudi Arabia                          |    24 |
| Senegal                               |     9 |
| Seychelles                            |     1 |
| Sierra Leone                          |     1 |
| Singapore                             |     1 |
| Slovakia                              |     3 |
| Slovenia                              |     2 |
| Somalia                               |     3 |
| Sri Lanka                             |     7 |
| Sudan                                 |    12 |
| Finland                               |     7 |
| Suriname                              |     1 |
| Swaziland                             |     1 |
| Switzerland                           |     5 |
| Syria                                 |    11 |
| Tajikistan                            |     2 |
| Taiwan                                |    42 |
| Tanzania                              |    10 |
| Denmark                               |     5 |
| Thailand                              |    12 |
| Togo                                  |     1 |
| Tokelau                               |     1 |
| Tonga                                 |     1 |
| Trinidad and Tobago                   |     2 |
| Chad                                  |     2 |
| Czech Republic                        |    10 |
| Tunisia                               |     8 |
| Turkey                                |    62 |
| Turkmenistan                          |     4 |
| Turks and Caicos Islands              |     1 |
| Tuvalu                                |     1 |
| Uganda                                |     1 |
| Ukraine                               |    57 |
| Hungary                               |     9 |
| Uruguay                               |     1 |
| New Caledonia                         |     1 |
| New Zealand                           |     9 |
| Uzbekistan                            |    17 |
| Belarus                               |    16 |
| Wallis and Futuna                     |     1 |
| Vanuatu                               |     1 |
| Holy See (Vatican City State)         |     1 |
| Venezuela                             |    41 |
| Russian Federation                    |   189 |
| Vietnam                               |    22 |
| Estonia                               |     2 |
| United States                         |   274 |
| Virgin Islands, U.S.                  |     1 |
| Zimbabwe                              |     6 |
| Palestine                             |     6 |
+---------------------------------------+-------+
232 rows in set (0.0044 sec)
 MySQL  localhost:3306 ssl  world_x  SQL > select a.name, count(*) as total from country a inner join city b on a.code = b.countrycode group by a.code;
+---------------------------------------+-------+
| name                                  | total |
+---------------------------------------+-------+
| Afghanistan                           |     4 |
| Netherlands                           |    28 |
| Netherlands Antilles                  |     1 |
| Albania                               |     1 |
| Algeria                               |    18 |
| American Samoa                        |     2 |
| Andorra                               |     1 |
| Angola                                |     5 |
| Anguilla                              |     2 |
| Antigua and Barbuda                   |     1 |
| United Arab Emirates                  |     5 |
| Argentina                             |    57 |
| Armenia                               |     3 |
| Aruba                                 |     1 |
| Australia                             |    14 |
| Azerbaijan                            |     4 |
| Bahamas                               |     1 |
| Bahrain                               |     1 |
| Bangladesh                            |    24 |
| Barbados                              |     1 |
| Belgium                               |     9 |
| Belize                                |     2 |
| Benin                                 |     4 |
| Bermuda                               |     2 |
| Bhutan                                |     1 |
| Bolivia                               |     8 |
| Bosnia and Herzegovina                |     3 |
| Botswana                              |     2 |
| Brazil                                |   250 |
| United Kingdom                        |    81 |
| Virgin Islands, British               |     1 |
| Brunei                                |     1 |
| Bulgaria                              |    10 |
| Burkina Faso                          |     3 |
| Burundi                               |     1 |
| Cayman Islands                        |     1 |
| Chile                                 |    29 |
| Cook Islands                          |     1 |
| Costa Rica                            |     1 |
| Djibouti                              |     1 |
| Dominica                              |     1 |
| Dominican Republic                    |     6 |
| Ecuador                               |    15 |
| Egypt                                 |    37 |
| El Salvador                           |     7 |
| Eritrea                               |     1 |
| Spain                                 |    59 |
| South Africa                          |    44 |
| Ethiopia                              |     7 |
| Falkland Islands                      |     1 |
| Fiji Islands                          |     1 |
| Philippines                           |   136 |
| Faroe Islands                         |     1 |
| Gabon                                 |     1 |
| Gambia                                |     2 |
| Georgia                               |     5 |
| Ghana                                 |     5 |
| Gibraltar                             |     1 |
| Grenada                               |     1 |
| Greenland                             |     1 |
| Guadeloupe                            |     2 |
| Guam                                  |     2 |
| Guatemala                             |     4 |
| Guinea                                |     1 |
| Guinea-Bissau                         |     1 |
| Guyana                                |     1 |
| Haiti                                 |     4 |
| Honduras                              |     3 |
| Hong Kong                             |     2 |
| Svalbard and Jan Mayen                |     1 |
| Indonesia                             |    85 |
| India                                 |   341 |
| Iraq                                  |    15 |
| Iran                                  |    67 |
| Ireland                               |     2 |
| Iceland                               |     1 |
| Israel                                |    14 |
| Italy                                 |    58 |
| East Timor                            |     1 |
| Austria                               |     6 |
| Jamaica                               |     3 |
| Japan                                 |   248 |
| Yemen                                 |     6 |
| Jordan                                |     5 |
| Christmas Island                      |     1 |
| Yugoslavia                            |     8 |
| Cambodia                              |     3 |
| Cameroon                              |     7 |
| Canada                                |    49 |
| Cape Verde                            |     1 |
| Kazakstan                             |    21 |
| Kenya                                 |     8 |
| Central African Republic              |     1 |
| China                                 |   363 |
| Kyrgyzstan                            |     2 |
| Kiribati                              |     2 |
| Colombia                              |    38 |
| Comoros                               |     1 |
| Congo                                 |     2 |
| Congo, The Democratic Republic of the |    18 |
| Cocos (Keeling) Islands               |     2 |
| North Korea                           |    13 |
| South Korea                           |    70 |
| Greece                                |     8 |
| Croatia                               |     4 |
| Cuba                                  |    14 |
| Kuwait                                |     3 |
| Cyprus                                |     2 |
| Laos                                  |     2 |
| Latvia                                |     3 |
| Lesotho                               |     1 |
| Lebanon                               |     2 |
| Liberia                               |     1 |
| Libyan Arab Jamahiriya                |     4 |
| Liechtenstein                         |     2 |
| Lithuania                             |     5 |
| Luxembourg                            |     1 |
| Western Sahara                        |     1 |
| Macao                                 |     1 |
| Madagascar                            |     5 |
| Macedonia                             |     1 |
| Malawi                                |     2 |
| Maldives                              |     1 |
| Malaysia                              |    18 |
| Mali                                  |     1 |
| Malta                                 |     2 |
| Morocco                               |    22 |
| Marshall Islands                      |     1 |
| Martinique                            |     1 |
| Mauritania                            |     2 |
| Mauritius                             |     3 |
| Mayotte                               |     1 |
| Mexico                                |   173 |
| Micronesia, Federated States of       |     2 |
| Moldova                               |     4 |
| Monaco                                |     2 |
| Mongolia                              |     1 |
| Montserrat                            |     1 |
| Mozambique                            |    12 |
| Myanmar                               |    16 |
| Namibia                               |     1 |
| Nauru                                 |     2 |
| Nepal                                 |     5 |
| Nicaragua                             |     4 |
| Niger                                 |     3 |
| Nigeria                               |    64 |
| Niue                                  |     1 |
| Norfolk Island                        |     1 |
| Norway                                |     5 |
| Côte dIvoire                          |     5 |
| Oman                                  |     5 |
| Pakistan                              |    59 |
| Palau                                 |     1 |
| Panama                                |     2 |
| Papua New Guinea                      |     1 |
| Paraguay                              |     5 |
| Peru                                  |    22 |
| Pitcairn                              |     1 |
| Northern Mariana Islands              |     1 |
| Portugal                              |     5 |
| Puerto Rico                           |     9 |
| Poland                                |    44 |
| Equatorial Guinea                     |     1 |
| Qatar                                 |     1 |
| France                                |    40 |
| French Guiana                         |     1 |
| French Polynesia                      |     2 |
| Réunion                               |     1 |
| Romania                               |    29 |
| Rwanda                                |     1 |
| Sweden                                |    15 |
| Saint Helena                          |     1 |
| Saint Kitts and Nevis                 |     1 |
| Saint Lucia                           |     1 |
| Saint Vincent and the Grenadines      |     1 |
| Saint Pierre and Miquelon             |     1 |
| Germany                               |    93 |
| Solomon Islands                       |     1 |
| Zambia                                |     7 |
| Samoa                                 |     1 |
| San Marino                            |     2 |
| Sao Tome and Principe                 |     1 |
| Saudi Arabia                          |    24 |
| Senegal                               |     9 |
| Seychelles                            |     1 |
| Sierra Leone                          |     1 |
| Singapore                             |     1 |
| Slovakia                              |     3 |
| Slovenia                              |     2 |
| Somalia                               |     3 |
| Sri Lanka                             |     7 |
| Sudan                                 |    12 |
| Finland                               |     7 |
| Suriname                              |     1 |
| Swaziland                             |     1 |
| Switzerland                           |     5 |
| Syria                                 |    11 |
| Tajikistan                            |     2 |
| Taiwan                                |    42 |
| Tanzania                              |    10 |
| Denmark                               |     5 |
| Thailand                              |    12 |
| Togo                                  |     1 |
| Tokelau                               |     1 |
| Tonga                                 |     1 |
| Trinidad and Tobago                   |     2 |
| Chad                                  |     2 |
| Czech Republic                        |    10 |
| Tunisia                               |     8 |
| Turkey                                |    62 |
| Turkmenistan                          |     4 |
| Turks and Caicos Islands              |     1 |
| Tuvalu                                |     1 |
| Uganda                                |     1 |
| Ukraine                               |    57 |
| Hungary                               |     9 |
| Uruguay                               |     1 |
| New Caledonia                         |     1 |
| New Zealand                           |     9 |
| Uzbekistan                            |    17 |
| Belarus                               |    16 |
| Wallis and Futuna                     |     1 |
| Vanuatu                               |     1 |
| Holy See (Vatican City State)         |     1 |
| Venezuela                             |    41 |
| Russian Federation                    |   189 |
| Vietnam                               |    22 |
| Estonia                               |     2 |
| United States                         |   274 |
| Virgin Islands, U.S.                  |     1 |
| Zimbabwe                              |     6 |
| Palestine                             |     6 |
+---------------------------------------+-------+
232 rows in set (0.0040 sec)
 MySQL  localhost:3306 ssl  world_x  SQL > select a.name, count(*) as total from country a inner join city b on a.code = b.countrycode group by a.code
                                        -> order by count(*) desc limit 1;
+-------+-------+
| name  | total |
+-------+-------+
| China |   363 |
+-------+-------+
1 row in set (0.0041 sec)
 MySQL  localhost:3306 ssl  world_x  SQL > select a.name, count(*) as total from country a inner join city b on a.code = b.countrycode group by a.code order by count(*) asc limit 1;
+----------------------+-------+
| name                 | total |
+----------------------+-------+
| Netherlands Antilles |     1 |
+----------------------+-------+
1 row in set (0.0040 sec)
 MySQL  localhost:3306 ssl  world_x  SQL >